Archive member included to satisfy reference by file (symbol)

CMakeFiles\Basic_workflow.dir/objects.a(unity_4_c.c.obj)
                              (--whole-archive)
CMakeFiles\Basic_workflow.dir/objects.a(unity_3_c.c.obj)
                              (--whole-archive)
CMakeFiles\Basic_workflow.dir/objects.a(unity_2_c.c.obj)
                              (--whole-archive)
CMakeFiles\Basic_workflow.dir/objects.a(unity_1_c.c.obj)
                              (--whole-archive)
CMakeFiles\Basic_workflow.dir/objects.a(unity_0_c.c.obj)
                              (--whole-archive)
CMakeFiles\Basic_workflow.dir/objects.a(MySWC.c.obj)
                              (--whole-archive)
CMakeFiles\Basic_workflow.dir/objects.a(Det.c.obj)
                              (--whole-archive)
CMakeFiles\Basic_workflow.dir/objects.a(EcuM_Cfg.c.obj)
                              (--whole-archive)
CMakeFiles\Basic_workflow.dir/objects.a(EcuM_Cfg_PbExt.c.obj)
                              (--whole-archive)
CMakeFiles\Basic_workflow.dir/objects.a(EcuM_Cfg_RbMo.c.obj)
                              (--whole-archive)
CMakeFiles\Basic_workflow.dir/objects.a(EcuM_Cfg_Shutdown.c.obj)
                              (--whole-archive)
CMakeFiles\Basic_workflow.dir/objects.a(EcuM_Cfg_Sleep.c.obj)
                              (--whole-archive)
CMakeFiles\Basic_workflow.dir/objects.a(EcuM_Cfg_Startup.c.obj)
                              (--whole-archive)
CMakeFiles\Basic_workflow.dir/objects.a(EcuM_Cfg_SynchPoint.c.obj)
                              (--whole-archive)
CMakeFiles\Basic_workflow.dir/objects.a(EcuM_Lcfg.c.obj)
                              (--whole-archive)
CMakeFiles\Basic_workflow.dir/objects.a(EcuM_PBcfg.c.obj)
                              (--whole-archive)
CMakeFiles\Basic_workflow.dir/objects.a(EcuM_Callout_Stubs.c.obj)
                              (--whole-archive)
CMakeFiles\Basic_workflow.dir/objects.a(EcuM_BootTarget.c.obj)
                              (--whole-archive)
CMakeFiles\Basic_workflow.dir/objects.a(EcuM_CurrentState.c.obj)
                              (--whole-archive)
CMakeFiles\Basic_workflow.dir/objects.a(EcuM_KillAllRequests.c.obj)
                              (--whole-archive)
CMakeFiles\Basic_workflow.dir/objects.a(EcuM_MainFunction.c.obj)
                              (--whole-archive)
CMakeFiles\Basic_workflow.dir/objects.a(EcuM_Misc.c.obj)
                              (--whole-archive)
CMakeFiles\Basic_workflow.dir/objects.a(EcuM_Prv.c.obj)
                              (--whole-archive)
CMakeFiles\Basic_workflow.dir/objects.a(EcuM_Prv_RteActions.c.obj)
                              (--whole-archive)
CMakeFiles\Basic_workflow.dir/objects.a(EcuM_ReleasePOST_RUN.c.obj)
                              (--whole-archive)
CMakeFiles\Basic_workflow.dir/objects.a(EcuM_ReleaseRUN.c.obj)
                              (--whole-archive)
CMakeFiles\Basic_workflow.dir/objects.a(EcuM_RequestPOST_RUN.c.obj)
                              (--whole-archive)
CMakeFiles\Basic_workflow.dir/objects.a(EcuM_RequestRUN.c.obj)
                              (--whole-archive)
CMakeFiles\Basic_workflow.dir/objects.a(EcuM_SetState.c.obj)
                              (--whole-archive)
CMakeFiles\Basic_workflow.dir/objects.a(EcuM_Shutdown.c.obj)
                              (--whole-archive)
CMakeFiles\Basic_workflow.dir/objects.a(EcuM_ShutdownServices.c.obj)
                              (--whole-archive)
CMakeFiles\Basic_workflow.dir/objects.a(EcuM_Sleep.c.obj)
                              (--whole-archive)
CMakeFiles\Basic_workflow.dir/objects.a(EcuM_Startup.c.obj)
                              (--whole-archive)
CMakeFiles\Basic_workflow.dir/objects.a(EcuM_WakeupServices.c.obj)
                              (--whole-archive)
CMakeFiles\Basic_workflow.dir/objects.a(Rte.c.obj)
                              (--whole-archive)
CMakeFiles\Basic_workflow.dir/objects.a(Rte_Lib.c.obj)
                              (--whole-archive)
CMakeFiles\Basic_workflow.dir/objects.a(Can_Device.cpp.obj)
                              (--whole-archive)
CMakeFiles\Basic_workflow.dir/objects.a(Can_HwProvider.cpp.obj)
                              (--whole-archive)
CMakeFiles\Basic_workflow.dir/objects.a(Can_Implementation.cpp.obj)
                              (--whole-archive)
CMakeFiles\Basic_workflow.dir/objects.a(Mcu_Device.cpp.obj)
                              (--whole-archive)
CMakeFiles\Basic_workflow.dir/objects.a(Mcu_Implementation.cpp.obj)
                              (--whole-archive)
CMakeFiles\Basic_workflow.dir/objects.a(VirtualCan.cpp.obj)
                              (--whole-archive)
CMakeFiles\Basic_workflow.dir/objects.a(VRTA_SystemClock.cpp.obj)
                              (--whole-archive)
CMakeFiles\Basic_workflow.dir/objects.a(Vrta_Cfg.cpp.obj)
                              (--whole-archive)
[...]
Memory Configuration

Name             Origin             Length             Attributes
*default*        0x00000000         0xffffffff

Linker script and memory map

                0x00400000                __image_base__ = 0x400000
                0x00000000                __dll__ = 0x0
                0x00400000                ___ImageBase = 0x400000
                0x00001000                __section_alignment__ = 0x1000
                0x00000200                __file_alignment__ = 0x200
                0x00000004                __major_os_version__ = 0x4
                0x00000000                __minor_os_version__ = 0x0
                0x00000000                __major_image_version__ = 0x0
                0x00000000                __minor_image_version__ = 0x0
                0x00000004                __major_subsystem_version__ = 0x4
                0x00000000                __minor_subsystem_version__ = 0x0
                0x00000003                __subsystem__ = 0x3
                0x00200000                __size_of_stack_reserve__ = 0x200000
                0x00001000                __size_of_stack_commit__ = 0x1000
                0x00100000                __size_of_heap_reserve__ = 0x100000
                0x00001000                __size_of_heap_commit__ = 0x1000
                0x00000000                __loader_flags__ = 0x0
                0x00000000                __dll_characteristics__ = 0x0
LOAD c:/mingw/bin/../lib/gcc/mingw32/6.3.0/../../../crt2.o
LOAD c:/mingw/bin/../lib/gcc/mingw32/6.3.0/crtbegin.o
LOAD CMakeFiles\Basic_workflow.dir/objects.a
LOAD C:/ETAS/RTA-CAR_12.2.0/RTA-CAR/workspace/Basic_Workflow/build/../src/os\RTAOS.lib
LOAD c:/mingw/bin/../lib/gcc/mingw32/6.3.0/../../..\libwinmm.a
LOAD c:/mingw/bin/../lib/gcc/mingw32/6.3.0/../../..\libws2_32.a
LOAD c:/mingw/bin/../lib/gcc/mingw32/6.3.0\libstdc++.a
LOAD c:/mingw/bin/../lib/gcc/mingw32/6.3.0/../../..\libkernel32.a
LOAD c:/mingw/bin/../lib/gcc/mingw32/6.3.0/../../..\libuser32.a
LOAD c:/mingw/bin/../lib/gcc/mingw32/6.3.0/../../..\libgdi32.a
LOAD c:/mingw/bin/../lib/gcc/mingw32/6.3.0/../../..\libwinspool.a
LOAD c:/mingw/bin/../lib/gcc/mingw32/6.3.0/../../..\libshell32.a
LOAD c:/mingw/bin/../lib/gcc/mingw32/6.3.0/../../..\libole32.a
LOAD c:/mingw/bin/../lib/gcc/mingw32/6.3.0/../../..\liboleaut32.a
LOAD c:/mingw/bin/../lib/gcc/mingw32/6.3.0/../../..\libuuid.a
LOAD c:/mingw/bin/../lib/gcc/mingw32/6.3.0/../../..\libcomdlg32.a
LOAD c:/mingw/bin/../lib/gcc/mingw32/6.3.0/../../..\libadvapi32.a
LOAD c:/mingw/bin/../lib/gcc/mingw32/6.3.0\libstdc++.a
LOAD c:/mingw/bin/../lib/gcc/mingw32/6.3.0/../../..\libmingw32.a
LOAD c:/mingw/bin/../lib/gcc/mingw32/6.3.0\libgcc.a
LOAD c:/mingw/bin/../lib/gcc/mingw32/6.3.0\libgcc_eh.a
LOAD c:/mingw/bin/../lib/gcc/mingw32/6.3.0/../../..\libmoldname.a
LOAD c:/mingw/bin/../lib/gcc/mingw32/6.3.0/../../..\libmingwex.a
LOAD c:/mingw/bin/../lib/gcc/mingw32/6.3.0/../../..\libmsvcrt.a
LOAD c:/mingw/bin/../lib/gcc/mingw32/6.3.0/../../..\libadvapi32.a
LOAD c:/mingw/bin/../lib/gcc/mingw32/6.3.0/../../..\libshell32.a
LOAD c:/mingw/bin/../lib/gcc/mingw32/6.3.0/../../..\libuser32.a
LOAD c:/mingw/bin/../lib/gcc/mingw32/6.3.0/../../..\libkernel32.a
LOAD c:/mingw/bin/../lib/gcc/mingw32/6.3.0/../../..\libmingw32.a
LOAD c:/mingw/bin/../lib/gcc/mingw32/6.3.0\libgcc.a
LOAD c:/mingw/bin/../lib/gcc/mingw32/6.3.0\libgcc_eh.a
LOAD c:/mingw/bin/../lib/gcc/mingw32/6.3.0/../../..\libmoldname.a
LOAD c:/mingw/bin/../lib/gcc/mingw32/6.3.0/../../..\libmingwex.a
LOAD c:/mingw/bin/../lib/gcc/mingw32/6.3.0/../../..\libmsvcrt.a
LOAD c:/mingw/bin/../lib/gcc/mingw32/6.3.0/crtend.o
                0x000003f8                . = SIZEOF_HEADERS
                0x00001000                . = ALIGN (__section_alignment__)

.text           0x00401000    0x34600
 *(.init)
 *(.text)
 .text          0x00401000      0x340 c:/mingw/bin/../lib/gcc/mingw32/6.3.0/../../../crt2.o
                0x004012a0                _mingw32_init_mainargs
                0x004012e0                mainCRTStartup
                0x00401300                WinMainCRTStartup
                0x00401320                atexit
                0x00401330                _onexit
 .text          0x00401340      0x120 c:/mingw/bin/../lib/gcc/mingw32/6.3.0/crtbegin.o
                0x00401340                __gcc_register_frame
                0x00401430                __gcc_deregister_frame
 .text          0x00401460      0xb6c CMakeFiles\Basic_workflow.dir/objects.a(unity_4_c.c.obj)
                0x00401460                PduR_GetConfigurationId
                0x00401475                PduR_dGetConfigurationId
                0x00401492                PduR_iGetConfigurationId
                0x004014a4                PduR_Init
                0x004014b8                PduR_dInit
                0x004014d5                PduR_iInit
                0x00401502                PduR_iInit_multicast
                0x00401529                PduR_invId_IfTriggerTransmit
                0x0040153d                PduR_invId_UpCancelReceive
                0x00401551                PduR_invId_UpCancelTransmit
                0x00401565                PduR_MF_UpToLo
                0x004016c2                PduR_MF_CancelTransmit_UpToLo
                0x0040174b                PduR_MF_Com_Transmit_Func
                0x0040177b                PduR_GwMcTx_Transmit_Func
                0x004017a9                PduR_NF_TriggerTransmit_Func
                0x004017bd                rba_BswSrv_FifoPeek
                0x004017cf                rba_BswSrv_FifoPop
                0x004017e1                rba_BswSrv_FifoPush
                0x004017f3                rba_BswSrv_FifoInitPush
                0x00401805                rba_BswSrv_FifoInitPop
                0x00401817                rba_BswSrv_MemCompare
                0x00401961                rba_BswSrv_MemCopy
                0x00401a35                rba_BswSrv_MemSet
                0x00401b16                rba_DiagLib_ByteOrderUtils_Dummy
                0x00401b20                Dem_ReportErrorStatus
                0x00401b36                Dem_SetEventStatus
                0x00401b4c                Can_Init
                0x00401b60                Can_InitController
                0x00401b82                Can_SetControllerMode
                0x00401bab                Can_DisableControllerInterrupts
                0x00401bc6                Can_EnableControllerInterrupts
                0x00401be1                Can_CheckWakeup
                0x00401bfb                Can_Write
                0x00401c2d                Can_MainFunction_Write
                0x00401c42                Can_MainFunction_Read
                0x00401c57                Can_MainFunction_BusOff
                0x00401c6c                Can_MainFunction_Wakeup
                0x00401c81                Can_MainFunction_Mode
                0x00401c8f                Can_DeInit
                0x00401c9d                Can_GetControllerErrorState
                0x00401cbe                Can_GetControllerMode
                0x00401cdf                Can_GetControllerRxErrorCounter
                0x00401d00                Can_GetControllerTxErrorCounter
                0x00401d21                Os_Entry_Can_IrqHandler
                0x00401d2f                mcal_warn
                0x00401d4a                mcal_error
                0x00401da5                mcal_printf
                0x00401df4                Mcu_Init
                0x00401e10                Mcu_InitRamSection
                0x00401e2b                Mcu_InitClock
                0x00401e46                Mcu_GetPllStatus
                0x00401e5a                Mcu_GetResetReason
                0x00401e6e                Mcu_GetResetRawValue
                0x00401e82                Mcu_PerformReset
                0x00401e97                Mcu_SetMode
                0x00401eb3                Os_Entry_InitTask
                0x00401ecb                ErrorHook
                0x00401f1e                StartupHook
                0x00401f2c                ShutdownHook
                0x00401f3b                Os_Cbk_Idle
                0x00401f64                Os_Cbk_GetStopwatch
                0x00401f77                Os_Cbk_CheckMemoryAccess
                0x00401f8a                Os_Entry_VECU_SystemClock_ISR
                0x00401fb9                vrta_app_main
 .text          0x00401fcc     0x14b0 CMakeFiles\Basic_workflow.dir/objects.a(unity_3_c.c.obj)
                0x00401fcc                ComM_MainFunction_Can_Network_Channel_Can_Network
                0x00401fe1                ComM_Prv_ValidateUserId
                0x00402006                ComM_Prv_getLeastBusSmMode
                0x00402057                ComM_Prv_UpdateChannelModes
                0x00402173                ComM_Nm_TransmissionFailure
                0x00402182                ComM_Nm_NetworkTimeoutException
                0x00402191                ComM_BusSM_BusSleepMode
                0x00402201                ComM_BusSM_ModeIndication
                0x00402226                ComM_CommunicationAllowed
                0x00402269                ComM_DCM_ActiveDiagnostic
                0x004022d0                ComM_DCM_InactiveDiagnostic
                0x00402301                ComM_DeInit
                0x0040235a                ComM_EcuM_PNCWakeUpIndication
                0x00402369                ComM_EcuM_WakeUpIndication
                0x004023d5                ComM_GetCurrentComMode
                0x00402430                ComM_GetCurrentPNCComMode
                0x00402478                ComM_GetMaxComMode
                0x004024ca                ComM_GetRequestedComMode
                0x00402537                ComM_GetStatus
                0x00402559                ComM_Init
                0x004026ad                ComM_Prv_ChannelMainFunction
                0x00402df3                ComM_Nm_BusSleepMode
                0x00402e6d                ComM_Nm_ForwardSynchronizedPncShutdown
                0x00402e7c                ComM_Nm_NetworkMode
                0x00402eeb                ComM_Nm_NetworkStartIndication
                0x00402f81                ComM_Nm_PrepareBusSleepMode
                0x00402fef                ComM_Nm_RestartIndication
                0x00403085                ComM_RequestComMode
                0x004031f0                PduR_ComTransmit
                0x00403212                PduR_CanIfTxConfirmation
                0x0040323c                PduR_CanIfRxIndication
                0x0040325f                PduR_dCanIfRxIndication
                0x00403301                PduR_dCanIfTxConfirmation
                0x0040338d                PduR_dComTransmit
                0x0040343f                PduR_DisableRouting
                0x00403455                PduR_EnableRouting
                0x00403465                PduR_GF_DDIf_NoBuf_TxConfirmation_Func
 .text          0x0040347c     0x43b8 CMakeFiles\Basic_workflow.dir/objects.a(unity_2_c.c.obj)
                0x0040347c                Com_GetStatus
                0x00403486                Com_Init
                0x00403893                Com_InvalidateSignal
                0x004038a7                Com_Prv_RxIPduStart
                0x004038bc                Com_Prv_TxIPduStart
                0x00403bc0                Com_Prv_TxIPduStop
                0x00403d10                Com_IpduGroupStart
                0x00404005                Com_IpduGroupStop
                0x00404340                Com_Prv_InternalMainFunctionTx
                0x00404f12                Com_IsTxScheduled
                0x00404fc2                Com_Prv_PackSignal
                0x00405146                Com_Prv_ProcessSignal
                0x004055c5                Com_ReceiveSignal
                0x004056ee                Com_Prv_CopyData_Sig_UnsignedType
                0x0040586f                Com_Prv_CopyData_Sig_SignedType
                0x00405989                Com_RxIndication
                0x00405afa                Com_Prv_ProcessRxIPdu
                0x00405b44                Com_Prv_InvokeRxNotifications
                0x00405c7d                Com_Prv_RxReplaceSignal
                0x00405e52                Com_Prv_SendIpdu
                0x004063f3                Com_SendSignal
                0x00406443                Com_Prv_InternalSendSignal
                0x00406831                Com_SwitchIpduTxMode
                0x00406ab7                Com_TriggerIPDUSend
                0x00406ba0                Com_TriggerTransmit
                0x00406c7e                Com_Prv_TxChangeMode
                0x004070ba                Com_Prv_SigTxChangeMode
                0x0040741d                Com_TxConfirmation
                0x004074a5                Com_Prv_InternalTxConfirmation
                0x00407665                Com_Prv_UnpackSignal
 .text          0x00407834     0x4360 CMakeFiles\Basic_workflow.dir/objects.a(unity_1_c.c.obj)
                0x00407834                CanIf_Integn_ControllerErrorPassive
                0x00407843                CanIf_ResetDynamicTxId
                0x00407853                CanIf_Rb_ReadTxPduCanId
                0x004078e7                CanIf_Rb_ReadRxPduCanId
                0x00407948                CanIf_ReturnTxPduId
                0x004079f2                CanIf_ReturnRxPduId
                0x00407aa5                CanIf_ReadTxNotifStatus
                0x00407b26                CanIf_ReadRxNotifStatus
                0x00407bc9                CanIf_Integn_RxIndication
                0x00407de2                CanIf_XCore_LocalCore_RxIndication
                0x00407e23                CanIf_Transmit
                0x00407ee2                CanIf_XCore_LocalCore_Transmit
                0x00408140                CanIf_Integn_TxConfirmation
                0x0040823d                CanIf_XCore_LocalCore_TxConfirmation
                0x00408274                CanSM_ControllerBusOff
                0x004085e5                CanSM_BusOffTransitions
                0x00408b57                CanSM_BOR_MultipleCtrlsStop
                0x00408c68                CanSM_BOR_CtrlsStart
                0x00408d9b                CanSM_Rb_DisableBusOffRecovery
                0x00408dc4                CanSM_GetMutex
                0x00408dfa                CanSM_GetBusoff_Substate
                0x00408e6d                CanSM_BOR_CtrlsStart_SilentCom
                0x0040902a                CanSM_ControllerModeIndication
                0x00409178                CanSM_GetCurrentComMode
                0x00409204                CanSM_Init
                0x00409478                CanSM_DeInitPnNotSupported
                0x004098b1                CanSM_GetHandle
                0x0040990e                CanSM_StopCtrl
                0x00409b5e                CanSM_StartCtrl
                0x00409d5d                CanSM_SleepCtrl
                0x00409e6b                CanSM_NO2FULL_COM
                0x0040a3cc                CanSM_FULL2SILENT_COM
                0x0040a4e1                CanSM_SILENT2FULL_COM
                0x0040a626                CanSM_TxTimeoutException_StateMachine
                0x0040a93b                CanSM_WakeUpValidation_StateMachine
                0x0040ac72                CanSM_PreNoCom_Exit
                0x0040ad60                CanSM_BOR_SilentCom_Exit
                0x0040ae95                CanSM_MainFunction
                0x0040b12d                CanSM_NetworkModeTrans
                0x0040b416                CanSM_GetNetworkMode_Substate
                0x0040b477                CanSM_RequestComMode
                0x0040b804                CanSM_StartWakeupSource
                0x0040b8c3                CanSM_StopWakeupSource
                0x0040b995                CanSM_TxTimeoutException
                0x0040b9f9                Com_MainFunctionRx_ComMainFunctionRx
                0x0040b9ff                Com_MainFunctionTx_ComMainFunctionTx
                0x0040ba14                Com_ByteCopy
                0x0040ba57                Com_DeInit
                0x0040bb31                Com_Prv_Filter
 .text          0x0040bb94     0x1dd4 CMakeFiles\Basic_workflow.dir/objects.a(unity_0_c.c.obj)
                0x0040bb94                BswM_Appl_IncompatibleGenerator
                0x0040bb9a                BswM_Init
                0x0040bc2e                BswM_Deinit
                0x0040bc3b                BswM_GetVersionInfo
                0x0040bc6e                BswM_MainFunction
                0x0040bd06                BswM_CanSM_CurrentState
                0x0040bd15                BswM_ComM_CurrentMode
                0x0040be5c                BswM_ComM_CurrentPNCMode
                0x0040be6b                BswM_ComM_InitiateReset
                0x0040be71                BswM_EcuM_CurrentState
                0x0040be80                BswM_EcuM_CurrentWakeup
                0x0040be8f                BswM_EcuM_RequestedState
                0x0040bea4                BswM_RequestMode
                0x0040c012                BswM_Prv_CopyModeInitValues
                0x0040c0e6                BswM_Prv_CopyRuleInitSates
                0x0040c48a                BswM_Prv_Evaluate_Action
                0x0040c4c7                BswM_Prv_Evaluate_ActionList
                0x0040c5ed                BswM_Prv_IntrptQueueIn
                0x0040c6c6                BswM_Prv_IntrptQueueOut
                0x0040c80a                BswM_Prv_GetComMMRPIndex_b
                0x0040c869                BswM_Prv_GetGenReqMRPIndex_b
                0x0040c8d2                BswM_Prv_ReqProcessOrQueue_b
                0x0040c964                BswM_Prv_RuleEval
                0x0040c9c8                BswM_Prv_ClearAllDeferredRequests
                0x0040ca66                BswM_Prv_StoreDeferredRequest
                0x0040cbbb                BswM_Prv_ProcessDeferredReqst
                0x0040cc93                BswM_Prv_GetComMIndicationInfo_en
                0x0040cd0f                BswM_Prv_GetGenReqInfo_en
                0x0040cda4                BswM_Prv_ProcessDelayedReqst
                0x0040cf18                BswM_Prv_Evaluate_Rule
                0x0040d02b                BswM_Prv_Arbitrate_Rule
                0x0040d0cc                BswM_WdgM_RequestPartitionReset
                0x0040d234                BswM_Cfg_ProcessSchMSwitchFunction
                0x0040d2a1                BswM_Cfg_ProcessUserCalloutFunction
                0x0040d2c5                BswM_Cfg_LE_BswM_LE_GoDown
                0x0040d2fc                BswM_Cfg_LE_BswM_LE_InitBlockReadAllComplete
                0x0040d333                BswM_Cfg_LE_BswM_LE_Run
                0x0040d3a2                BswM_Cfg_LE_BswM_LE_Shutdown
                0x0040d40e                BswM_Cfg_LE_BswM_LE_StartCom
                0x0040d445                BswM_Cfg_DfrdBswNotification_BswM_MRP_BswM_MDG_ECUM_STATE_APP_RUN
                0x0040d462                BswM_Cfg_DfrdBswNotification_BswM_MRP_BswM_MDG_ECUM_STATE_APP_POST_RUN
                0x0040d47f                BswM_Cfg_DfrdBswNotification_BswM_MRP_BswM_MDG_ECUM_STATE_PREP_SHUTDOWN
                0x0040d49c                BswM_Cfg_DfrdBswNotification_BswM_MRP_BswM_MDG_ECUM_STATE_RUN
                0x0040d4b9                CanIf_RxIndication
                0x0040d4d4                CanIf_TxConfirmation
                0x0040d4f0                CanIf_ControllerBusOff
                0x0040d50b                CanIf_ControllerModeIndication
                0x0040d52d                CanIf_ControllerErrorPassive
                0x0040d548                Can_Integn_SetControllerMode
                0x0040d569                Can_Integn_GetControllerMode
                0x0040d58a                Can_Integn_Write
                0x0040d5ac                CanIf_SetControllerMode
                0x0040d686                CanIf_GetControllerMode
                0x0040d740                CanIf_Integn_ControllerBusOff
                0x0040d799                CanIf_Integn_ControllerModeIndication
                0x0040d800                CanIf_Init
                0x0040d8a2                CanIf_DeInit
                0x0040d8a8                CanIf_SetPduMode
                0x0040d923                CanIf_GetPduMode
 .text          0x0040d968       0xa0 CMakeFiles\Basic_workflow.dir/objects.a(MySWC.c.obj)
                0x0040d968                RE_MySWC_func
 .text          0x0040da08       0xc0 CMakeFiles\Basic_workflow.dir/objects.a(Det.c.obj)
                0x0040da08                Det_Init
                0x0040da3c                Det_Start
                0x0040da42                Det_ReportError
                0x0040da6d                Det_ReportRuntimeError
                0x0040da98                Det_ReportTransientFault
 .text          0x0040dac8        0x0 CMakeFiles\Basic_workflow.dir/objects.a(EcuM_Cfg.c.obj)
 .text          0x0040dac8        0x8 CMakeFiles\Basic_workflow.dir/objects.a(EcuM_Cfg_PbExt.c.obj)
                0x0040dac8                EcuM_Prv_GetPbVariantIndex
 .text          0x0040dad0        0x8 CMakeFiles\Basic_workflow.dir/objects.a(EcuM_Cfg_RbMo.c.obj)
                0x0040dad0                EcuM_RbMoInitCheck
 .text          0x0040dad8        0x0 CMakeFiles\Basic_workflow.dir/objects.a(EcuM_Cfg_Shutdown.c.obj)
 .text          0x0040dad8        0xc CMakeFiles\Basic_workflow.dir/objects.a(EcuM_Cfg_Sleep.c.obj)
                0x0040dad8                EcuM_Prv_GetResource
                0x0040dade                EcuM_Prv_ReleaseResource
 .text          0x0040dae4       0x64 CMakeFiles\Basic_workflow.dir/objects.a(EcuM_Cfg_Startup.c.obj)
                0x0040dae4                EcuM_AL_DriverInitZero
                0x0040daea                EcuM_AL_DriverInitOne
 .text          0x0040db48        0x8 CMakeFiles\Basic_workflow.dir/objects.a(EcuM_Cfg_SynchPoint.c.obj)
                0x0040db48                EcuM_Synch_Point
 .text          0x0040db50        0x0 CMakeFiles\Basic_workflow.dir/objects.a(EcuM_Lcfg.c.obj)
 .text          0x0040db50        0x0 CMakeFiles\Basic_workflow.dir/objects.a(EcuM_PBcfg.c.obj)
 .text          0x0040db50       0x70 CMakeFiles\Basic_workflow.dir/objects.a(EcuM_Callout_Stubs.c.obj)
                0x0040db50                EcuM_ErrorHook
                0x0040db5f                EcuM_DeterminePbConfiguration
                0x0040db69                EcuM_OnGoOffOne
                0x0040db76                EcuM_OnGoOffTwo
                0x0040db83                EcuM_AL_SwitchOff
                0x0040db90                EcuM_AL_Reset
                0x0040db9f                EcuM_CheckWakeup
                0x0040dba5                EcuM_StartWakeupSources
                0x0040dbab                EcuM_StopWakeupSources
                0x0040dbb1                EcuM_CheckValidation
                0x0040dbb7                EcuM_SwitchOsAppMode
 .text          0x0040dbc0       0x7c CMakeFiles\Basic_workflow.dir/objects.a(EcuM_BootTarget.c.obj)
                0x0040dbc0                EcuM_GetBootTarget
                0x0040dbfb                EcuM_SelectBootTarget
 .text          0x0040dc3c        0x0 CMakeFiles\Basic_workflow.dir/objects.a(EcuM_CurrentState.c.obj)
 .text          0x0040dc3c        0x0 CMakeFiles\Basic_workflow.dir/objects.a(EcuM_KillAllRequests.c.obj)
 .text          0x0040dc3c      0x1c8 CMakeFiles\Basic_workflow.dir/objects.a(EcuM_MainFunction.c.obj)
                0x0040dc3c                EcuM_MainFunction
 .text          0x0040de04        0x0 CMakeFiles\Basic_workflow.dir/objects.a(EcuM_Misc.c.obj)
 .text          0x0040de04      0x4d8 CMakeFiles\Basic_workflow.dir/objects.a(EcuM_Prv.c.obj)
                0x0040de04                EcuM_Prv_WakeupIndication
                0x0040dfe7                EcuM_Prv_DecValidationCtr
                0x0040e009                EcuM_Prv_PBPointerConsistencyCheck
                0x0040e0b5                EcuM_Prv_SetDefinedMcuWakeupSource
                0x0040e11e                EcuM_Prv_StartOS
                0x0040e156                EcuM_Prv_hasCheckWakeupSourceGetHandle_b
                0x0040e17b                EcuM_Prv_ComMWakeupHandling
 .text          0x0040e2dc        0x0 CMakeFiles\Basic_workflow.dir/objects.a(EcuM_Prv_RteActions.c.obj)
 .text          0x0040e2dc        0x0 CMakeFiles\Basic_workflow.dir/objects.a(EcuM_ReleasePOST_RUN.c.obj)
 .text          0x0040e2dc        0x0 CMakeFiles\Basic_workflow.dir/objects.a(EcuM_ReleaseRUN.c.obj)
 .text          0x0040e2dc        0x0 CMakeFiles\Basic_workflow.dir/objects.a(EcuM_RequestPOST_RUN.c.obj)
 .text          0x0040e2dc        0x0 CMakeFiles\Basic_workflow.dir/objects.a(EcuM_RequestRUN.c.obj)
 .text          0x0040e2dc        0x0 CMakeFiles\Basic_workflow.dir/objects.a(EcuM_SetState.c.obj)
 .text          0x0040e2dc      0x110 CMakeFiles\Basic_workflow.dir/objects.a(EcuM_Shutdown.c.obj)
                0x0040e2dc                EcuM_GoDownHaltPoll
                0x0040e32b                EcuM_GoDown
                0x0040e3a5                EcuM_Shutdown
 .text          0x0040e3ec      0x150 CMakeFiles\Basic_workflow.dir/objects.a(EcuM_ShutdownServices.c.obj)
                0x0040e3ec                EcuM_SelectShutdownCause
                0x0040e42b                EcuM_GetShutdownCause
                0x0040e45c                EcuM_SelectShutdownTarget
                0x0040e4cb                EcuM_GetShutdownTarget
                0x0040e52a                EcuM_GetLastShutdownTarget
 .text          0x0040e53c        0x0 CMakeFiles\Basic_workflow.dir/objects.a(EcuM_Sleep.c.obj)
 .text          0x0040e53c       0xe4 CMakeFiles\Basic_workflow.dir/objects.a(EcuM_Startup.c.obj)
                0x0040e53c                EcuM_Init
                0x0040e5d9                EcuM_StartupTwo
 .text          0x0040e620      0x388 CMakeFiles\Basic_workflow.dir/objects.a(EcuM_WakeupServices.c.obj)
                0x0040e620                EcuM_SetWakeupEvent
                0x0040e766                EcuM_ValidateWakeupEvent
                0x0040e817                EcuM_ClearWakeupEvent
                0x0040e91c                EcuM_GetPendingWakeupEvents
                0x0040e94a                EcuM_GetValidatedWakeupEvents
                0x0040e978                EcuM_GetExpiredWakeupEvents
 .text          0x0040e9a8      0x1d8 CMakeFiles\Basic_workflow.dir/objects.a(Rte.c.obj)
                0x0040e9a8                SchM_Mode_BswM_MDGR_BswM_MRP_BswM_MDG
                0x0040e9c8                SchM_Switch_BswM_MDGP_ModeDeclarationGroups_MDG_ECUM_STATE
                0x0040ea2e                Rte_Write_CPT_MySWC_ApplicationECU_PPortPrototype_0_DE_MyDataElement
                0x0040ea5f                Rte_COMCbk_S_TestECU_To_ApplicationECU_Data_Can_Network_Channel_CAN_Rx
                0x0040eaa8                Os_Entry_OsTask_ASW
                0x0040ead9                Os_Entry_OsTask_BSW
 .text          0x0040eb80      0x504 CMakeFiles\Basic_workflow.dir/objects.a(Rte_Lib.c.obj)
                0x0040eb80                Rte_ActivateRE
                0x0040ebcc                Rte_DecrementWaitingCount
                0x0040ebd2                Rte_GetCurrentTaskIndex
                0x0040ebdc                Rte_MainFunction
                0x0040ebe2                Rte_ReadQueue
                0x0040ec9a                Rte_SetEvent
                0x0040ecaa                SchM_Init
                0x0040ecc2                SchM_Deinit
                0x0040ecda                Rte_WaitWithTimeout
                0x0040ece4                Rte_WriteQueue
                0x0040ee42                Rte_WriteQueue_GetProtection
                0x0040ef0a                Rte_WriteQueue_ReleaseProtection
                0x0040efde                Rte_memcpy
                0x0040f023                Rte_Start
                0x0040f056                Rte_Stop
 .text          0x0040f084      0x304 CMakeFiles\Basic_workflow.dir/objects.a(Can_Device.cpp.obj)
                0x0040f084                Can_ReportDETError(unsigned int, unsigned int, unsigned int)
                0x0040f08a                Can_ReportRuntimeError(unsigned int, unsigned int, unsigned int)
                0x0040f090                Can_RaiseInterrupt()
                0x0040f0a3                Can_RaiseWriteEvent(int, unsigned char, unsigned char, unsigned short, Can_Hwp_Frame*)
                0x0040f0f5                Can_RaiseRxEvent(int, unsigned short, Can_Hwp_Frame*)
                0x0040f127                Can_RaiseTxEvent(int, unsigned short, Can_Hwp_Frame*)
                0x0040f159                Can_RaiseStateEvent(int, Can_EventState, char const*)
                0x0040f183                Can_RaiseCanState(Can_DriverStatus)
                0x0040f19f                Can_RaiseErrorState(int, unsigned int)
                0x0040f1c2                Can_RaiseControllerRxErrorCounterEvent(int, unsigned char)
                0x0040f1ec                Can_RaiseControllerTxErrorCounterEvent(int, unsigned char)
                0x0040f216                Can_RaiseError(int, unsigned int)
                0x0040f239                Can_RaiseCurrentTimeEvent(int, Can_TimeStampType)
                0x0040f263                Can_RaiseEnableEgressTimeStampEvent(int, unsigned short, unsigned char)
                0x0040f29c                Can_RaiseEgressTimeStampEvent(int, unsigned short, unsigned short, Can_TimeStampType)
                0x0040f2e8                Can_RaiseIngressTimeStampEvent(int, unsigned short, Can_TimeStampType)
 .text          0x0040f388      0x21c CMakeFiles\Basic_workflow.dir/objects.a(Can_HwProvider.cpp.obj)
                0x0040f388                Can_GetHwProvider(unsigned int)
                0x0040f3a6                Can_GetHw(void (*)(unsigned int, Can_Hwp_Event, unsigned short, Can_Hwp_Frame*), unsigned int, unsigned int, unsigned int, unsigned int, unsigned int)
                0x0040f473                Can_FramePassesFiltering(unsigned int, Can_Hwp_RxHwObject const*)
                0x0040f4e5                Can_LoadRxObjFromConfig(Can_Hwp_RxHwObject*, Can_Hwp_RxHwObject const*)
 .text          0x0040f5a4     0x32f4 CMakeFiles\Basic_workflow.dir/objects.a(Can_Implementation.cpp.obj)
                0x0040f5a4                Can_DETError
                0x0040f5b7                Can_DETRuntimeError
                0x0040f5e3                Can_Get_Controller_Index
                0x0040f62e                Can_Check_Valid_Baudrate
                0x0040f6bd                Can_Get_Driver_State
                0x0040f6c7                Can_Get_Controller_Index_From_Hth
                0x0040f707                Can_Get_Controller_Index_From_Hrh
                0x0040f747                Can_Rxupcall
                0x0040f84f                Can_TxConfirm
                0x0040f8e6                Can_TxCancel
                0x0040f963                Can_Wakeupcall
                0x0040f9bc                Can_Busoffcall
                0x0040fa2b                Can_Isr_handler
                0x0040fa64                Can_Callback
                0x0040fc25                Can_DiscardPendingInterrupts
                0x0040fd16                SetBaudrateParameters
                0x0040fe69                Can_Init_helper
                0x00410195                Can_InitController_helper
                0x004101f0                Can_DeInit_helper
                0x00410348                Can_GetControllerErrorState_helper
                0x0041040c                Can_GetControllerMode_helper
                0x00410510                Can_GetControllerRxErrorCounter_helper
                0x004105f0                Can_InjectControllerRxErrorCount
                0x004106ab                Can_GetControllerTxErrorCounter_helper
                0x0041078b                Can_InjectControllerTxErrorCount
                0x00410846                Can_GetCurrentTime_helper
                0x00410961                Can_InjectCurrentTime
                0x00410a3c                Can_EnableEgressTimeStamp_helper
                0x00410b22                Can_InjectEnableEgressTimeStamp
                0x00410bb8                Can_GetEgressTimeStamp_helper
                0x00410d29                Can_InjectEgressTimeStamp
                0x00410e47                Can_GetIngressTimeStamp_helper
                0x00410f6b                Can_InjectIngressTimeStamp
                0x0041104c                Can_GetVersionInfo_helper
                0x004110a6                Can_ChangeBaudrate_helper
                0x004111d4                Can_SetControllerMode_helper
                0x004115ca                Can_DisableControllerInterrupts_helper
                0x00411682                Can_EnableControllerInterrupts_helper
                0x0041177a                Can_CheckWakeup_helper
                0x00411825                Can_Write_helper
                0x00411b81                Can_MainFunction_Write_helper
                0x00411db6                Can_MainFunction_Read_helper
                0x00411fd5                Can_MainFunction_BusOff_helper
                0x004120f0                Can_MainFunction_Wakeup_helper
                0x00412204                Can_MainFunction_Mode_helper
                0x0041239f                Can_Force_Wakeup
                0x00412410                Can_injectErrorState
                0x0041254b                Can_injectError
                0x004125bf                Can_Force_Buson
                0x00412634                Can_Force_Busoff
                0x004126dd                Can_Drop_Write_Action_helper
                0x00412717                Can_Drop_Receive_Action_helper
                0x00412751                Can_Inject_Write_helper
                0x0041279b                Can_Inject_Rxaction_helper
                0x0041280d                Can_Enable_Transmit_Processing_helper
 .text          0x00412898       0x9c CMakeFiles\Basic_workflow.dir/objects.a(Mcu_Device.cpp.obj)
                0x00412898                Mcu_ReportDETError(unsigned int, unsigned int, unsigned int)
                0x0041289e                Mcu_Raise_ResetReason_event
                0x004128ba                Mcu_ResetCounter_helper
 .text          0x00412934      0x384 CMakeFiles\Basic_workflow.dir/objects.a(Mcu_Implementation.cpp.obj)
                0x00412934                Mcu_DETError
                0x00412947                Mcu_Init_helper
                0x004129b8                Mcu_InitRamSection_helper
                0x004129fa                Mcu_InitClock_helper
                0x00412a3c                Mcu_DistributePllClock_helper
                0x00412a78                Mcu_GetPllStatus_helper
                0x00412ab8                Mcu_GetResetReason_helper
                0x00412aff                Mcu_GetResetRawValue_helper
                0x00412b46                Mcu_PerformReset_helper
                0x00412ba8                Mcu_SetMode_helper
                0x00412be4                Mcu_GetVersionInfo_helper
                0x00412c44                Mcu_GetRamState_helper
                0x00412c84                Mcu_InjectReset_helper
                0x00412cad                Mcu_GetInternalConfig
 .text          0x00412cb8       0xa0 CMakeFiles\Basic_workflow.dir/objects.a(VirtualCan.cpp.obj)
 .text          0x00412d58      0x1a8 CMakeFiles\Basic_workflow.dir/objects.a(VRTA_SystemClock.cpp.obj)
                0x00412d58                VECU_SystemClock_Init
                0x00412dc5                VECU_SystemClock_Start
                0x00412e0a                VECU_SystemClock_GetValue
 .text          0x00412f00       0xdc CMakeFiles\Basic_workflow.dir/objects.a(Vrta_Cfg.cpp.obj)
                0x00412f00                vrtaActionHandler
                0x00412f79                EnableVrtaFlash
                0x00412f87                EnableVrtaPort
                0x00412f95                EnableVrtaAdc
                0x00412fa3                EnableVrtaPwm
                0x00412fb1                EnableVrtaIcu
                0x00412fbf                EnableVrtaCan
                0x00412fcd                EnableVrtaCanTrcv
 .text          0x00412fdc       0x8c CMakeFiles\Basic_workflow.dir/objects.a(target.cpp.obj)
                0x00412fdc                InitializeDevices()
                0x00412fea                TargetInit
                0x0041300c                TargetEnableInterrupts
                0x0041305a                TargetReadClock
 *fill*         0x00413068        0x8 
 .text          0x00413070       0x50 C:/ETAS/RTA-CAR_12.2.0/RTA-CAR/workspace/Basic_Workflow/build/../src/os\RTAOS.lib(TerminateTask.o)
                0x00413070                Os_TerminateTask
 .text          0x004130c0       0x50 C:/ETAS/RTA-CAR_12.2.0/RTA-CAR/workspace/Basic_Workflow/build/../src/os\RTAOS.lib(Os_SetJmp.o)
                0x004130c0                Os_SetJmp
                0x004130e0                Os_LongJmp
                0x00413100                Os_LongJmpRegsOnly
 .text          0x00413110       0x20 C:/ETAS/RTA-CAR_12.2.0/RTA-CAR/workspace/Basic_Workflow/build/../src/os\RTAOS.lib(GetTaskID.o)
                0x00413110                Os_GetTaskID
 .text          0x00413130       0x60 C:/ETAS/RTA-CAR_12.2.0/RTA-CAR/workspace/Basic_Workflow/build/../src/os\RTAOS.lib(SuspendOSInterrupts.o)
                0x00413130                Os_SuspendOSInterrupts
 .text          0x00413190      0x200 C:/ETAS/RTA-CAR_12.2.0/RTA-CAR/workspace/Basic_Workflow/build/../src/os\RTAOS.lib(Os_Cfg_Counters.o)
                0x00413190                Os_CounterRelativeStart
                0x004131d0                Os_PerformEP
                0x004132f0                Os_IncrementCounter_Rte_TickCounter
 .text          0x00413390       0x50 C:/ETAS/RTA-CAR_12.2.0/RTA-CAR/workspace/Basic_Workflow/build/../src/os\RTAOS.lib(SuspendAllInterrupts.o)
                0x00413390                Os_SuspendAllInterrupts
 .text          0x004133e0      0x190 C:/ETAS/RTA-CAR_12.2.0/RTA-CAR/workspace/Basic_Workflow/build/../src/os\RTAOS.lib(Os_Cfg.o)
                0x004133e0                Os_StartOS_DataInit
                0x004134c0                Os_StartOS_StartAuto
                0x004134e0                Os_ErrorLog
 .text          0x00413570       0x80 C:/ETAS/RTA-CAR_12.2.0/RTA-CAR/workspace/Basic_Workflow/build/../src/os\RTAOS.lib(StopScheduleTable.o)
                0x00413570                Os_StopScheduleTable
 .text          0x004135f0       0x40 C:/ETAS/RTA-CAR_12.2.0/RTA-CAR/workspace/Basic_Workflow/build/../src/os\RTAOS.lib(ResumeOSInterrupts.o)
                0x004135f0                Os_ResumeOSInterrupts
 .text          0x00413630      0xd30 C:/ETAS/RTA-CAR_12.2.0/RTA-CAR/workspace/Basic_Workflow/build/../src/os\RTAOS.lib(vrtaSystemClock.o)
                0x004137e0                vrtaSystemClockSubscriber::vrtaSystemClockSubscriber()
                0x004137e0                vrtaSystemClockSubscriber::vrtaSystemClockSubscriber()
                0x00413800                vrtaSystemClockType::vrtaSystemClockType()
                0x00413800                vrtaSystemClockType::vrtaSystemClockType()
                0x004138c0                vrtaSystemClockType::Scale()
                0x004138d0                vrtaSystemClockType::Scale(unsigned int)
                0x00413920                vrtaSystemClockType::Auto()
                0x00413980                vrtaSystemClockType::IsAuto()
                0x004139a0                vrtaSystemClockType::ManualCanDoLowPower(bool)
                0x004139c0                vrtaSystemClockType::ManualCanDoLowPower()
                0x004139e0                vrtaSystemClockType::ManualFreezesOS(bool)
                0x004139f0                vrtaSystemClockType::Manual(unsigned int)
                0x00413a30                vrtaSystemClockType::ManualTicksRemaining()
                0x00413a40                vrtaSystemClockType::ManualTicksCompleted()
                0x00413ad0                vrtaSystemClockType::IsManual()
                0x00413ae0                vrtaSystemClockType::IdleTick()
                0x00413b40                vrtaSystemClockType::IsIdleTicked()
                0x00413b50                vrtaSystemClockType::Tick()
                0x00413b70                vrtaSystemClockType::Pause()
                0x00413b80                vrtaSystemClockType::IsPaused()
                0x00413b90                vrtaSystemClockType::Resume()
                0x00413ba0                vrtaSystemClockType::MillisecondsCount()
                0x00413bb0                vrtaSystemClockType::TickCount()
                0x00413bc0                vrtaSystemClockType::Unsubscribe(vrtaSystemClockSubscriber*)
                0x00413c50                vrtaSystemClockSubscriber::~vrtaSystemClockSubscriber()
                0x00413c50                vrtaSystemClockSubscriber::~vrtaSystemClockSubscriber()
                0x00413c80                vrtaSystemClockSubscriber::~vrtaSystemClockSubscriber()
                0x00413cc0                vrtaSystemClockType::Subscribe(vrtaSystemClockSubscriber*)
                0x00413db0                vrtaSystemClockType::FavourFixedInterval(unsigned int)
                0x00413e10                vrtaSystemClockType::IsFavourFixedInterval()
                0x00413e20                vrtaCustomTickSource::vrtaCustomTickSource(unsigned int)
                0x00413e20                vrtaCustomTickSource::vrtaCustomTickSource(unsigned int)
                0x00413ee0                vrtaCustomTickSource::TickCount()
                0x00413f90                vrtaThreadWait::vrtaThreadWait(unsigned int)
                0x00413f90                vrtaThreadWait::vrtaThreadWait(unsigned int)
                0x004140a0                vrtaThreadWait::WaitForTicks(unsigned int)
                0x00414260                vrtaSystemClock_Auto
                0x00414270                vrtaSystemClock_Manual
                0x004142b0                vrtaSystemClock_Pause
                0x004142c0                vrtaSystemClock_Resume
                0x004142d0                vrtaSystemClock_Tick
                0x004142f0                vrtaSystemClock_Scale
                0x00414310                vrtaSystemClock_FavourFixedInterval
                0x00414330                vrtaSystemClock_IsFavourFixedInterval
                0x00414340                vrtaSystemClock_HasFrozenOS
                0x00414350                vrtaSystemClock_IsIdleTicked
 .text          0x00414360       0xb0 C:/ETAS/RTA-CAR_12.2.0/RTA-CAR/workspace/Basic_Workflow/build/../src/os\RTAOS.lib(StartScheduleTableRel.o)
                0x00414360                Os_StartScheduleTableRel
 .text          0x00414410       0x40 C:/ETAS/RTA-CAR_12.2.0/RTA-CAR/workspace/Basic_Workflow/build/../src/os\RTAOS.lib(ResumeAllInterrupts.o)
                0x00414410                Os_ResumeAllInterrupts
 .text          0x00414450       0xa0 C:/ETAS/RTA-CAR_12.2.0/RTA-CAR/workspace/Basic_Workflow/build/../src/os\RTAOS.lib(GetResource.o)
                0x00414450                Os_GetResource
 .text          0x004144f0     0x1bc0 C:/ETAS/RTA-CAR_12.2.0/RTA-CAR/workspace/Basic_Workflow/build/../src/os\RTAOS.lib(vrtaSampleDevices.o)
                0x004144f0                vrtaBaseClock::SetPersistentData(unsigned char*, unsigned short)
                0x00414510                vrtaBaseClock::Starting()
                0x00414520                vrtaBaseClock::AsyncGetState(vrtaEvent*)
                0x004145b0                vrtaClock::initialize_clock()
                0x004145d0                vrtaComparable::SetPersistentData(unsigned char*, unsigned short)
                0x004145e0                vrtaCounter::SetPersistentData(unsigned char*, unsigned short)
                0x00414610                vrtaCounter::Stopping()
                0x00414610                vrtaCounter::Starting()
                0x00414620                vrtaCounter::AsyncGetState(vrtaEvent*)
                0x00414680                vrtaCompare::SetPersistentData(unsigned char*, unsigned short)
                0x004146a0                vrtaCompare::OnAction(vrtaAction const*)
                0x004146e0                vrtaCompare::AsyncGetState(vrtaEvent*)
                0x00414760                vrtaSensor::SetPersistentData(unsigned char*, unsigned short)
                0x00414780                vrtaSensor::AsyncGetState(vrtaEvent*)
                0x004147e0                vrtaActuator::SetPersistentData(unsigned char*, unsigned short)
                0x00414800                vrtaActuator::AsyncGetState(vrtaEvent*)
                0x00414860                vrtaIO::GetPersistentDataSize()
                0x00414870                vrtaIO::GetPersistentData()
                0x00414880                vrtaIO::OnAction(vrtaAction const*)
                0x004149a0                vrtaClock::ResetClock()
                0x00414a10                vrtaIO::Stopping()
                0x00414a40                vrtaIO::SetPersistentData(unsigned char*, unsigned short)
                0x00414a80                vrtaIO::AsyncGetState(vrtaEvent*)
                0x00414b30                vrtaBaseClock::Tick()
                0x00414b50                non-virtual thunk to vrtaBaseClock::Tick()
                0x00414b60                vrtaAdaptiveClock::Tick()
                0x00414b90                non-virtual thunk to vrtaAdaptiveClock::Tick()
                0x00414ba0                vrtaClock::Stopping()
                0x00414be0                vrtaIO::Starting()
                0x00414c40                vrtaBaseClock::Start()
                0x00414ce0                vrtaClock::Stop()
                0x00414d90                vrtaBaseClock::vrtaBaseClock(char*, unsigned int, char*, char*, char*, bool)
                0x00414d90                vrtaBaseClock::vrtaBaseClock(char*, unsigned int, char*, char*, char*, bool)
                0x00414e00                vrtaBaseClock::vrtaBaseClock(char*, unsigned int, bool)
                0x00414e00                vrtaBaseClock::vrtaBaseClock(char*, unsigned int, bool)
                0x00414e70                vrtaBaseClock::~vrtaBaseClock()
                0x00414e70                vrtaBaseClock::~vrtaBaseClock()
                0x00414ea0                non-virtual thunk to vrtaBaseClock::~vrtaBaseClock()
                0x00414eb0                vrtaBaseClock::~vrtaBaseClock()
                0x00414f00                non-virtual thunk to vrtaBaseClock::~vrtaBaseClock()
                0x00414f10                vrtaBaseClock::SetInterval(unsigned int)
                0x00414fb0                vrtaBaseClock::SetScale(unsigned int, unsigned int)
                0x00415090                vrtaBaseClock::OnAction(vrtaAction const*)
                0x00415120                vrtaAdaptiveClock::OnAction(vrtaAction const*)
                0x00415160                vrtaClock::vrtaClock(char*, unsigned int, bool)
                0x00415160                vrtaClock::vrtaClock(char*, unsigned int, bool)
                0x004151c0                vrtaClock::vrtaClock(char*, unsigned int, char*, char*, char*, bool)
                0x004151c0                vrtaClock::vrtaClock(char*, unsigned int, char*, char*, char*, bool)
                0x00415230                vrtaAdaptiveClock::vrtaAdaptiveClock(char*, unsigned int, bool)
                0x00415230                vrtaAdaptiveClock::vrtaAdaptiveClock(char*, unsigned int, bool)
                0x004152a0                vrtaAdaptiveClock::InjectTick()
                0x004152f0                vrtaCounter::vrtaCounter(char*, char*, vrtaBaseClock&)
                0x004152f0                vrtaCounter::vrtaCounter(char*, char*, vrtaBaseClock&)
                0x00415360                vrtaCounter::Start()
                0x00415370                vrtaCounter::Stop()
                0x00415380                vrtaCompare::vrtaCompare(char*, vrtaComparable&, unsigned int, unsigned int)
                0x00415380                vrtaCompare::vrtaCompare(char*, vrtaComparable&, unsigned int, unsigned int)
                0x004153f0                vrtaCompare::SetMatch(unsigned int)
                0x00415400                vrtaCompare::SetVector(unsigned int)
                0x00415410                vrtaCompare::NewValue(unsigned int)
                0x004154f0                vrtaComparable::CheckComparators()
                0x00415510                vrtaCounter::SetMin(unsigned int)
                0x00415570                vrtaCounter::SetMax(unsigned int)
                0x004155d0                vrtaCounter::OnAction(vrtaAction const*)
                0x004156d0                vrtaCounter::SetVal(unsigned int)
                0x00415730                vrtaUpCounter::Tick()
                0x004157a0                vrtaDownCounter::Tick()
                0x00415810                vrtaSensor::SetVal(unsigned int)
                0x004158c0                vrtaActuator::SetVal(unsigned int)
                0x00415970                vrtaSensor::vrtaSensor(char*)
                0x00415970                vrtaSensor::vrtaSensor(char*)
                0x004159c0                vrtaSensor::vrtaSensor(char*, char*, char*, char*)
                0x004159c0                vrtaSensor::vrtaSensor(char*, char*, char*, char*)
                0x00415a10                vrtaSensor::SetMax(unsigned int)
                0x00415b30                vrtaSensor::OnAction(vrtaAction const*)
                0x00415b90                vrtaSensorToggleSwitch::vrtaSensorToggleSwitch(char*)
                0x00415b90                vrtaSensorToggleSwitch::vrtaSensorToggleSwitch(char*)
                0x00415be0                vrtaSensorMultiwaySwitch::vrtaSensorMultiwaySwitch(char*, unsigned int)
                0x00415be0                vrtaSensorMultiwaySwitch::vrtaSensorMultiwaySwitch(char*, unsigned int)
                0x00415c30                vrtaActuator::vrtaActuator(char*)
                0x00415c30                vrtaActuator::vrtaActuator(char*)
                0x00415c80                vrtaActuator::vrtaActuator(char*, char*)
                0x00415c80                vrtaActuator::vrtaActuator(char*, char*)
                0x00415cd0                vrtaActuator::SetMax(unsigned int)
                0x00415df0                vrtaActuator::OnAction(vrtaAction const*)
                0x00415e50                vrtaActuatorLight::vrtaActuatorLight(char*)
                0x00415e50                vrtaActuatorLight::vrtaActuatorLight(char*)
                0x00415ea0                vrtaActuatorDimmableLight::vrtaActuatorDimmableLight(char*, unsigned int)
                0x00415ea0                vrtaActuatorDimmableLight::vrtaActuatorDimmableLight(char*, unsigned int)
                0x00415ef0                vrtaActuatorMultiColorLight::vrtaActuatorMultiColorLight(char*, unsigned int)
                0x00415ef0                vrtaActuatorMultiColorLight::vrtaActuatorMultiColorLight(char*, unsigned int)
                0x00415f40                vrtaIO::vrtaIO(char*, unsigned int)
                0x00415f40                vrtaIO::vrtaIO(char*, unsigned int)
                0x00415f90                vrtaIO::vrtaIO(char*, unsigned int, char*, char*, char*)
                0x00415f90                vrtaIO::vrtaIO(char*, unsigned int, char*, char*, char*)
                0x00415fe0                vrtaIO::Init(unsigned int)
                0x00416000                vrtaIO::SetValue(unsigned int, unsigned int)
                0x00416020                vrtaIO::SetValues(unsigned int, unsigned int const*, unsigned int)
                0x00416070                vrtaIO::GetValue(unsigned int) const
                0x004160a0                vrtaIO::GetValues() const
 .text          0x004160b0       0x90 C:/ETAS/RTA-CAR_12.2.0/RTA-CAR/workspace/Basic_Workflow/build/../src/os\RTAOS.lib(StartOS.o)
                0x004160b0                Os_StartOS
 .text          0x00416140       0x80 C:/ETAS/RTA-CAR_12.2.0/RTA-CAR/workspace/Basic_Workflow/build/../src/os\RTAOS.lib(ShutdownOS.o)
                0x00416140                Os_ShutdownOS
 .text          0x004161c0       0x60 C:/ETAS/RTA-CAR_12.2.0/RTA-CAR/workspace/Basic_Workflow/build/../src/os\RTAOS.lib(vrtaPrintf.o)
                0x004161c0                vrtaPrintf
                0x004161f0                printf
 .text          0x00416220       0xb0 C:/ETAS/RTA-CAR_12.2.0/RTA-CAR/workspace/Basic_Workflow/build/../src/os\RTAOS.lib(ActivateTask.o)
                0x00416220                Os_ActivateTask
 .text          0x004162d0       0x80 C:/ETAS/RTA-CAR_12.2.0/RTA-CAR/workspace/Basic_Workflow/build/../src/os\RTAOS.lib(ReleaseResource.o)
                0x004162d0                Os_ReleaseResource
 .text          0x00416350       0x20 C:/ETAS/RTA-CAR_12.2.0/RTA-CAR/workspace/Basic_Workflow/build/../src/os\RTAOS.lib(GetISRID.o)
                0x00416350                Os_GetISRID
 .text          0x00416370      0xa20 C:/ETAS/RTA-CAR_12.2.0/RTA-CAR/workspace/Basic_Workflow/build/../src/os\RTAOS.lib(vrtaLoggerDevice.o)
                0x00416370                Logger::GetPersistentDataSize()
                0x00416380                Logger::GetPersistentData()
                0x00416390                Logger::Starting()
                0x004164c0                Logger::SetPersistentData(unsigned char*, unsigned short)
                0x004164f0                Logger::AsyncGetState(vrtaEvent*)
                0x004165c0                Logger::Logger(char*)
                0x004165c0                Logger::Logger(char*)
                0x00416640                Logger::Logger(char*, Logger&)
                0x00416640                Logger::Logger(char*, Logger&)
                0x004166b0                Logger::setfile(char*)
                0x004167d0                Logger::Logger(char*, char*)
                0x004167d0                Logger::Logger(char*, char*)
                0x00416850                Logger::setduplicate(char*)
                0x00416970                Logger::Logger(char*, char*, char*)
                0x00416970                Logger::Logger(char*, char*, char*)
                0x00416a00                Logger::Stopping()
                0x00416a30                Logger::UpdateText()
                0x00416ba0                Logger::print(char*)
                0x00416c10                Logger::OnAction(vrtaAction const*)
                0x00416c80                Logger::print(char*, unsigned int)
                0x00416d00                Logger::printf(char*, char*)
                0x00416d60                Logger::printf(char*, ...)
 .text          0x00416d90       0xb0 C:/ETAS/RTA-CAR_12.2.0/RTA-CAR/workspace/Basic_Workflow/build/../src/os\RTAOS.lib(vrtaIdleHandling.o)
                0x00416d90                vrtaIdleSubscriber::vrtaIdleSubscriber()
                0x00416d90                vrtaIdleSubscriber::vrtaIdleSubscriber()
                0x00416da0                vrtaIdleSubscriber::Subscribe(vrtaIdleSubscriber*)
                0x00416dc0                vrtaRunIdleHandlers
 .text          0x00416e40      0x100 C:/ETAS/RTA-CAR_12.2.0/RTA-CAR/workspace/Basic_Workflow/build/../src/os\RTAOS.lib(DispatchTask.o)
                0x00416e40                Os_Dispatch
 .text          0x00416f40     0x1150 C:/ETAS/RTA-CAR_12.2.0/RTA-CAR/workspace/Basic_Workflow/build/../src/os\RTAOS.lib(vrtaCore.o)
                0x004178c0                vrtaDevice::WriteToPersistentStorage(unsigned short*, unsigned char**)
                0x00417900                vrtaDevice::ReadFromPersistentStorage(unsigned short*, unsigned char**)
                0x00417970                vrtaReadHPTime
                0x004179e0                vrtaReadHPCycles
                0x00417a10                vrtaLoadVM
                0x00417a30                vrtaUnloadVM()
                0x00417a40                vrtaSendAction
                0x00417a50                vrtaRaiseEvent
                0x00417a60                vrtaGetState
                0x00417a70                vrtaEventRegister
                0x00417a80                vrtaEventUnregister
                0x00417a90                vrtaHookEvent
                0x00417ab0                vrtaHookEventNotifications
                0x00417ac0                vrtaStart
                0x00417ad0                vrtaStartCore
                0x00417b10                vrtaGetCoreICUID
                0x00417b40                vrtaTerminate
                0x00417bb0                vrtaReset
                0x00417bc0                vrtaEnterUninterruptibleSection
                0x00417bd0                vrtaLeaveUninterruptibleSection
                0x00417be0                vrtaEnterGlobalUninterruptibleSection
                0x00417c00                vrtaLeaveGlobalUninterruptibleSection
                0x00417c20                vrtaIsIdle
                0x00417ca0                vrtaLowPowerIdleEnable
                0x00417cb0                vrtaLowPowerIdleEnabled
                0x00417cc0                vrtaLowPowerIdle
                0x00417cf0                vrtaYield
                0x00417d30                vrtaSpawnThread
                0x00417d40                vrtaInitialize
                0x00417d70                vrtaAddCore
                0x00417da0                vrtaGetCoreID
                0x00417dc0                vrtaRegisterVirtualDevice
                0x00417dd0                vrtaIsAppThread
                0x00417de0                vrtaIsAppFinished
                0x00417df0                vrtaIsAppRunning
                0x00417e00                vrtaNoneUserThread
                0x00417e10                vrtaCoreCount
                0x00417e30                vrtaOSGetUserStackBase
                0x00417e40                vrtaOSSetInterruptDeferVar
                0x00417e50                vrtaOSSetIPL
                0x00417e60                vrtaOSGetIPL
                0x00417e70                vrtaOSSetIrqMask
                0x00417e80                vrtaOSClearIrqMask
                0x00417e90                vrtaOSSetIrqPending
                0x00417ea0                vrtaOSClearIrqPending
                0x00417eb0                vrtaOSIsIrqPending
                0x00417ec0                vrtaDevice::vrtaDevice(char*, char*, char*, char*)
                0x00417ec0                vrtaDevice::vrtaDevice(char*, char*, char*, char*)
                0x00417f60                vrtaDevice::AssignCore(unsigned short)
                0x00417f80                vrtaDevice::RaiseEvent(vrtaEvent&)
                0x00417fa0                vrtaDevice::GetState(unsigned short, vrtaEvent&)
                0x00417fc0                vrtaDevice::SendAction(unsigned short, vrtaAction&)
                0x00417fe0                vrtaDevice::RaiseInterrupt(unsigned int)
                0x00418060                vrtaDevice::SpawnThread(void (*)())
                0x00418080                vrtaDevice::PersistThroughReset(unsigned int)
 .text          0x00418090      0x1a0 C:/ETAS/RTA-CAR_12.2.0/RTA-CAR/workspace/Basic_Workflow/build/../src/os\RTAOS.lib(vrtaAppMain.o)
                0x00418090                vrtaFireISR
                0x004180e0                Os_VRTA_IsDisabledInterrupt
                0x00418140                Os_VRTA_ClearPendingInterrupt
                0x00418190                Os_VRTA_EnableInterrupt
                0x004181e0                Os_VRTA_DisableInterrupt
 .text          0x00418230     0x18f0 C:/ETAS/RTA-CAR_12.2.0/RTA-CAR/workspace/Basic_Workflow/build/../src/os\RTAOS.lib(virtualDevice.o)
                0x00418230                VirtualDevice::StringBuilder::Content()
                0x00418260                VirtualDevice::EventHandler(vrtaEvent&)
                0x004182a0                VirtualDevice::GetPersistentDataSize()
                0x004182b0                VirtualDevice::GetPersistentData()
                0x004182c0                VirtualDevice::SetPersistentData(unsigned char*, unsigned short)
                0x004182d0                VirtualDevice::StringBuilder::~StringBuilder()
                0x004182d0                VirtualDevice::StringBuilder::~StringBuilder()
                0x004182f0                VirtualDevice::StringBuilder::~StringBuilder()
                0x00418320                VirtualDevice::EventZero(vrtaEvent const&)
                0x004183a0                VirtualDevice::ActionZero(vrtaAction const&)
                0x00418480                VirtualDevice::SetValue(vrtaEvent&, void*, unsigned int)
                0x004184e0                VECUAutoLock::VECUAutoLock()
                0x004184e0                VECUAutoLock::VECUAutoLock()
                0x004184f0                VECUAutoLock::~VECUAutoLock()
                0x004184f0                VECUAutoLock::~VECUAutoLock()
                0x00418500                VirtualDevice::StringBuilder::StringBuilder(int)
                0x00418500                VirtualDevice::StringBuilder::StringBuilder(int)
                0x00418530                VirtualDevice::StringBuilder::Append(char const*)
                0x004185b0                VirtualDevice::StringBuilder::Length()
                0x004185c0                VirtualDevice::OptList::OptList(int)
                0x004185c0                VirtualDevice::OptList::OptList(int)
                0x00418600                VirtualDevice::OptList::Add(char const*, char const*)
                0x00418670                VirtualDevice::OptList::Clear()
                0x00418690                VirtualDevice::OptList::Replace(int, char const*, char const*)
                0x004187c0                VirtualDevice::Linkable::Linkable()
                0x004187c0                VirtualDevice::Linkable::Linkable()
                0x004187d0                VirtualDevice::ParameterInfo::ParameterInfo(char const*, char const*, char const*)
                0x004187d0                VirtualDevice::ParameterInfo::ParameterInfo(char const*, char const*, char const*)
                0x004187f0                VirtualDevice::List::List()
                0x004187f0                VirtualDevice::List::List()
                0x00418800                VirtualDevice::List::First()
                0x00418810                VirtualDevice::List::Append(VirtualDevice::Linkable*)
                0x00418830                VirtualDevice::List::Replace(int, VirtualDevice::Linkable*)
                0x004188a0                VirtualDevice::ActionInfo::ActionInfo(char const*, char const*, char const*)
                0x004188a0                VirtualDevice::ActionInfo::ActionInfo(char const*, char const*, char const*)
                0x004188d0                VirtualDevice::ActionInfo::AddContent(VirtualDevice::OptList*)
                0x00418a10                VirtualDevice::ActionList::Content()
                0x00418a60                VirtualDevice::ActionInfo::In(char const*, char const*, char const*)
                0x00418ac0                VirtualDevice::EventInfo::EventInfo(char const*, char const*, char const*)
                0x00418ac0                VirtualDevice::EventInfo::EventInfo(char const*, char const*, char const*)
                0x00418b00                VirtualDevice::EventInfo::AddContent(VirtualDevice::OptList*)
                0x00418d00                VirtualDevice::EventList::Content()
                0x00418d50                VirtualDevice::EventInfo::Out(char const*, char const*, char const*)
                0x00418db0                VirtualDevice::EventInfo::In(char const*, char const*, char const*)
                0x00418e10                VirtualDevice::EventList::EventList()
                0x00418e10                VirtualDevice::EventList::EventList()
                0x00418e60                VirtualDevice::EventList::Add(char const*, char const*, char const*)
                0x00418ed0                VirtualDevice::EventList::Replace(int, char const*, char const*, char const*)
                0x00418f40                VirtualDevice::EventList::UpdateInfo(VirtualDevice::OptList&)
                0x004190c0                VirtualDevice::ActionList::ActionList()
                0x004190c0                VirtualDevice::ActionList::ActionList()
                0x00419110                VirtualDevice::ActionList::Add(char const*, char const*, char const*)
                0x00419170                VirtualDevice::ActionList::Replace(int, char const*, char const*, char const*)
                0x004191e0                VirtualDevice::ActionList::UpdateInfo(VirtualDevice::OptList&)
                0x00419350                VirtualDevice::VirtualDevice()
                0x00419350                VirtualDevice::VirtualDevice()
                0x004193f0                VirtualDevice::ActionHandler(vrtaAction const&)
                0x00419450                VirtualDevice::AddActionHandler(unsigned short (VirtualDevice::*)(vrtaAction const&))
                0x004194d0                VirtualDevice::AddEventHandler(unsigned short (VirtualDevice::*)(vrtaEvent const&))
                0x00419550                VirtualDevice::NullAction(vrtaAction const&)
                0x00419560                VirtualDevice::NullEvent(vrtaEvent const&)
                0x00419570                VirtualDevice::RegisterAs(char const*)
                0x00419780                VirtualDevice::~VirtualDevice()
                0x00419780                VirtualDevice::~VirtualDevice()
                0x004197a0                VirtualDevice::~VirtualDevice()
                0x004197e0                VirtualDevice::AssignCore(unsigned short)
                0x00419800                VirtualDevice::Raise(unsigned short (VirtualDevice::*)(vrtaEvent const&), vrtaEvent&)
                0x004198a0                VirtualDevice::Raise(unsigned short (VirtualDevice::*)(vrtaEvent const&))
                0x004198e0                VirtualDevice::Raise(vrtaEvent&)
                0x00419910                VirtualDevice::SendAction(unsigned short, unsigned short, vrtaAction&)
                0x00419940                VirtualDevice::RaiseInterrupt(unsigned int)
                0x004199b0                VirtualDevice::SpawnThread(void (*)())
                0x004199d0                VirtualDevice::PersistThroughReset(unsigned int)
                0x004199e0                VirtualDevice::ReadFromPersistentStorage(unsigned short*, unsigned char**)
                0x00419a00                VirtualDevice::WriteToPersistentStorage(unsigned short*, unsigned char**)
                0x00419a40                VirtualDevice::LockDevice()
                0x00419a50                VirtualDevice::ReleaseDevice()
                0x00419a60                VirtualDevice::DataHasPersisted()
                0x00419a70                VirtualDevice::DataHasPersisted(unsigned int)
                0x00419a80                VirtualDevice::SetID(unsigned short)
                0x00419a90                VirtualDevice::GetID()
                0x00419aa0                VirtualDevice::UnpackData(vrtaAction const&, void*, unsigned int)
                0x00419ae0                VirtualDevice::UnpackData(vrtaEvent const&, void*, unsigned int)
 .text          0x00419b20        0x0 C:/ETAS/RTA-CAR_12.2.0/RTA-CAR/workspace/Basic_Workflow/build/../src/os\RTAOS.lib(Os_vectors.o)
 .text          0x00419b20       0x40 C:/ETAS/RTA-CAR_12.2.0/RTA-CAR/workspace/Basic_Workflow/build/../src/os\RTAOS.lib(Os_Stack.o)
                0x00419b20                Os_GetSP
                0x00419b30                Os_ExtendStack
 .text          0x00419b60       0x70 C:/ETAS/RTA-CAR_12.2.0/RTA-CAR/workspace/Basic_Workflow/build/../src/os\RTAOS.lib(Os_Cfg_KL.o)
                0x00419b60                Os_ActivateTaskKL
 .text          0x00419bd0       0x10 C:/ETAS/RTA-CAR_12.2.0/RTA-CAR/workspace/Basic_Workflow/build/../src/os\RTAOS.lib(Os_fsb.o)
                0x00419bd0                @Os_fsb@4
 .text          0x00419be0       0x20 C:/ETAS/RTA-CAR_12.2.0/RTA-CAR/workspace/Basic_Workflow/build/../src/os\RTAOS.lib(GetStackValue.o)
                0x00419be0                Os_GetStackValue
 .text          0x00419c00      0x290 C:/ETAS/RTA-CAR_12.2.0/RTA-CAR/workspace/Basic_Workflow/build/../src/os\RTAOS.lib(vrtaSystemClockDevice.o)
                0x00419c20                SystemClockIdleHandler::Idle(unsigned int)
                0x00419d40                CSLThread
                0x00419e60                SystemClockTickUpdateNotification(unsigned int)
 .text          0x00419e90       0x10 C:/ETAS/RTA-CAR_12.2.0/RTA-CAR/workspace/Basic_Workflow/build/../src/os\RTAOS.lib(InShutdown.o)
                0x00419e90                Os_Cbk_InShutdown
 .text          0x00419ea0       0x50 C:/ETAS/RTA-CAR_12.2.0/RTA-CAR/workspace/Basic_Workflow/build/../src/os\RTAOS.lib(vrtaOSMonitorDevice.o)
                0x00419ea0                OSIdleHandler::Idle(unsigned int)
                0x00419ee0                EnableOsMonitor
 .text          0x00419ef0       0x60 C:/ETAS/RTA-CAR_12.2.0/RTA-CAR/workspace/Basic_Workflow/build/../src/os\RTAOS.lib(Os_wrapper.o)
                0x00419ef0                Os_ISRWrapper
 .text          0x00419f50        0x8 c:/mingw/bin/../lib/gcc/mingw32/6.3.0/../../..\libwinmm.a(drqcs00150.o)
                0x00419f50                timeSetEvent@20
 .text          0x00419f58        0x8 c:/mingw/bin/../lib/gcc/mingw32/6.3.0/../../..\libwinmm.a(drqcs00149.o)
                0x00419f58                timeKillEvent@4
 .text          0x00419f60        0x8 c:/mingw/bin/../lib/gcc/mingw32/6.3.0/../../..\libwinmm.a(drqcs00144.o)
                0x00419f60                timeBeginPeriod@4
 .text          0x00419f68        0x0 c:/mingw/bin/../lib/gcc/mingw32/6.3.0/../../..\libwinmm.a(drqch.o)
 .text          0x00419f68        0x0 c:/mingw/bin/../lib/gcc/mingw32/6.3.0/../../..\libwinmm.a(drqct.o)
 .text          0x00419f68        0x0 c:/mingw/bin/../lib/gcc/mingw32/6.3.0\libstdc++.a(eh_personality.o)
 .text          0x00419f68        0x0 c:/mingw/bin/../lib/gcc/mingw32/6.3.0\libstdc++.a(new_opv.o)
 .text          0x00419f68        0x0 c:/mingw/bin/../lib/gcc/mingw32/6.3.0\libstdc++.a(vmi_class_type_info.o)
 .text          0x00419f68        0x0 c:/mingw/bin/../lib/gcc/mingw32/6.3.0\libstdc++.a(del_opv.o)
 .text          0x00419f68        0x0 c:/mingw/bin/../lib/gcc/mingw32/6.3.0\libstdc++.a(del_ops.o)
 .text          0x00419f68        0x0 c:/mingw/bin/../lib/gcc/mingw32/6.3.0\libstdc++.a(eh_throw.o)
 .text          0x00419f68        0x0 c:/mingw/bin/../lib/gcc/mingw32/6.3.0\libstdc++.a(class_type_info.o)
 .text          0x00419f68        0x0 c:/mingw/bin/../lib/gcc/mingw32/6.3.0\libstdc++.a(eh_terminate.o)
 .text          0x00419f68        0x0 c:/mingw/bin/../lib/gcc/mingw32/6.3.0\libstdc++.a(eh_call.o)
 .text          0x00419f68        0x0 c:/mingw/bin/../lib/gcc/mingw32/6.3.0\libstdc++.a(eh_alloc.o)
 .text          0x00419f68        0x0 c:/mingw/bin/../lib/gcc/mingw32/6.3.0\libstdc++.a(eh_term_handler.o)
 .text          0x00419f68        0x0 c:/mingw/bin/../lib/gcc/mingw32/6.3.0\libstdc++.a(eh_aux_runtime.o)
 .text          0x00419f68        0x0 c:/mingw/bin/../lib/gcc/mingw32/6.3.0\libstdc++.a(eh_globals.o)
 .text          0x00419f68        0x0 c:/mingw/bin/../lib/gcc/mingw32/6.3.0\libstdc++.a(vterminate.o)
 .text          0x00419f68        0x0 c:/mingw/bin/../lib/gcc/mingw32/6.3.0\libstdc++.a(bad_cast.o)
 .text          0x00419f68        0x0 c:/mingw/bin/../lib/gcc/mingw32/6.3.0\libstdc++.a(si_class_type_info.o)
 .text          0x00419f68        0x0 c:/mingw/bin/../lib/gcc/mingw32/6.3.0\libstdc++.a(tinfo.o)
 .text          0x00419f68        0x0 c:/mingw/bin/../lib/gcc/mingw32/6.3.0\libstdc++.a(del_opvs.o)
 .text          0x00419f68        0x0 c:/mingw/bin/../lib/gcc/mingw32/6.3.0\libstdc++.a(eh_catch.o)
 .text          0x00419f68        0x0 c:/mingw/bin/../lib/gcc/mingw32/6.3.0\libstdc++.a(new_op.o)
 .text          0x00419f68        0x0 c:/mingw/bin/../lib/gcc/mingw32/6.3.0\libstdc++.a(del_op.o)
 .text          0x00419f68        0x0 c:/mingw/bin/../lib/gcc/mingw32/6.3.0\libstdc++.a(pure.o)
 .text          0x00419f68        0x0 c:/mingw/bin/../lib/gcc/mingw32/6.3.0\libstdc++.a(eh_exception.o)
 .text          0x00419f68        0x0 c:/mingw/bin/../lib/gcc/mingw32/6.3.0\libstdc++.a(bad_typeid.o)
 .text          0x00419f68        0x0 c:/mingw/bin/../lib/gcc/mingw32/6.3.0\libstdc++.a(eh_unex_handler.o)
 .text          0x00419f68        0x0 c:/mingw/bin/../lib/gcc/mingw32/6.3.0\libstdc++.a(bad_array_new.o)
 .text          0x00419f68        0x0 c:/mingw/bin/../lib/gcc/mingw32/6.3.0\libstdc++.a(bad_alloc.o)
 *fill*         0x00419f68        0x8 
 .text          0x00419f70     0x94b0 c:/mingw/bin/../lib/gcc/mingw32/6.3.0\libstdc++.a(cp-demangle.o)
                0x004232a0                __cxa_demangle
                0x004233e0                __gcclibcxx_demangle_callback
 .text          0x00423420        0x0 c:/mingw/bin/../lib/gcc/mingw32/6.3.0\libstdc++.a(eh_type.o)
 .text          0x00423420        0x0 c:/mingw/bin/../lib/gcc/mingw32/6.3.0\libstdc++.a(new_handler.o)
 .text          0x00423420        0x8 c:/mingw/bin/../lib/gcc/mingw32/6.3.0/../../..\libkernel32.a(dujcs01223.o)
                0x00423420                WaitForSingleObject@8
 .text          0x00423428        0x8 c:/mingw/bin/../lib/gcc/mingw32/6.3.0/../../..\libkernel32.a(dujcs01166.o)
                0x00423428                TerminateProcess@8
 .text          0x00423430        0x8 c:/mingw/bin/../lib/gcc/mingw32/6.3.0/../../..\libkernel32.a(dujcs01162.o)
                0x00423430                SwitchToThread@0
 .text          0x00423438        0x8 c:/mingw/bin/../lib/gcc/mingw32/6.3.0/../../..\libkernel32.a(dujcs01152.o)
                0x00423438                Sleep@4
 .text          0x00423440        0x8 c:/mingw/bin/../lib/gcc/mingw32/6.3.0/../../..\libkernel32.a(dujcs01140.o)
                0x00423440                SetUnhandledExceptionFilter@4
 .text          0x00423448        0x8 c:/mingw/bin/../lib/gcc/mingw32/6.3.0/../../..\libkernel32.a(dujcs01065.o)
                0x00423448                SetEvent@4
 .text          0x00423450        0x8 c:/mingw/bin/../lib/gcc/mingw32/6.3.0/../../..\libkernel32.a(dujcs00978.o)
                0x00423450                ReleaseSemaphore@12
 .text          0x00423458        0x8 c:/mingw/bin/../lib/gcc/mingw32/6.3.0/../../..\libkernel32.a(dujcs00974.o)
                0x00423458                ReleaseMutex@4
 .text          0x00423460        0x8 c:/mingw/bin/../lib/gcc/mingw32/6.3.0/../../..\libkernel32.a(dujcs00923.o)
                0x00423460                QueryPerformanceFrequency@4
 .text          0x00423468        0x8 c:/mingw/bin/../lib/gcc/mingw32/6.3.0/../../..\libkernel32.a(dujcs00922.o)
                0x00423468                QueryPerformanceCounter@4
 .text          0x00423470        0x8 c:/mingw/bin/../lib/gcc/mingw32/6.3.0/../../..\libkernel32.a(dujcs00844.o)
                0x00423470                MapViewOfFile@20
 .text          0x00423478        0x8 c:/mingw/bin/../lib/gcc/mingw32/6.3.0/../../..\libkernel32.a(dujcs00817.o)
                0x00423478                LoadLibraryA@4
 .text          0x00423480        0x8 c:/mingw/bin/../lib/gcc/mingw32/6.3.0/../../..\libkernel32.a(dujcs00577.o)
                0x00423480                GetProcAddress@8
 .text          0x00423488        0x8 c:/mingw/bin/../lib/gcc/mingw32/6.3.0/../../..\libkernel32.a(dujcs00529.o)
                0x00423488                GetModuleHandleA@4
 .text          0x00423490        0x8 c:/mingw/bin/../lib/gcc/mingw32/6.3.0/../../..\libkernel32.a(dujcs00510.o)
                0x00423490                GetLastError@0
 .text          0x00423498        0x8 c:/mingw/bin/../lib/gcc/mingw32/6.3.0/../../..\libkernel32.a(dujcs00473.o)
                0x00423498                GetEnvironmentVariableA@12
 .text          0x004234a0        0x8 c:/mingw/bin/../lib/gcc/mingw32/6.3.0/../../..\libkernel32.a(dujcs00446.o)
                0x004234a0                GetCurrentProcess@0
 .text          0x004234a8        0x8 c:/mingw/bin/../lib/gcc/mingw32/6.3.0/../../..\libkernel32.a(dujcs00352.o)
                0x004234a8                FreeLibrary@4
 .text          0x004234b0        0x8 c:/mingw/bin/../lib/gcc/mingw32/6.3.0/../../..\libkernel32.a(dujcs00347.o)
                0x004234b0                FormatMessageA@28
 .text          0x004234b8        0x8 c:/mingw/bin/../lib/gcc/mingw32/6.3.0/../../..\libkernel32.a(dujcs00280.o)
                0x004234b8                ExitThread@4
 .text          0x004234c0        0x8 c:/mingw/bin/../lib/gcc/mingw32/6.3.0/../../..\libkernel32.a(dujcs00279.o)
                0x004234c0                ExitProcess@4
 .text          0x004234c8        0x8 c:/mingw/bin/../lib/gcc/mingw32/6.3.0/../../..\libkernel32.a(dujcs00169.o)
                0x004234c8                CreateSemaphoreA@16
 .text          0x004234d0        0x8 c:/mingw/bin/../lib/gcc/mingw32/6.3.0/../../..\libkernel32.a(dujcs00154.o)
                0x004234d0                CreateMutexA@12
 .text          0x004234d8        0x8 c:/mingw/bin/../lib/gcc/mingw32/6.3.0/../../..\libkernel32.a(dujcs00136.o)
                0x004234d8                CreateFileMappingA@24
 .text          0x004234e0        0x8 c:/mingw/bin/../lib/gcc/mingw32/6.3.0/../../..\libkernel32.a(dujcs00129.o)
                0x004234e0                CreateEventA@16
 .text          0x004234e8        0x0 c:/mingw/bin/../lib/gcc/mingw32/6.3.0/../../..\libkernel32.a(dujch.o)
 .text          0x004234e8        0x0 c:/mingw/bin/../lib/gcc/mingw32/6.3.0/../../..\libkernel32.a(dujct.o)
 .text          0x004234e8        0x8 c:/mingw/bin/../lib/gcc/mingw32/6.3.0/../../..\libuser32.a(dtpcs00434.o)
                0x004234e8                MessageBoxA@16
 .text          0x004234f0        0x0 c:/mingw/bin/../lib/gcc/mingw32/6.3.0/../../..\libuser32.a(dtpch.o)
 .text          0x004234f0        0x0 c:/mingw/bin/../lib/gcc/mingw32/6.3.0/../../..\libuser32.a(dtpct.o)
 .text          0x004234f0        0x0 c:/mingw/bin/../lib/gcc/mingw32/6.3.0/../../..\libmingw32.a(CRTglob.o)
 .text          0x004234f0      0x3a0 c:/mingw/bin/../lib/gcc/mingw32/6.3.0/../../..\libmingw32.a(setargv.o)
                0x004234f0                _setargv
 .text          0x00423890        0x0 c:/mingw/bin/../lib/gcc/mingw32/6.3.0/../../..\libmingw32.a(CRTfmode.o)
 .text          0x00423890      0x110 c:/mingw/bin/../lib/gcc/mingw32/6.3.0/../../..\libmingw32.a(cpu_features.o)
                0x00423890                __cpu_features_init
 .text          0x004239a0        0x0 c:/mingw/bin/../lib/gcc/mingw32/6.3.0/../../..\libmingw32.a(CRT_fp10.o)
 .text          0x004239a0        0x0 c:/mingw/bin/../lib/gcc/mingw32/6.3.0/../../..\libmingw32.a(txtmode.o)
 .text          0x004239a0       0xa0 c:/mingw/bin/../lib/gcc/mingw32/6.3.0/../../..\libmingw32.a(gccmain.o)
                0x004239a0                __do_global_dtors
                0x004239d0                __do_global_ctors
                0x00423a20                __main
 .text          0x00423a40        0x0 c:/mingw/bin/../lib/gcc/mingw32/6.3.0/../../..\libmingw32.a(crtst.o)
 .text          0x00423a40       0xf0 c:/mingw/bin/../lib/gcc/mingw32/6.3.0/../../..\libmingw32.a(tlssup.o)
                0x00423a90                __dyn_tls_init@12
                0x00423b20                __tlregdtor
 .text          0x00423b30      0x230 c:/mingw/bin/../lib/gcc/mingw32/6.3.0/../../..\libmingw32.a(tlsthrd.o)
                0x00423b90                ___w64_mingwthr_add_key_dtor
                0x00423c20                ___w64_mingwthr_remove_key_dtor
                0x00423cc0                __mingw_TLScallback
 .text          0x00423d60      0x310 c:/mingw/bin/../lib/gcc/mingw32/6.3.0/../../..\libmingw32.a(pseudo-reloc.o)
                0x00423ea0                _pei386_runtime_relocator
 .text          0x00424070        0x0 c:/mingw/bin/../lib/gcc/mingw32/6.3.0/../../..\libmingw32.a(pseudo-reloc-list.o)
 .text          0x00424070       0x2c c:/mingw/bin/../lib/gcc/mingw32/6.3.0\libgcc.a(_chkstk_ms.o)
                0x00424070                __chkstk_ms
 .text          0x0042409c        0x0 c:/mingw/bin/../lib/gcc/mingw32/6.3.0\libgcc.a(_ctors.o)
 *fill*         0x0042409c        0x4 
 .text          0x004240a0      0x140 c:/mingw/bin/../lib/gcc/mingw32/6.3.0\libgcc.a(_divdi3.o)
                0x004240a0                __divdi3
 .text          0x004241e0      0x420 c:/mingw/bin/../lib/gcc/mingw32/6.3.0\libgcc.a(gthr-win32.o)
                0x004241e0                __gthr_win32_once
                0x00424260                __gthr_win32_key_create
                0x004242a0                __gthr_win32_key_delete
                0x004242d0                __gthr_win32_getspecific
                0x00424300                __gthr_win32_setspecific
                0x00424330                __gthr_win32_mutex_init_function
                0x00424370                __gthr_win32_mutex_destroy
                0x00424390                __gthr_win32_mutex_lock
                0x004243e0                __gthr_win32_mutex_trylock
                0x00424400                __gthr_win32_mutex_unlock
                0x00424450                __gthr_win32_recursive_mutex_init_function
                0x004244a0                __gthr_win32_recursive_mutex_lock
                0x00424530                __gthr_win32_recursive_mutex_trylock
                0x00424580                __gthr_win32_recursive_mutex_unlock
                0x004245e0                __gthr_win32_recursive_mutex_destroy
 .text          0x00424600     0x2530 c:/mingw/bin/../lib/gcc/mingw32/6.3.0\libgcc_eh.a(unwind-dw2.o)
                0x00426510                _Unwind_GetGR
                0x00426550                _Unwind_GetCFA
                0x00426560                _Unwind_SetGR
                0x004265b0                _Unwind_GetIP
                0x004265c0                _Unwind_GetIPInfo
                0x004265e0                _Unwind_SetIP
                0x004265f0                _Unwind_GetLanguageSpecificData
                0x00426600                _Unwind_GetRegionStart
                0x00426610                _Unwind_FindEnclosingFunction
                0x00426650                _Unwind_GetDataRelBase
                0x00426660                _Unwind_GetTextRelBase
                0x00426670                __frame_state_for
                0x00426760                _Unwind_RaiseException
                0x004268b0                _Unwind_ForcedUnwind
                0x00426950                _Unwind_Resume
                0x004269f0                _Unwind_Resume_or_Rethrow
                0x00426aa0                _Unwind_DeleteException
                0x00426ac0                _Unwind_Backtrace
 .text          0x00426b30     0x1810 c:/mingw/bin/../lib/gcc/mingw32/6.3.0\libgcc_eh.a(unwind-dw2-fde.o)
                0x00427c30                __register_frame_info_bases
                0x00427c60                __register_frame_info
                0x00427c90                __register_frame
                0x00427cd0                __register_frame_info_table_bases
                0x00427e30                __register_frame_info_table
                0x00427e60                __register_frame_table
                0x00427ea0                __deregister_frame_info_bases
                0x004280a0                __deregister_frame_info
                0x004280b0                __deregister_frame
                0x004280e0                _Unwind_Find_FDE
 .text          0x00428340        0x8 c:/mingw/bin/../lib/gcc/mingw32/6.3.0/../../..\libmoldname.a(dagwbs00109.o)
                0x00428340                write
 .text          0x00428348        0x0 c:/mingw/bin/../lib/gcc/mingw32/6.3.0/../../..\libmoldname.a(dagwbh.o)
 .text          0x00428348        0x0 c:/mingw/bin/../lib/gcc/mingw32/6.3.0/../../..\libmoldname.a(dagwbt.o)
 *fill*         0x00428348        0x8 
 .text          0x00428350       0x70 c:/mingw/bin/../lib/gcc/mingw32/6.3.0/../../..\libmingwex.a(fesetenv.o)
                0x00428350                fesetenv
 .text          0x004283c0       0x40 c:/mingw/bin/../lib/gcc/mingw32/6.3.0/../../..\libmingwex.a(feholdexcept.o)
                0x004283c0                feholdexcept
 .text          0x00428400     0x1080 c:/mingw/bin/../lib/gcc/mingw32/6.3.0/../../..\libmingwex.a(glob.o)
                0x00429330                __mingw_glob
                0x00429420                __mingw_globfree
 .text          0x00429480      0x400 c:/mingw/bin/../lib/gcc/mingw32/6.3.0/../../..\libmingwex.a(dirname.o)
                0x00429480                __mingw_dirname
 .text          0x00429880      0x4f0 c:/mingw/bin/../lib/gcc/mingw32/6.3.0/../../..\libmingwex.a(dirent.o)
                0x00429a00                __mingw_opendir
                0x00429bc0                __mingw_readdir
                0x00429c10                __mingw_closedir
                0x00429c60                __mingw_rewinddir
                0x00429cc0                __mingw_telldir
                0x00429cf0                __mingw_seekdir
 .text          0x00429d70        0x8 c:/mingw/bin/../lib/gcc/mingw32/6.3.0/../../..\libmsvcrt.a(djpvbs01325.o)
                0x00429d70                wcstombs
 .text          0x00429d78        0x8 c:/mingw/bin/../lib/gcc/mingw32/6.3.0/../../..\libmsvcrt.a(djpvbs01291.o)
                0x00429d78                vsprintf
 .text          0x00429d80        0x8 c:/mingw/bin/../lib/gcc/mingw32/6.3.0/../../..\libmsvcrt.a(djpvbs01284.o)
                0x00429d80                vfprintf
 .text          0x00429d88        0x8 c:/mingw/bin/../lib/gcc/mingw32/6.3.0/../../..\libmsvcrt.a(djpvbs01277.o)
                0x00429d88                tolower
 .text          0x00429d90        0x8 c:/mingw/bin/../lib/gcc/mingw32/6.3.0/../../..\libmsvcrt.a(djpvbs01253.o)
                0x00429d90                strncpy
 .text          0x00429d98        0x8 c:/mingw/bin/../lib/gcc/mingw32/6.3.0/../../..\libmsvcrt.a(djpvbs01249.o)
                0x00429d98                strlen
 .text          0x00429da0        0x8 c:/mingw/bin/../lib/gcc/mingw32/6.3.0/../../..\libmsvcrt.a(djpvbs01243.o)
                0x00429da0                strcpy
 .text          0x00429da8        0x8 c:/mingw/bin/../lib/gcc/mingw32/6.3.0/../../..\libmsvcrt.a(djpvbs01242.o)
                0x00429da8                strcoll
 .text          0x00429db0        0x8 c:/mingw/bin/../lib/gcc/mingw32/6.3.0/../../..\libmsvcrt.a(djpvbs01241.o)
                0x00429db0                strcmp
 .text          0x00429db8        0x8 c:/mingw/bin/../lib/gcc/mingw32/6.3.0/../../..\libmsvcrt.a(djpvbs01238.o)
                0x00429db8                strcat
 .text          0x00429dc0        0x8 c:/mingw/bin/../lib/gcc/mingw32/6.3.0/../../..\libmsvcrt.a(djpvbs01232.o)
                0x00429dc0                sprintf
 .text          0x00429dc8        0x8 c:/mingw/bin/../lib/gcc/mingw32/6.3.0/../../..\libmsvcrt.a(djpvbs01229.o)
                0x00429dc8                signal
 .text          0x00429dd0        0x8 c:/mingw/bin/../lib/gcc/mingw32/6.3.0/../../..\libmsvcrt.a(djpvbs01227.o)
                0x00429dd0                setlocale
 .text          0x00429dd8        0x8 c:/mingw/bin/../lib/gcc/mingw32/6.3.0/../../..\libmsvcrt.a(djpvbs01220.o)
                0x00429dd8                realloc
 .text          0x00429de0        0x8 c:/mingw/bin/../lib/gcc/mingw32/6.3.0/../../..\libmsvcrt.a(djpvbs01203.o)
                0x00429de0                memset
 .text          0x00429de8        0x8 c:/mingw/bin/../lib/gcc/mingw32/6.3.0/../../..\libmsvcrt.a(djpvbs01199.o)
                0x00429de8                memcpy
 .text          0x00429df0        0x8 c:/mingw/bin/../lib/gcc/mingw32/6.3.0/../../..\libmsvcrt.a(djpvbs01198.o)
                0x00429df0                memcmp
 .text          0x00429df8        0x8 c:/mingw/bin/../lib/gcc/mingw32/6.3.0/../../..\libmsvcrt.a(djpvbs01194.o)
                0x00429df8                mbstowcs
 .text          0x00429e00        0x8 c:/mingw/bin/../lib/gcc/mingw32/6.3.0/../../..\libmsvcrt.a(djpvbs01187.o)
                0x00429e00                malloc
 .text          0x00429e08        0x8 c:/mingw/bin/../lib/gcc/mingw32/6.3.0/../../..\libmsvcrt.a(djpvbs01142.o)
                0x00429e08                fwrite
 .text          0x00429e10        0x8 c:/mingw/bin/../lib/gcc/mingw32/6.3.0/../../..\libmsvcrt.a(djpvbs01131.o)
                0x00429e10                free
 .text          0x00429e18        0x8 c:/mingw/bin/../lib/gcc/mingw32/6.3.0/../../..\libmsvcrt.a(djpvbs01127.o)
                0x00429e18                fputs
 .text          0x00429e20        0x8 c:/mingw/bin/../lib/gcc/mingw32/6.3.0/../../..\libmsvcrt.a(djpvbs01126.o)
                0x00429e20                fputc
 .text          0x00429e28        0x8 c:/mingw/bin/../lib/gcc/mingw32/6.3.0/../../..\libmsvcrt.a(djpvbs01122.o)
                0x00429e28                fopen
 .text          0x00429e30        0x8 c:/mingw/bin/../lib/gcc/mingw32/6.3.0/../../..\libmsvcrt.a(djpvbs01114.o)
                0x00429e30                fflush
 .text          0x00429e38        0x8 c:/mingw/bin/../lib/gcc/mingw32/6.3.0/../../..\libmsvcrt.a(djpvbs01111.o)
                0x00429e38                fclose
 .text          0x00429e40        0x8 c:/mingw/bin/../lib/gcc/mingw32/6.3.0/../../..\libmsvcrt.a(djpvbs01108.o)
                0x00429e40                exit
 .text          0x00429e48        0x8 c:/mingw/bin/../lib/gcc/mingw32/6.3.0/../../..\libmsvcrt.a(djpvbs01098.o)
                0x00429e48                calloc
 .text          0x00429e50        0x8 c:/mingw/bin/../lib/gcc/mingw32/6.3.0/../../..\libmsvcrt.a(djpvbs01093.o)
                0x00429e50                atoi
 .text          0x00429e58        0x0 c:/mingw/bin/../lib/gcc/mingw32/6.3.0/../../..\libmsvcrt.a(djpvbs01091.o)
 .text          0x00429e58        0x8 c:/mingw/bin/../lib/gcc/mingw32/6.3.0/../../..\libmsvcrt.a(djpvbs01083.o)
                0x00429e58                abort
 .text          0x00429e60        0x8 c:/mingw/bin/../lib/gcc/mingw32/6.3.0/../../..\libmsvcrt.a(djpvbs00753.o)
                0x00429e60                _setmode
 .text          0x00429e68        0x0 c:/mingw/bin/../lib/gcc/mingw32/6.3.0/../../..\libmsvcrt.a(djpvbs00698.o)
 .text          0x00429e68        0x0 c:/mingw/bin/../lib/gcc/mingw32/6.3.0/../../..\libmsvcrt.a(djpvbs00689.o)
 .text          0x00429e68        0x8 c:/mingw/bin/../lib/gcc/mingw32/6.3.0/../../..\libmsvcrt.a(djpvbs00422.o)
                0x00429e68                _isctype
 .text          0x00429e70        0x0 c:/mingw/bin/../lib/gcc/mingw32/6.3.0/../../..\libmsvcrt.a(djpvbs00417.o)
 .text          0x00429e70        0x8 c:/mingw/bin/../lib/gcc/mingw32/6.3.0/../../..\libmsvcrt.a(djpvbs00350.o)
                0x00429e70                _fullpath
 .text          0x00429e78        0x8 c:/mingw/bin/../lib/gcc/mingw32/6.3.0/../../..\libmsvcrt.a(djpvbs00285.o)
                0x00429e78                _errno
 .text          0x00429e80        0x8 c:/mingw/bin/../lib/gcc/mingw32/6.3.0/../../..\libmsvcrt.a(djpvbs00219.o)
                0x00429e80                _cexit
 .text          0x00429e88        0x8 c:/mingw/bin/../lib/gcc/mingw32/6.3.0/../../..\libmsvcrt.a(djpvbs00133.o)
                0x00429e88                __p__fmode
 .text          0x00429e90        0x8 c:/mingw/bin/../lib/gcc/mingw32/6.3.0/../../..\libmsvcrt.a(djpvbs00131.o)
                0x00429e90                __p__environ
 .text          0x00429e98        0x0 c:/mingw/bin/../lib/gcc/mingw32/6.3.0/../../..\libmsvcrt.a(djpvbs00119.o)
 .text          0x00429e98        0x8 c:/mingw/bin/../lib/gcc/mingw32/6.3.0/../../..\libmsvcrt.a(djpvbs00088.o)
                0x00429e98                __getmainargs
 .text          0x00429ea0        0x0 c:/mingw/bin/../lib/gcc/mingw32/6.3.0/../../..\libmsvcrt.a(djpvbh.o)
 .text          0x00429ea0        0x0 c:/mingw/bin/../lib/gcc/mingw32/6.3.0/../../..\libmsvcrt.a(djpvbt.o)
 .text          0x00429ea0        0x8 c:/mingw/bin/../lib/gcc/mingw32/6.3.0/../../..\libkernel32.a(dujcs01215.o)
                0x00429ea0                VirtualQuery@12
 .text          0x00429ea8        0x8 c:/mingw/bin/../lib/gcc/mingw32/6.3.0/../../..\libkernel32.a(dujcs01213.o)
                0x00429ea8                VirtualProtect@16
 .text          0x00429eb0        0x8 c:/mingw/bin/../lib/gcc/mingw32/6.3.0/../../..\libkernel32.a(dujcs01174.o)
                0x00429eb0                TlsSetValue@8
 .text          0x00429eb8        0x8 c:/mingw/bin/../lib/gcc/mingw32/6.3.0/../../..\libkernel32.a(dujcs01173.o)
                0x00429eb8                TlsGetValue@4