Archive member included to satisfy reference by file (symbol)

/usr/lib/w32api/libws2_32.a(libws2_32s00191.o)
                              CMakeFiles/Basic_workflow.dir/cygdrive/c/ETAS/RTA-CAR_12.2.0/RTA-CAR/workspace/Basic_Workflow/src/mcal/VirtualCan.cpp.o (select)
/usr/lib/w32api/libws2_32.a(libws2_32h.o)
                              /usr/lib/w32api/libws2_32.a(libws2_32s00191.o) (_head_lib64_libws2_32_a)
/usr/lib/w32api/libws2_32.a(libws2_32t.o)
                              /usr/lib/w32api/libws2_32.a(libws2_32h.o) (__lib64_libws2_32_a_iname)
/usr/lib/gcc/x86_64-pc-cygwin/11/libstdc++.a(class_type_info.o)
                              CMakeFiles/Basic_workflow.dir/cygdrive/c/ETAS/RTA-CAR_12.2.0/RTA-CAR/workspace/Basic_Workflow/src/mcal/Can_Device.cpp.o (vtable for __cxxabiv1::__class_type_info)
/usr/lib/gcc/x86_64-pc-cygwin/11/libstdc++.a(del_ops.o)
                              CMakeFiles/Basic_workflow.dir/cygdrive/c/ETAS/RTA-CAR_12.2.0/RTA-CAR/workspace/Basic_Workflow/src/mcal/Can_Device.cpp.o (operator delete(void*, unsigned long))
/usr/lib/gcc/x86_64-pc-cygwin/11/libstdc++.a(del_opv.o)
                              CMakeFiles/Basic_workflow.dir/cygdrive/c/ETAS/RTA-CAR_12.2.0/RTA-CAR/workspace/Basic_Workflow/src/mcal/Can_Implementation.cpp.o (operator delete[](void*))
/usr/lib/gcc/x86_64-pc-cygwin/11/libstdc++.a(del_opvs.o)
                              CMakeFiles/Basic_workflow.dir/cygdrive/c/ETAS/RTA-CAR_12.2.0/RTA-CAR/workspace/Basic_Workflow/src/mcal/VirtualCan.cpp.o (operator delete[](void*, unsigned long))
/usr/lib/gcc/x86_64-pc-cygwin/11/libstdc++.a(eh_aux_runtime.o)
                              CMakeFiles/Basic_workflow.dir/cygdrive/c/ETAS/RTA-CAR_12.2.0/RTA-CAR/workspace/Basic_Workflow/src/mcal/Can_HwProvider.cpp.o (__cxa_throw_bad_array_new_length)
/usr/lib/gcc/x86_64-pc-cygwin/11/libstdc++.a(eh_personality.o)
                              CMakeFiles/Basic_workflow.dir/cygdrive/c/ETAS/RTA-CAR_12.2.0/RTA-CAR/workspace/Basic_Workflow/src/mcal/Can_Device.cpp.o (__gxx_personality_seh0)
/usr/lib/gcc/x86_64-pc-cygwin/11/libstdc++.a(eh_terminate.o)
                              /usr/lib/gcc/x86_64-pc-cygwin/11/libstdc++.a(eh_personality.o) (__cxxabiv1::__terminate(void (*)()))
/usr/lib/gcc/x86_64-pc-cygwin/11/libstdc++.a(eh_throw.o)
                              /usr/lib/gcc/x86_64-pc-cygwin/11/libstdc++.a(eh_aux_runtime.o) (__cxa_throw)
/usr/lib/gcc/x86_64-pc-cygwin/11/libstdc++.a(eh_unex_handler.o)
                              /usr/lib/gcc/x86_64-pc-cygwin/11/libstdc++.a(eh_terminate.o) (__cxxabiv1::__unexpected_handler)
/usr/lib/gcc/x86_64-pc-cygwin/11/libstdc++.a(new_op.o)
                              CMakeFiles/Basic_workflow.dir/cygdrive/c/ETAS/RTA-CAR_12.2.0/RTA-CAR/workspace/Basic_Workflow/src/mcal/Can_Device.cpp.o (operator new(unsigned long))
/usr/lib/gcc/x86_64-pc-cygwin/11/libstdc++.a(new_opv.o)
                              CMakeFiles/Basic_workflow.dir/cygdrive/c/ETAS/RTA-CAR_12.2.0/RTA-CAR/workspace/Basic_Workflow/src/mcal/Can_HwProvider.cpp.o (operator new[](unsigned long))
/usr/lib/gcc/x86_64-pc-cygwin/11/libstdc++.a(si_class_type_info.o)
                              CMakeFiles/Basic_workflow.dir/cygdrive/c/ETAS/RTA-CAR_12.2.0/RTA-CAR/workspace/Basic_Workflow/src/mcal/Can_Device.cpp.o (vtable for __cxxabiv1::__si_class_type_info)
/usr/lib/gcc/x86_64-pc-cygwin/11/libstdc++.a(tinfo.o)
                              /usr/lib/gcc/x86_64-pc-cygwin/11/libstdc++.a(class_type_info.o) (std::type_info::~type_info())
/usr/lib/gcc/x86_64-pc-cygwin/11/libstdc++.a(vterminate.o)
                              /usr/lib/gcc/x86_64-pc-cygwin/11/libstdc++.a(eh_terminate.o) (__gnu_cxx::__verbose_terminate_handler())
/usr/lib/gcc/x86_64-pc-cygwin/11/libstdc++.a(bad_alloc.o)
                              /usr/lib/gcc/x86_64-pc-cygwin/11/libstdc++.a(new_op.o) (std::bad_alloc::~bad_alloc())
/usr/lib/gcc/x86_64-pc-cygwin/11/libstdc++.a(bad_array_new.o)
                              /usr/lib/gcc/x86_64-pc-cygwin/11/libstdc++.a(eh_aux_runtime.o) (std::bad_array_new_length::~bad_array_new_length())
/usr/lib/gcc/x86_64-pc-cygwin/11/libstdc++.a(bad_cast.o)
                              /usr/lib/gcc/x86_64-pc-cygwin/11/libstdc++.a(eh_aux_runtime.o) (std::bad_cast::~bad_cast())
/usr/lib/gcc/x86_64-pc-cygwin/11/libstdc++.a(bad_typeid.o)
                              /usr/lib/gcc/x86_64-pc-cygwin/11/libstdc++.a(eh_aux_runtime.o) (std::bad_typeid::~bad_typeid())
/usr/lib/gcc/x86_64-pc-cygwin/11/libstdc++.a(cp-demangle.o)
                              /usr/lib/gcc/x86_64-pc-cygwin/11/libstdc++.a(vterminate.o) (__cxa_demangle)
/usr/lib/gcc/x86_64-pc-cygwin/11/libstdc++.a(del_op.o)
                              /usr/lib/gcc/x86_64-pc-cygwin/11/libstdc++.a(del_ops.o) (operator delete(void*))
/usr/lib/gcc/x86_64-pc-cygwin/11/libstdc++.a(eh_alloc.o)
                              /usr/lib/gcc/x86_64-pc-cygwin/11/libstdc++.a(eh_throw.o) (__cxa_free_exception)
/usr/lib/gcc/x86_64-pc-cygwin/11/libstdc++.a(eh_call.o)
[...]
Memory Configuration

Name             Origin             Length             Attributes
*default*        0x0000000000000000 0xffffffffffffffff

Linker script and memory map

                0x0000000100400000                __image_base__ = 0x100400000
                0x0000000000000000                __dll__ = 0x0
                0x0000000100400000                __ImageBase = 0x100400000
                0x0000000000001000                __section_alignment__ = 0x1000
                0x0000000000000200                __file_alignment__ = 0x200
                0x0000000000000004                __major_os_version__ = 0x4
                0x0000000000000000                __minor_os_version__ = 0x0
                0x0000000000000000                __major_image_version__ = 0x0
                0x0000000000000000                __minor_image_version__ = 0x0
                0x0000000000000005                __major_subsystem_version__ = 0x5
                0x0000000000000002                __minor_subsystem_version__ = 0x2
                0x0000000000000003                __subsystem__ = 0x3
                0x0000000000200000                __size_of_stack_reserve__ = 0x200000
                0x0000000000001000                __size_of_stack_commit__ = 0x1000
                0x0000000000100000                __size_of_heap_reserve__ = 0x100000
                0x0000000000001000                __size_of_heap_commit__ = 0x1000
                0x0000000000000000                __loader_flags__ = 0x0
                0x0000000000008000                __dll_characteristics__ = 0x8000
LOAD /usr/lib/gcc/x86_64-pc-cygwin/11/../../../../lib/crt0.o
LOAD /usr/lib/gcc/x86_64-pc-cygwin/11/crtbegin.o
LOAD CMakeFiles/Basic_workflow.dir/Unity/unity_4_c.c.o
LOAD CMakeFiles/Basic_workflow.dir/Unity/unity_3_c.c.o
LOAD CMakeFiles/Basic_workflow.dir/Unity/unity_2_c.c.o
LOAD CMakeFiles/Basic_workflow.dir/Unity/unity_1_c.c.o
LOAD CMakeFiles/Basic_workflow.dir/Unity/unity_0_c.c.o
LOAD CMakeFiles/Basic_workflow.dir/cygdrive/c/ETAS/RTA-CAR_12.2.0/RTA-CAR/workspace/Basic_Workflow/src/asw/MySWC.c.o
LOAD CMakeFiles/Basic_workflow.dir/cygdrive/c/ETAS/RTA-CAR_12.2.0/RTA-CAR/workspace/Basic_Workflow/src/bsw/Det/src/Det.c.o
LOAD CMakeFiles/Basic_workflow.dir/cygdrive/c/ETAS/RTA-CAR_12.2.0/RTA-CAR/workspace/Basic_Workflow/src/bsw/EcuM/EcuM_Cfg.c.o
LOAD CMakeFiles/Basic_workflow.dir/cygdrive/c/ETAS/RTA-CAR_12.2.0/RTA-CAR/workspace/Basic_Workflow/src/bsw/EcuM/EcuM_Cfg_PbExt.c.o
LOAD CMakeFiles/Basic_workflow.dir/cygdrive/c/ETAS/RTA-CAR_12.2.0/RTA-CAR/workspace/Basic_Workflow/src/bsw/EcuM/EcuM_Cfg_RbMo.c.o
LOAD CMakeFiles/Basic_workflow.dir/cygdrive/c/ETAS/RTA-CAR_12.2.0/RTA-CAR/workspace/Basic_Workflow/src/bsw/EcuM/EcuM_Cfg_Shutdown.c.o
LOAD CMakeFiles/Basic_workflow.dir/cygdrive/c/ETAS/RTA-CAR_12.2.0/RTA-CAR/workspace/Basic_Workflow/src/bsw/EcuM/EcuM_Cfg_Sleep.c.o
LOAD CMakeFiles/Basic_workflow.dir/cygdrive/c/ETAS/RTA-CAR_12.2.0/RTA-CAR/workspace/Basic_Workflow/src/bsw/EcuM/EcuM_Cfg_Startup.c.o
LOAD CMakeFiles/Basic_workflow.dir/cygdrive/c/ETAS/RTA-CAR_12.2.0/RTA-CAR/workspace/Basic_Workflow/src/bsw/EcuM/EcuM_Cfg_SynchPoint.c.o
LOAD CMakeFiles/Basic_workflow.dir/cygdrive/c/ETAS/RTA-CAR_12.2.0/RTA-CAR/workspace/Basic_Workflow/src/bsw/EcuM/EcuM_Lcfg.c.o
LOAD CMakeFiles/Basic_workflow.dir/cygdrive/c/ETAS/RTA-CAR_12.2.0/RTA-CAR/workspace/Basic_Workflow/src/bsw/EcuM/EcuM_PBcfg.c.o
LOAD CMakeFiles/Basic_workflow.dir/cygdrive/c/ETAS/RTA-CAR_12.2.0/RTA-CAR/workspace/Basic_Workflow/src/bsw/EcuM/integration/EcuM_Callout_Stubs.c.o
LOAD CMakeFiles/Basic_workflow.dir/cygdrive/c/ETAS/RTA-CAR_12.2.0/RTA-CAR/workspace/Basic_Workflow/src/bsw/EcuM/src/EcuM_BootTarget.c.o
LOAD CMakeFiles/Basic_workflow.dir/cygdrive/c/ETAS/RTA-CAR_12.2.0/RTA-CAR/workspace/Basic_Workflow/src/bsw/EcuM/src/EcuM_CurrentState.c.o
LOAD CMakeFiles/Basic_workflow.dir/cygdrive/c/ETAS/RTA-CAR_12.2.0/RTA-CAR/workspace/Basic_Workflow/src/bsw/EcuM/src/EcuM_KillAllRequests.c.o
LOAD CMakeFiles/Basic_workflow.dir/cygdrive/c/ETAS/RTA-CAR_12.2.0/RTA-CAR/workspace/Basic_Workflow/src/bsw/EcuM/src/EcuM_MainFunction.c.o
LOAD CMakeFiles/Basic_workflow.dir/cygdrive/c/ETAS/RTA-CAR_12.2.0/RTA-CAR/workspace/Basic_Workflow/src/bsw/EcuM/src/EcuM_Misc.c.o
LOAD CMakeFiles/Basic_workflow.dir/cygdrive/c/ETAS/RTA-CAR_12.2.0/RTA-CAR/workspace/Basic_Workflow/src/bsw/EcuM/src/EcuM_Prv.c.o
LOAD CMakeFiles/Basic_workflow.dir/cygdrive/c/ETAS/RTA-CAR_12.2.0/RTA-CAR/workspace/Basic_Workflow/src/bsw/EcuM/src/EcuM_Prv_RteActions.c.o
LOAD CMakeFiles/Basic_workflow.dir/cygdrive/c/ETAS/RTA-CAR_12.2.0/RTA-CAR/workspace/Basic_Workflow/src/bsw/EcuM/src/EcuM_ReleasePOST_RUN.c.o
LOAD CMakeFiles/Basic_workflow.dir/cygdrive/c/ETAS/RTA-CAR_12.2.0/RTA-CAR/workspace/Basic_Workflow/src/bsw/EcuM/src/EcuM_ReleaseRUN.c.o
LOAD CMakeFiles/Basic_workflow.dir/cygdrive/c/ETAS/RTA-CAR_12.2.0/RTA-CAR/workspace/Basic_Workflow/src/bsw/EcuM/src/EcuM_RequestPOST_RUN.c.o
LOAD CMakeFiles/Basic_workflow.dir/cygdrive/c/ETAS/RTA-CAR_12.2.0/RTA-CAR/workspace/Basic_Workflow/src/bsw/EcuM/src/EcuM_RequestRUN.c.o
LOAD CMakeFiles/Basic_workflow.dir/cygdrive/c/ETAS/RTA-CAR_12.2.0/RTA-CAR/workspace/Basic_Workflow/src/bsw/EcuM/src/EcuM_SetState.c.o
LOAD CMakeFiles/Basic_workflow.dir/cygdrive/c/ETAS/RTA-CAR_12.2.0/RTA-CAR/workspace/Basic_Workflow/src/bsw/EcuM/src/EcuM_Shutdown.c.o
LOAD CMakeFiles/Basic_workflow.dir/cygdrive/c/ETAS/RTA-CAR_12.2.0/RTA-CAR/workspace/Basic_Workflow/src/bsw/EcuM/src/EcuM_ShutdownServices.c.o
LOAD CMakeFiles/Basic_workflow.dir/cygdrive/c/ETAS/RTA-CAR_12.2.0/RTA-CAR/workspace/Basic_Workflow/src/bsw/EcuM/src/EcuM_Sleep.c.o
LOAD CMakeFiles/Basic_workflow.dir/cygdrive/c/ETAS/RTA-CAR_12.2.0/RTA-CAR/workspace/Basic_Workflow/src/bsw/EcuM/src/EcuM_Startup.c.o
LOAD CMakeFiles/Basic_workflow.dir/cygdrive/c/ETAS/RTA-CAR_12.2.0/RTA-CAR/workspace/Basic_Workflow/src/bsw/EcuM/src/EcuM_WakeupServices.c.o
LOAD CMakeFiles/Basic_workflow.dir/cygdrive/c/ETAS/RTA-CAR_12.2.0/RTA-CAR/workspace/Basic_Workflow/src/rte/Rte.c.o
LOAD CMakeFiles/Basic_workflow.dir/cygdrive/c/ETAS/RTA-CAR_12.2.0/RTA-CAR/workspace/Basic_Workflow/src/rte/Rte_Lib.c.o
LOAD CMakeFiles/Basic_workflow.dir/cygdrive/c/ETAS/RTA-CAR_12.2.0/RTA-CAR/workspace/Basic_Workflow/src/mcal/Can_Device.cpp.o
LOAD CMakeFiles/Basic_workflow.dir/cygdrive/c/ETAS/RTA-CAR_12.2.0/RTA-CAR/workspace/Basic_Workflow/src/mcal/Can_HwProvider.cpp.o
LOAD CMakeFiles/Basic_workflow.dir/cygdrive/c/ETAS/RTA-CAR_12.2.0/RTA-CAR/workspace/Basic_Workflow/src/mcal/Can_Implementation.cpp.o
LOAD CMakeFiles/Basic_workflow.dir/cygdrive/c/ETAS/RTA-CAR_12.2.0/RTA-CAR/workspace/Basic_Workflow/src/mcal/Mcu_Device.cpp.o
LOAD CMakeFiles/Basic_workflow.dir/cygdrive/c/ETAS/RTA-CAR_12.2.0/RTA-CAR/workspace/Basic_Workflow/src/mcal/Mcu_Implementation.cpp.o
LOAD CMakeFiles/Basic_workflow.dir/cygdrive/c/ETAS/RTA-CAR_12.2.0/RTA-CAR/workspace/Basic_Workflow/src/mcal/VirtualCan.cpp.o
LOAD CMakeFiles/Basic_workflow.dir/cygdrive/c/ETAS/RTA-CAR_12.2.0/RTA-CAR/workspace/Basic_Workflow/src/vrta/VRTA_SystemClock.cpp.o
LOAD CMakeFiles/Basic_workflow.dir/cygdrive/c/ETAS/RTA-CAR_12.2.0/RTA-CAR/workspace/Basic_Workflow/src/vrta/Vrta_Cfg.cpp.o
LOAD CMakeFiles/Basic_workflow.dir/cygdrive/c/ETAS/RTA-CAR_12.2.0/RTA-CAR/workspace/Basic_Workflow/src/vrta/target.cpp.o
LOAD /usr/lib/w32api/libwinmm.a
LOAD /usr/lib/w32api/libws2_32.a
LOAD /usr/lib/gcc/x86_64-pc-cygwin/11/libstdc++.a
LOAD /usr/lib/gcc/x86_64-pc-cygwin/11/libstdc++.a
LOAD /usr/lib/gcc/x86_64-pc-cygwin/11/libgcc.a
LOAD /usr/lib/gcc/x86_64-pc-cygwin/11/libgcc_eh.a
LOAD /usr/lib/gcc/x86_64-pc-cygwin/11/../../../../lib/libcygwin.a
LOAD /usr/lib/w32api/libadvapi32.a
LOAD /usr/lib/w32api/libshell32.a
LOAD /usr/lib/w32api/libuser32.a
LOAD /usr/lib/w32api/libkernel32.a
LOAD /usr/lib/gcc/x86_64-pc-cygwin/11/libgcc.a
LOAD /usr/lib/gcc/x86_64-pc-cygwin/11/libgcc_eh.a
LOAD /usr/lib/gcc/x86_64-pc-cygwin/11/../../../../lib/default-manifest.o
LOAD /usr/lib/gcc/x86_64-pc-cygwin/11/crtend.o
                0x0000000000000480                . = SIZEOF_HEADERS
                0x0000000000001000                . = ALIGN (__section_alignment__)

.text           0x0000000100401000    0x29e00
 *(SORT_NONE(.init))
 *(.text)
 .text          0x0000000100401000       0x50 /usr/lib/gcc/x86_64-pc-cygwin/11/../../../../lib/crt0.o
                0x0000000100401000                WinMainCRTStartup
                0x0000000100401000                mainCRTStartup
 .text          0x0000000100401050       0x30 /usr/lib/gcc/x86_64-pc-cygwin/11/crtbegin.o
                0x0000000100401050                __gcc_register_frame
                0x0000000100401070                __gcc_deregister_frame
 .text          0x0000000100401080      0xe40 CMakeFiles/Basic_workflow.dir/Unity/unity_4_c.c.o
                0x0000000100401080                PduR_GetConfigurationId
                0x000000010040109b                PduR_dGetConfigurationId
                0x00000001004010bf                PduR_iGetConfigurationId
                0x00000001004010d7                PduR_Init
                0x00000001004010f3                PduR_dInit
                0x0000000100401119                PduR_iInit
                0x0000000100401150                PduR_iInit_multicast
                0x0000000100401181                PduR_invId_IfTriggerTransmit
                0x0000000100401196                PduR_invId_UpCancelReceive
                0x00000001004011a7                PduR_invId_UpCancelTransmit
                0x00000001004011b8                PduR_MF_UpToLo
                0x000000010040135e                PduR_MF_CancelTransmit_UpToLo
                0x00000001004013ff                PduR_MF_Com_Transmit_Func
                0x0000000100401438                PduR_GwMcTx_Transmit_Func
                0x000000010040146e                PduR_NF_TriggerTransmit_Func
                0x0000000100401483                rba_BswSrv_FifoPeek
                0x00000001004014a2                rba_BswSrv_FifoPop
                0x00000001004014c9                rba_BswSrv_FifoPush
                0x00000001004014ec                rba_BswSrv_FifoInitPush
                0x0000000100401507                rba_BswSrv_FifoInitPop
                0x0000000100401522                rba_BswSrv_MemCompare
                0x00000001004016ac                rba_BswSrv_MemCopy
                0x00000001004017b3                rba_BswSrv_MemSet
                0x00000001004018b5                rba_DiagLib_ByteOrderUtils_Dummy
                0x00000001004018c0                Dem_ReportErrorStatus
                0x00000001004018d2                Dem_SetEventStatus
                0x00000001004018e4                Can_Init
                0x0000000100401900                Can_InitController
                0x0000000100401927                Can_SetControllerMode
                0x0000000100401951                Can_DisableControllerInterrupts
                0x0000000100401970                Can_EnableControllerInterrupts
                0x000000010040198f                Can_CheckWakeup
                0x00000001004019ad                Can_Write
                0x00000001004019e0                Can_MainFunction_Write
                0x00000001004019f9                Can_MainFunction_Read
                0x0000000100401a12                Can_MainFunction_BusOff
                0x0000000100401a2b                Can_MainFunction_Wakeup
                0x0000000100401a44                Can_MainFunction_Mode
                0x0000000100401a58                Can_DeInit
                0x0000000100401a6c                Can_GetControllerErrorState
                0x0000000100401a92                Can_GetControllerMode
                0x0000000100401ab8                Can_GetControllerRxErrorCounter
                0x0000000100401ade                Can_GetControllerTxErrorCounter
                0x0000000100401b04                Os_Entry_Can_IrqHandler
                0x0000000100401b18                mcal_warn
                0x0000000100401b3f                mcal_error
                0x0000000100401bd1                mcal_printf
                0x0000000100401c54                Mcu_Init
                0x0000000100401c75                Mcu_InitRamSection
                0x0000000100401c93                Mcu_InitClock
                0x0000000100401cb1                Mcu_GetPllStatus
                0x0000000100401cc9                Mcu_GetResetReason
                0x0000000100401ce1                Mcu_GetResetRawValue
                0x0000000100401cf9                Mcu_PerformReset
                0x0000000100401d12                Mcu_SetMode
                0x0000000100401d31                Os_Entry_InitTask
                0x0000000100401d4f                ErrorHook
                0x0000000100401ddf                StartupHook
                0x0000000100401df3                ShutdownHook
                0x0000000100401dff                Os_Cbk_Idle
                0x0000000100401e2c                Os_Cbk_GetStopwatch
                0x0000000100401e45                Os_Cbk_CheckMemoryAccess
                0x0000000100401e61                Os_Entry_VECU_SystemClock_ISR
                0x0000000100401e99                vrta_app_main
 .text          0x0000000100401ec0     0x1950 CMakeFiles/Basic_workflow.dir/Unity/unity_3_c.c.o
                0x0000000100401ec0                ComM_MainFunction_Can_Network_Channel_Can_Network
                0x0000000100401ed9                ComM_Prv_ValidateUserId
                0x0000000100401efb                ComM_Prv_getLeastBusSmMode
                0x0000000100401f60                ComM_Prv_UpdateChannelModes
                0x00000001004020b5                ComM_Nm_TransmissionFailure
                0x00000001004020c1                ComM_Nm_NetworkTimeoutException
                0x00000001004020cd                ComM_BusSM_BusSleepMode
                0x0000000100402165                ComM_BusSM_ModeIndication
                0x0000000100402187                ComM_CommunicationAllowed
                0x00000001004021e4                ComM_DCM_ActiveDiagnostic
                0x000000010040226f                ComM_DCM_InactiveDiagnostic
                0x00000001004022bb                ComM_DeInit
                0x0000000100402335                ComM_EcuM_PNCWakeUpIndication
                0x0000000100402341                ComM_EcuM_WakeUpIndication
                0x00000001004023d0                ComM_GetCurrentComMode
                0x0000000100402433                ComM_GetCurrentPNCComMode
                0x0000000100402485                ComM_GetMaxComMode
                0x00000001004024e2                ComM_GetRequestedComMode
                0x0000000100402568                ComM_GetStatus
                0x0000000100402591                ComM_Init
                0x0000000100402754                ComM_Prv_ChannelMainFunction
                0x0000000100402ff2                ComM_Nm_BusSleepMode
                0x0000000100403095                ComM_Nm_ForwardSynchronizedPncShutdown
                0x00000001004030a1                ComM_Nm_NetworkMode
                0x0000000100403138                ComM_Nm_NetworkStartIndication
                0x00000001004031f9                ComM_Nm_PrepareBusSleepMode
                0x000000010040328f                ComM_Nm_RestartIndication
                0x0000000100403350                ComM_RequestComMode
                0x0000000100403505                PduR_ComTransmit
                0x000000010040352c                PduR_CanIfTxConfirmation
                0x0000000100403555                PduR_CanIfRxIndication
                0x000000010040357d                PduR_dCanIfRxIndication
                0x0000000100403651                PduR_dCanIfTxConfirmation
                0x00000001004036f6                PduR_dComTransmit
                0x00000001004037d7                PduR_DisableRouting
                0x00000001004037e9                PduR_EnableRouting
                0x00000001004037f6                PduR_GF_DDIf_NoBuf_TxConfirmation_Func
 .text          0x0000000100403810     0x4fa0 CMakeFiles/Basic_workflow.dir/Unity/unity_2_c.c.o
                0x0000000100403810                Com_GetStatus
                0x000000010040381c                Com_Init
                0x0000000100403ce9                Com_InvalidateSignal
                0x0000000100403cfa                Com_Prv_RxIPduStart
                0x0000000100403d0b                Com_Prv_TxIPduStart
                0x0000000100404070                Com_Prv_TxIPduStop
                0x00000001004041fb                Com_IpduGroupStart
                0x00000001004045a9                Com_IpduGroupStop
                0x00000001004049c4                Com_Prv_InternalMainFunctionTx
                0x00000001004056a2                Com_IsTxScheduled
                0x000000010040576f                Com_Prv_PackSignal
                0x000000010040592f                Com_Prv_ProcessSignal
                0x0000000100405e77                Com_ReceiveSignal
                0x0000000100405fbe                Com_Prv_CopyData_Sig_UnsignedType
                0x00000001004061d0                Com_Prv_CopyData_Sig_SignedType
                0x0000000100406355                Com_RxIndication
                0x000000010040651e                Com_Prv_ProcessRxIPdu
                0x0000000100406580                Com_Prv_InvokeRxNotifications
                0x00000001004066fb                Com_Prv_RxReplaceSignal
                0x000000010040693d                Com_Prv_SendIpdu
                0x0000000100406fe8                Com_SendSignal
                0x000000010040703f                Com_Prv_InternalSendSignal
                0x00000001004074b8                Com_SwitchIpduTxMode
                0x0000000100407799                Com_TriggerIPDUSend
                0x00000001004078b2                Com_TriggerTransmit
                0x00000001004079e2                Com_Prv_TxChangeMode
                0x0000000100407ee8                Com_Prv_SigTxChangeMode
                0x00000001004082e6                Com_TxConfirmation
                0x0000000100408390                Com_Prv_InternalTxConfirmation
                0x0000000100408595                Com_Prv_UnpackSignal
 .text          0x00000001004087b0     0x5c20 CMakeFiles/Basic_workflow.dir/Unity/unity_1_c.c.o
                0x00000001004087b0                CanIf_Integn_ControllerErrorPassive
                0x00000001004087bc                CanIf_ResetDynamicTxId
                0x00000001004087c9                CanIf_Rb_ReadTxPduCanId
                0x0000000100408888                CanIf_Rb_ReadRxPduCanId
                0x00000001004088fe                CanIf_ReturnTxPduId
                0x00000001004089f3                CanIf_ReturnRxPduId
                0x0000000100408abf                CanIf_ReadTxNotifStatus
                0x0000000100408b73                CanIf_ReadRxNotifStatus
                0x0000000100408c36                CanIf_Integn_RxIndication
                0x0000000100408ea3                CanIf_XCore_LocalCore_RxIndication
                0x0000000100408efd                CanIf_Transmit
                0x0000000100408fd6                CanIf_XCore_LocalCore_Transmit
                0x000000010040927c                CanIf_Integn_TxConfirmation
                0x00000001004093ca                CanIf_XCore_LocalCore_TxConfirmation
                0x000000010040940c                CanSM_ControllerBusOff
                0x000000010040987e                CanSM_BusOffTransitions
                0x000000010040a030                CanSM_BOR_MultipleCtrlsStop
                0x000000010040a1ae                CanSM_BOR_CtrlsStart
                0x000000010040a34b                CanSM_Rb_DisableBusOffRecovery
                0x000000010040a37e                CanSM_GetMutex
                0x000000010040a3c7                CanSM_GetBusoff_Substate
                0x000000010040a456                CanSM_BOR_CtrlsStart_SilentCom
                0x000000010040a6a0                CanSM_ControllerModeIndication
                0x000000010040a85d                CanSM_GetCurrentComMode
                0x000000010040a901                CanSM_Init
                0x000000010040aca8                CanSM_DeInitPnNotSupported
                0x000000010040b323                CanSM_GetHandle
                0x000000010040b38e                CanSM_StopCtrl
                0x000000010040b714                CanSM_StartCtrl
                0x000000010040ba12                CanSM_SleepCtrl
                0x000000010040bb8d                CanSM_NO2FULL_COM
                0x000000010040c328                CanSM_FULL2SILENT_COM
                0x000000010040c466                CanSM_SILENT2FULL_COM
                0x000000010040c5fb                CanSM_TxTimeoutException_StateMachine
                0x000000010040ca57                CanSM_WakeUpValidation_StateMachine
                0x000000010040cf52                CanSM_PreNoCom_Exit
                0x000000010040d094                CanSM_BOR_SilentCom_Exit
                0x000000010040d243                CanSM_MainFunction
                0x000000010040d5d0                CanSM_NetworkModeTrans
                0x000000010040d9d5                CanSM_GetNetworkMode_Substate
                0x000000010040da4d                CanSM_RequestComMode
                0x000000010040def1                CanSM_StartWakeupSource
                0x000000010040dff9                CanSM_StopWakeupSource
                0x000000010040e120                CanSM_TxTimeoutException
                0x000000010040e1bc                Com_MainFunctionRx_ComMainFunctionRx
                0x000000010040e1c3                Com_MainFunctionTx_ComMainFunctionTx
                0x000000010040e1dc                Com_ByteCopy
                0x000000010040e23a                Com_DeInit
                0x000000010040e34b                Com_Prv_Filter
 .text          0x000000010040e3d0     0x25b0 CMakeFiles/Basic_workflow.dir/Unity/unity_0_c.c.o
                0x000000010040e3d0                BswM_Appl_IncompatibleGenerator
                0x000000010040e3d7                BswM_Init
                0x000000010040e490                BswM_Deinit
                0x000000010040e49e                BswM_GetVersionInfo
                0x000000010040e4dc                BswM_MainFunction
                0x000000010040e584                BswM_CanSM_CurrentState
                0x000000010040e593                BswM_ComM_CurrentMode
                0x000000010040e6ec                BswM_ComM_CurrentPNCMode
                0x000000010040e6fb                BswM_ComM_InitiateReset
                0x000000010040e702                BswM_EcuM_CurrentState
                0x000000010040e70e                BswM_EcuM_CurrentWakeup
                0x000000010040e71d                BswM_EcuM_RequestedState
                0x000000010040e72e                BswM_RequestMode
                0x000000010040e8b3                BswM_Prv_CopyModeInitValues
                0x000000010040e9f4                BswM_Prv_CopyRuleInitSates
                0x000000010040ef28                BswM_Prv_Evaluate_Action
                0x000000010040ef8a                BswM_Prv_Evaluate_ActionList
                0x000000010040f0ef                BswM_Prv_IntrptQueueIn
                0x000000010040f206                BswM_Prv_IntrptQueueOut
                0x000000010040f3ce                BswM_Prv_GetComMMRPIndex_b
                0x000000010040f448                BswM_Prv_GetGenReqMRPIndex_b
                0x000000010040f4c4                BswM_Prv_ReqProcessOrQueue_b
                0x000000010040f55d                BswM_Prv_RuleEval
                0x000000010040f5c8                BswM_Prv_ClearAllDeferredRequests
                0x000000010040f6b6                BswM_Prv_StoreDeferredRequest
                0x000000010040f8af                BswM_Prv_ProcessDeferredReqst
                0x000000010040f9ca                BswM_Prv_GetComMIndicationInfo_en
                0x000000010040fa9d                BswM_Prv_GetGenReqInfo_en
                0x000000010040fb77                BswM_Prv_ProcessDelayedReqst
                0x000000010040fd03                BswM_Prv_Evaluate_Rule
                0x000000010040fe7d                BswM_Prv_Arbitrate_Rule
                0x000000010040ff39                BswM_WdgM_RequestPartitionReset
                0x00000001004100b2                BswM_Cfg_ProcessSchMSwitchFunction
                0x0000000100410148                BswM_Cfg_ProcessUserCalloutFunction
                0x000000010041017f                BswM_Cfg_LE_BswM_LE_GoDown
                0x00000001004101c3                BswM_Cfg_LE_BswM_LE_InitBlockReadAllComplete
                0x0000000100410207                BswM_Cfg_LE_BswM_LE_Run
                0x0000000100410283                BswM_Cfg_LE_BswM_LE_Shutdown
                0x00000001004102fc                BswM_Cfg_LE_BswM_LE_StartCom
                0x0000000100410340                BswM_Cfg_DfrdBswNotification_BswM_MRP_BswM_MDG_ECUM_STATE_APP_RUN
                0x000000010041035e                BswM_Cfg_DfrdBswNotification_BswM_MRP_BswM_MDG_ECUM_STATE_APP_POST_RUN
                0x000000010041037c                BswM_Cfg_DfrdBswNotification_BswM_MRP_BswM_MDG_ECUM_STATE_PREP_SHUTDOWN
                0x000000010041039a                BswM_Cfg_DfrdBswNotification_BswM_MRP_BswM_MDG_ECUM_STATE_RUN
                0x00000001004103b8                CanIf_RxIndication
                0x00000001004103df                CanIf_TxConfirmation
                0x00000001004103ff                CanIf_ControllerBusOff
                0x000000010041041e                CanIf_ControllerModeIndication
                0x0000000100410443                CanIf_ControllerErrorPassive
                0x0000000100410462                Can_Integn_SetControllerMode
                0x0000000100410486                Can_Integn_GetControllerMode
                0x00000001004104ac                Can_Integn_Write
                0x00000001004104d3                CanIf_SetControllerMode
                0x00000001004105db                CanIf_GetControllerMode
                0x00000001004106bb                CanIf_Integn_ControllerBusOff
                0x000000010041072c                CanIf_Integn_ControllerModeIndication
                0x00000001004107a9                CanIf_Init
                0x0000000100410878                CanIf_DeInit
                0x0000000100410883                CanIf_SetPduMode
                0x000000010041091b                CanIf_GetPduMode
 .text          0x0000000100410980       0xb0 CMakeFiles/Basic_workflow.dir/cygdrive/c/ETAS/RTA-CAR_12.2.0/RTA-CAR/workspace/Basic_Workflow/src/asw/MySWC.c.o
                0x0000000100410980                RE_MySWC_func
 .text          0x0000000100410a30       0xd0 CMakeFiles/Basic_workflow.dir/cygdrive/c/ETAS/RTA-CAR_12.2.0/RTA-CAR/workspace/Basic_Workflow/src/bsw/Det/src/Det.c.o
                0x0000000100410a30                Det_Init
                0x0000000100410a78                Det_Start
                0x0000000100410a7f                Det_ReportError
                0x0000000100410aa3                Det_ReportRuntimeError
                0x0000000100410ac7                Det_ReportTransientFault
 .text          0x0000000100410b00        0x0 CMakeFiles/Basic_workflow.dir/cygdrive/c/ETAS/RTA-CAR_12.2.0/RTA-CAR/workspace/Basic_Workflow/src/bsw/EcuM/EcuM_Cfg.c.o
 .text          0x0000000100410b00       0x10 CMakeFiles/Basic_workflow.dir/cygdrive/c/ETAS/RTA-CAR_12.2.0/RTA-CAR/workspace/Basic_Workflow/src/bsw/EcuM/EcuM_Cfg_PbExt.c.o
                0x0000000100410b00                EcuM_Prv_GetPbVariantIndex
 .text          0x0000000100410b10       0x10 CMakeFiles/Basic_workflow.dir/cygdrive/c/ETAS/RTA-CAR_12.2.0/RTA-CAR/workspace/Basic_Workflow/src/bsw/EcuM/EcuM_Cfg_RbMo.c.o
                0x0000000100410b10                EcuM_RbMoInitCheck
 .text          0x0000000100410b20        0x0 CMakeFiles/Basic_workflow.dir/cygdrive/c/ETAS/RTA-CAR_12.2.0/RTA-CAR/workspace/Basic_Workflow/src/bsw/EcuM/EcuM_Cfg_Shutdown.c.o
 .text          0x0000000100410b20       0x10 CMakeFiles/Basic_workflow.dir/cygdrive/c/ETAS/RTA-CAR_12.2.0/RTA-CAR/workspace/Basic_Workflow/src/bsw/EcuM/EcuM_Cfg_Sleep.c.o
                0x0000000100410b20                EcuM_Prv_GetResource
                0x0000000100410b27                EcuM_Prv_ReleaseResource
 .text          0x0000000100410b30       0x80 CMakeFiles/Basic_workflow.dir/cygdrive/c/ETAS/RTA-CAR_12.2.0/RTA-CAR/workspace/Basic_Workflow/src/bsw/EcuM/EcuM_Cfg_Startup.c.o
                0x0000000100410b30                EcuM_AL_DriverInitZero
                0x0000000100410b37                EcuM_AL_DriverInitOne
 .text          0x0000000100410bb0       0x10 CMakeFiles/Basic_workflow.dir/cygdrive/c/ETAS/RTA-CAR_12.2.0/RTA-CAR/workspace/Basic_Workflow/src/bsw/EcuM/EcuM_Cfg_SynchPoint.c.o
                0x0000000100410bb0                EcuM_Synch_Point
 .text          0x0000000100410bc0        0x0 CMakeFiles/Basic_workflow.dir/cygdrive/c/ETAS/RTA-CAR_12.2.0/RTA-CAR/workspace/Basic_Workflow/src/bsw/EcuM/EcuM_Lcfg.c.o
 .text          0x0000000100410bc0        0x0 CMakeFiles/Basic_workflow.dir/cygdrive/c/ETAS/RTA-CAR_12.2.0/RTA-CAR/workspace/Basic_Workflow/src/bsw/EcuM/EcuM_PBcfg.c.o
 .text          0x0000000100410bc0       0x90 CMakeFiles/Basic_workflow.dir/cygdrive/c/ETAS/RTA-CAR_12.2.0/RTA-CAR/workspace/Basic_Workflow/src/bsw/EcuM/integration/EcuM_Callout_Stubs.c.o
                0x0000000100410bc0                EcuM_ErrorHook
                0x0000000100410bcc                EcuM_DeterminePbConfiguration
                0x0000000100410bdc                EcuM_OnGoOffOne
                0x0000000100410bea                EcuM_OnGoOffTwo
                0x0000000100410bf8                EcuM_AL_SwitchOff
                0x0000000100410c06                EcuM_AL_Reset
                0x0000000100410c12                EcuM_CheckWakeup
                0x0000000100410c1c                EcuM_StartWakeupSources
                0x0000000100410c26                EcuM_StopWakeupSources
                0x0000000100410c30                EcuM_CheckValidation
                0x0000000100410c3a                EcuM_SwitchOsAppMode
 .text          0x0000000100410c50       0xa0 CMakeFiles/Basic_workflow.dir/cygdrive/c/ETAS/RTA-CAR_12.2.0/RTA-CAR/workspace/Basic_Workflow/src/bsw/EcuM/src/EcuM_BootTarget.c.o
                0x0000000100410c50                EcuM_GetBootTarget
                0x0000000100410ca0                EcuM_SelectBootTarget
 .text          0x0000000100410cf0        0x0 CMakeFiles/Basic_workflow.dir/cygdrive/c/ETAS/RTA-CAR_12.2.0/RTA-CAR/workspace/Basic_Workflow/src/bsw/EcuM/src/EcuM_CurrentState.c.o
 .text          0x0000000100410cf0        0x0 CMakeFiles/Basic_workflow.dir/cygdrive/c/ETAS/RTA-CAR_12.2.0/RTA-CAR/workspace/Basic_Workflow/src/bsw/EcuM/src/EcuM_KillAllRequests.c.o
 .text          0x0000000100410cf0      0x250 CMakeFiles/Basic_workflow.dir/cygdrive/c/ETAS/RTA-CAR_12.2.0/RTA-CAR/workspace/Basic_Workflow/src/bsw/EcuM/src/EcuM_MainFunction.c.o
                0x0000000100410cf0                EcuM_MainFunction
 .text          0x0000000100410f40        0x0 CMakeFiles/Basic_workflow.dir/cygdrive/c/ETAS/RTA-CAR_12.2.0/RTA-CAR/workspace/Basic_Workflow/src/bsw/EcuM/src/EcuM_Misc.c.o
 .text          0x0000000100410f40      0x580 CMakeFiles/Basic_workflow.dir/cygdrive/c/ETAS/RTA-CAR_12.2.0/RTA-CAR/workspace/Basic_Workflow/src/bsw/EcuM/src/EcuM_Prv.c.o
                0x0000000100410f40                EcuM_Prv_WakeupIndication
                0x0000000100411153                EcuM_Prv_DecValidationCtr
                0x0000000100411179                EcuM_Prv_PBPointerConsistencyCheck
                0x000000010041123f                EcuM_Prv_SetDefinedMcuWakeupSource
                0x00000001004112b9                EcuM_Prv_StartOS
                0x00000001004112f5                EcuM_Prv_hasCheckWakeupSourceGetHandle_b
                0x0000000100411323                EcuM_Prv_ComMWakeupHandling
 .text          0x00000001004114c0        0x0 CMakeFiles/Basic_workflow.dir/cygdrive/c/ETAS/RTA-CAR_12.2.0/RTA-CAR/workspace/Basic_Workflow/src/bsw/EcuM/src/EcuM_Prv_RteActions.c.o
 .text          0x00000001004114c0        0x0 CMakeFiles/Basic_workflow.dir/cygdrive/c/ETAS/RTA-CAR_12.2.0/RTA-CAR/workspace/Basic_Workflow/src/bsw/EcuM/src/EcuM_ReleasePOST_RUN.c.o
 .text          0x00000001004114c0        0x0 CMakeFiles/Basic_workflow.dir/cygdrive/c/ETAS/RTA-CAR_12.2.0/RTA-CAR/workspace/Basic_Workflow/src/bsw/EcuM/src/EcuM_ReleaseRUN.c.o
 .text          0x00000001004114c0        0x0 CMakeFiles/Basic_workflow.dir/cygdrive/c/ETAS/RTA-CAR_12.2.0/RTA-CAR/workspace/Basic_Workflow/src/bsw/EcuM/src/EcuM_RequestPOST_RUN.c.o
 .text          0x00000001004114c0        0x0 CMakeFiles/Basic_workflow.dir/cygdrive/c/ETAS/RTA-CAR_12.2.0/RTA-CAR/workspace/Basic_Workflow/src/bsw/EcuM/src/EcuM_RequestRUN.c.o
 .text          0x00000001004114c0        0x0 CMakeFiles/Basic_workflow.dir/cygdrive/c/ETAS/RTA-CAR_12.2.0/RTA-CAR/workspace/Basic_Workflow/src/bsw/EcuM/src/EcuM_SetState.c.o
 .text          0x00000001004114c0      0x150 CMakeFiles/Basic_workflow.dir/cygdrive/c/ETAS/RTA-CAR_12.2.0/RTA-CAR/workspace/Basic_Workflow/src/bsw/EcuM/src/EcuM_Shutdown.c.o
                0x00000001004114c0                EcuM_GoDownHaltPoll
                0x000000010041151c                EcuM_GoDown
                0x00000001004115b2                EcuM_Shutdown
 .text          0x0000000100411610      0x1c0 CMakeFiles/Basic_workflow.dir/cygdrive/c/ETAS/RTA-CAR_12.2.0/RTA-CAR/workspace/Basic_Workflow/src/bsw/EcuM/src/EcuM_ShutdownServices.c.o
                0x0000000100411610                EcuM_SelectShutdownCause
                0x0000000100411660                EcuM_GetShutdownCause
                0x00000001004116a5                EcuM_SelectShutdownTarget
                0x0000000100411729                EcuM_GetShutdownTarget
                0x00000001004117a6                EcuM_GetLastShutdownTarget
 .text          0x00000001004117d0        0x0 CMakeFiles/Basic_workflow.dir/cygdrive/c/ETAS/RTA-CAR_12.2.0/RTA-CAR/workspace/Basic_Workflow/src/bsw/EcuM/src/EcuM_Sleep.c.o
 .text          0x00000001004117d0      0x150 CMakeFiles/Basic_workflow.dir/cygdrive/c/ETAS/RTA-CAR_12.2.0/RTA-CAR/workspace/Basic_Workflow/src/bsw/EcuM/src/EcuM_Startup.c.o
                0x00000001004117d0                EcuM_Init
                0x00000001004118bb                EcuM_StartupTwo
 .text          0x0000000100411920      0x4a0 CMakeFiles/Basic_workflow.dir/cygdrive/c/ETAS/RTA-CAR_12.2.0/RTA-CAR/workspace/Basic_Workflow/src/bsw/EcuM/src/EcuM_WakeupServices.c.o
                0x0000000100411920                EcuM_SetWakeupEvent
                0x0000000100411ac6                EcuM_ValidateWakeupEvent
                0x0000000100411ba0                EcuM_ClearWakeupEvent
                0x0000000100411d0a                EcuM_GetPendingWakeupEvents
                0x0000000100411d45                EcuM_GetValidatedWakeupEvents
                0x0000000100411d80                EcuM_GetExpiredWakeupEvents
 .text          0x0000000100411dc0      0x200 CMakeFiles/Basic_workflow.dir/cygdrive/c/ETAS/RTA-CAR_12.2.0/RTA-CAR/workspace/Basic_Workflow/src/rte/Rte.c.o
                0x0000000100411dc0                SchM_Mode_BswM_MDGR_BswM_MRP_BswM_MDG
                0x0000000100411de6                SchM_Switch_BswM_MDGP_ModeDeclarationGroups_MDG_ECUM_STATE
                0x0000000100411e52                Rte_Write_CPT_MySWC_ApplicationECU_PPortPrototype_0_DE_MyDataElement
                0x0000000100411e83                Rte_COMCbk_S_TestECU_To_ApplicationECU_Data_Can_Network_Channel_CAN_Rx
                0x0000000100411ed4                Os_Entry_OsTask_ASW
                0x0000000100411f0e                Os_Entry_OsTask_BSW
 .text          0x0000000100411fc0      0x650 CMakeFiles/Basic_workflow.dir/cygdrive/c/ETAS/RTA-CAR_12.2.0/RTA-CAR/workspace/Basic_Workflow/src/rte/Rte_Lib.c.o
                0x0000000100411fc0                Rte_ActivateRE
                0x0000000100412020                Rte_DecrementWaitingCount
                0x0000000100412032                Rte_GetCurrentTaskIndex
                0x0000000100412041                Rte_MainFunction
                0x0000000100412048                Rte_ReadQueue
                0x0000000100412125                Rte_SetEvent
                0x0000000100412142                SchM_Init
                0x000000010041215b                SchM_Deinit
                0x0000000100412174                Rte_WaitWithTimeout
                0x000000010041218a                Rte_WriteQueue
                0x000000010041232f                Rte_WriteQueue_GetProtection
                0x0000000100412432                Rte_WriteQueue_ReleaseProtection
                0x0000000100412541                Rte_memcpy
                0x000000010041259f                Rte_Start
                0x00000001004125d8                Rte_Stop
 .text          0x0000000100412610      0x3a0 CMakeFiles/Basic_workflow.dir/cygdrive/c/ETAS/RTA-CAR_12.2.0/RTA-CAR/workspace/Basic_Workflow/src/mcal/Can_Device.cpp.o
                0x0000000100412610                Can_ReportDETError(unsigned int, unsigned int, unsigned int)
                0x0000000100412621                Can_ReportRuntimeError(unsigned int, unsigned int, unsigned int)
                0x0000000100412632                Can_RaiseInterrupt()
                0x0000000100412650                Can_RaiseWriteEvent(int, unsigned char, unsigned char, unsigned short, Can_Hwp_Frame*)
                0x00000001004126a6                Can_RaiseRxEvent(int, unsigned short, Can_Hwp_Frame*)
                0x00000001004126e2                Can_RaiseTxEvent(int, unsigned short, Can_Hwp_Frame*)
                0x000000010041271e                Can_RaiseStateEvent(int, Can_EventState, char const*)
                0x0000000100412756                Can_RaiseCanState(Can_DriverStatus)
                0x000000010041277a                Can_RaiseErrorState(int, unsigned int)
                0x00000001004127a7                Can_RaiseControllerRxErrorCounterEvent(int, unsigned char)
                0x00000001004127d7                Can_RaiseControllerTxErrorCounterEvent(int, unsigned char)
                0x0000000100412807                Can_RaiseError(int, unsigned int)
                0x0000000100412834                Can_RaiseCurrentTimeEvent(int, Can_TimeStampType)
                0x0000000100412863                Can_RaiseEnableEgressTimeStampEvent(int, unsigned short, unsigned char)
                0x00000001004128a3                Can_RaiseEgressTimeStampEvent(int, unsigned short, unsigned short, Can_TimeStampType)
                0x00000001004128f1                Can_RaiseIngressTimeStampEvent(int, unsigned short, Can_TimeStampType)
 .text          0x00000001004129b0      0x290 CMakeFiles/Basic_workflow.dir/cygdrive/c/ETAS/RTA-CAR_12.2.0/RTA-CAR/workspace/Basic_Workflow/src/mcal/Can_HwProvider.cpp.o
                0x00000001004129b0                Can_GetHwProvider(unsigned int)
                0x00000001004129df                Can_GetHw(void (*)(unsigned int, Can_Hwp_Event, unsigned short, Can_Hwp_Frame*), unsigned int, unsigned int, unsigned int, unsigned int, unsigned int)
                0x0000000100412ac1                Can_FramePassesFiltering(unsigned int, Can_Hwp_RxHwObject const*)
                0x0000000100412b4b                Can_LoadRxObjFromConfig(Can_Hwp_RxHwObject*, Can_Hwp_RxHwObject const*)
 .text          0x0000000100412c40     0x3780 CMakeFiles/Basic_workflow.dir/cygdrive/c/ETAS/RTA-CAR_12.2.0/RTA-CAR/workspace/Basic_Workflow/src/mcal/Can_Implementation.cpp.o
                0x0000000100412c40                Can_DETError
                0x0000000100412c5b                Can_DETRuntimeError
                0x0000000100412c91                Can_Get_Controller_Index
                0x0000000100412cf2                Can_Check_Valid_Baudrate
                0x0000000100412d9a                Can_Get_Driver_State
                0x0000000100412da6                Can_Get_Controller_Index_From_Hth
                0x0000000100412de5                Can_Get_Controller_Index_From_Hrh
                0x0000000100412e24                Can_Rxupcall
                0x0000000100412f56                Can_TxConfirm
                0x000000010041303a                Can_TxCancel
                0x0000000100413109                Can_Wakeupcall
                0x000000010041317b                Can_Busoffcall
                0x00000001004131fd                Can_Isr_handler
                0x0000000100413234                Can_Callback
                0x000000010041341f                Can_DiscardPendingInterrupts
                0x0000000100413533                SetBaudrateParameters
                0x00000001004136db                Can_Init_helper
                0x0000000100413ac3                Can_InitController_helper
                0x0000000100413b1a                Can_DeInit_helper
                0x0000000100413c88                Can_GetControllerErrorState_helper
                0x0000000100413d3d                Can_GetControllerMode_helper
                0x0000000100413e3a                Can_GetControllerRxErrorCounter_helper
                0x0000000100413f10                Can_InjectControllerRxErrorCount
                0x0000000100413fd8                Can_GetControllerTxErrorCounter_helper
                0x00000001004140ae                Can_InjectControllerTxErrorCount
                0x0000000100414178                Can_GetCurrentTime_helper
                0x000000010041427e                Can_InjectCurrentTime
                0x000000010041435d                Can_EnableEgressTimeStamp_helper
                0x0000000100414436                Can_InjectEnableEgressTimeStamp
                0x00000001004144cc                Can_GetEgressTimeStamp_helper
                0x0000000100414611                Can_InjectEgressTimeStamp
                0x0000000100414729                Can_GetIngressTimeStamp_helper
                0x0000000100414835                Can_InjectIngressTimeStamp
                0x000000010041491c                Can_GetVersionInfo_helper
                0x000000010041497d                Can_ChangeBaudrate_helper
                0x0000000100414a90                Can_SetControllerMode_helper
                0x0000000100414edd                Can_DisableControllerInterrupts_helper
                0x0000000100414f93                Can_EnableControllerInterrupts_helper
                0x0000000100415093                Can_CheckWakeup_helper
                0x0000000100415134                Can_Write_helper
                0x000000010041548a                Can_MainFunction_Write_helper
                0x000000010041576a                Can_MainFunction_Read_helper
                0x000000010041599e                Can_MainFunction_BusOff_helper
                0x0000000100415af1                Can_MainFunction_Wakeup_helper
                0x0000000100415c51                Can_MainFunction_Mode_helper
                0x0000000100415e3d                Can_Force_Wakeup
                0x0000000100415ebf                Can_injectErrorState
                0x000000010041602d                Can_injectError
                0x00000001004160a3                Can_Force_Buson
                0x0000000100416124                Can_Force_Busoff
                0x00000001004161e3                Can_Drop_Write_Action_helper
                0x0000000100416224                Can_Drop_Receive_Action_helper
                0x0000000100416265                Can_Inject_Write_helper
                0x00000001004162b0                Can_Inject_Rxaction_helper
                0x0000000100416325                Can_Enable_Transmit_Processing_helper
 .text          0x00000001004163c0       0xd0 CMakeFiles/Basic_workflow.dir/cygdrive/c/ETAS/RTA-CAR_12.2.0/RTA-CAR/workspace/Basic_Workflow/src/mcal/Mcu_Device.cpp.o
                0x00000001004163c0                Mcu_ReportDETError(unsigned int, unsigned int, unsigned int)
                0x00000001004163d1                Mcu_Raise_ResetReason_event
                0x00000001004163f5                Mcu_ResetCounter_helper
 .text          0x0000000100416490      0x3d0 CMakeFiles/Basic_workflow.dir/cygdrive/c/ETAS/RTA-CAR_12.2.0/RTA-CAR/workspace/Basic_Workflow/src/mcal/Mcu_Implementation.cpp.o
                0x0000000100416490                Mcu_DETError
                0x00000001004164ab                Mcu_Init_helper
                0x000000010041652b                Mcu_InitRamSection_helper
                0x0000000100416570                Mcu_InitClock_helper
                0x00000001004165b5                Mcu_DistributePllClock_helper
                0x00000001004165f1                Mcu_GetPllStatus_helper
                0x0000000100416631                Mcu_GetResetReason_helper
                0x0000000100416679                Mcu_GetResetRawValue_helper
                0x00000001004166c1                Mcu_PerformReset_helper
                0x0000000100416729                Mcu_SetMode_helper
                0x0000000100416768                Mcu_GetVersionInfo_helper
                0x00000001004167cf                Mcu_GetRamState_helper
                0x000000010041680f                Mcu_InjectReset_helper
                0x0000000100416845                Mcu_GetInternalConfig
 .text          0x0000000100416860       0xd0 CMakeFiles/Basic_workflow.dir/cygdrive/c/ETAS/RTA-CAR_12.2.0/RTA-CAR/workspace/Basic_Workflow/src/mcal/VirtualCan.cpp.o
 .text          0x0000000100416930      0x200 CMakeFiles/Basic_workflow.dir/cygdrive/c/ETAS/RTA-CAR_12.2.0/RTA-CAR/workspace/Basic_Workflow/src/vrta/VRTA_SystemClock.cpp.o
                0x0000000100416930                VECU_SystemClock_Init
                0x00000001004169a8                VECU_SystemClock_Start
                0x0000000100416a07                VECU_SystemClock_GetValue
 .text          0x0000000100416b30      0x140 CMakeFiles/Basic_workflow.dir/cygdrive/c/ETAS/RTA-CAR_12.2.0/RTA-CAR/workspace/Basic_Workflow/src/vrta/Vrta_Cfg.cpp.o
                0x0000000100416b30                vrtaActionHandler
                0x0000000100416bd2                EnableVrtaFlash
                0x0000000100416be8                EnableVrtaPort
                0x0000000100416bfe                EnableVrtaAdc
                0x0000000100416c14                EnableVrtaPwm
                0x0000000100416c2a                EnableVrtaIcu
                0x0000000100416c40                EnableVrtaCan
                0x0000000100416c56                EnableVrtaCanTrcv
 .text          0x0000000100416c70       0xb0 CMakeFiles/Basic_workflow.dir/cygdrive/c/ETAS/RTA-CAR_12.2.0/RTA-CAR/workspace/Basic_Workflow/src/vrta/target.cpp.o
                0x0000000100416c70                InitializeDevices()
                0x0000000100416c84                TargetInit
                0x0000000100416cb1                TargetEnableInterrupts
                0x0000000100416d05                TargetReadClock
 .text          0x0000000100416d20        0x8 /usr/lib/w32api/libws2_32.a(libws2_32s00191.o)
                0x0000000100416d20                select
 *fill*         0x0000000100416d28        0x8 
 .text          0x0000000100416d30        0x0 /usr/lib/w32api/libws2_32.a(libws2_32h.o)
 .text          0x0000000100416d30        0x0 /usr/lib/w32api/libws2_32.a(libws2_32t.o)
 .text          0x0000000100416d30        0x0 /usr/lib/gcc/x86_64-pc-cygwin/11/libstdc++.a(class_type_info.o)
 .text          0x0000000100416d30        0x0 /usr/lib/gcc/x86_64-pc-cygwin/11/libstdc++.a(del_ops.o)
 .text          0x0000000100416d30        0x0 /usr/lib/gcc/x86_64-pc-cygwin/11/libstdc++.a(del_opv.o)
 .text          0x0000000100416d30        0x0 /usr/lib/gcc/x86_64-pc-cygwin/11/libstdc++.a(del_opvs.o)
 .text          0x0000000100416d30        0x0 /usr/lib/gcc/x86_64-pc-cygwin/11/libstdc++.a(eh_aux_runtime.o)
 .text          0x0000000100416d30        0x0 /usr/lib/gcc/x86_64-pc-cygwin/11/libstdc++.a(eh_personality.o)
 .text          0x0000000100416d30        0x0 /usr/lib/gcc/x86_64-pc-cygwin/11/libstdc++.a(eh_terminate.o)
 .text          0x0000000100416d30        0x0 /usr/lib/gcc/x86_64-pc-cygwin/11/libstdc++.a(eh_throw.o)
 .text          0x0000000100416d30        0x0 /usr/lib/gcc/x86_64-pc-cygwin/11/libstdc++.a(eh_unex_handler.o)
 .text          0x0000000100416d30        0x0 /usr/lib/gcc/x86_64-pc-cygwin/11/libstdc++.a(new_op.o)
 .text          0x0000000100416d30        0x0 /usr/lib/gcc/x86_64-pc-cygwin/11/libstdc++.a(new_opv.o)
 .text          0x0000000100416d30        0x0 /usr/lib/gcc/x86_64-pc-cygwin/11/libstdc++.a(si_class_type_info.o)
 .text          0x0000000100416d30        0x0 /usr/lib/gcc/x86_64-pc-cygwin/11/libstdc++.a(tinfo.o)
 .text          0x0000000100416d30        0x0 /usr/lib/gcc/x86_64-pc-cygwin/11/libstdc++.a(vterminate.o)
 .text          0x0000000100416d30        0x0 /usr/lib/gcc/x86_64-pc-cygwin/11/libstdc++.a(bad_alloc.o)
 .text          0x0000000100416d30        0x0 /usr/lib/gcc/x86_64-pc-cygwin/11/libstdc++.a(bad_array_new.o)
 .text          0x0000000100416d30        0x0 /usr/lib/gcc/x86_64-pc-cygwin/11/libstdc++.a(bad_cast.o)
 .text          0x0000000100416d30        0x0 /usr/lib/gcc/x86_64-pc-cygwin/11/libstdc++.a(bad_typeid.o)
 .text          0x0000000100416d30     0x96e0 /usr/lib/gcc/x86_64-pc-cygwin/11/libstdc++.a(cp-demangle.o)
                0x0000000100420280                __cxa_demangle
                0x00000001004203e0                __gcclibcxx_demangle_callback
 .text          0x0000000100420410        0x0 /usr/lib/gcc/x86_64-pc-cygwin/11/libstdc++.a(del_op.o)
 .text          0x0000000100420410        0x0 /usr/lib/gcc/x86_64-pc-cygwin/11/libstdc++.a(eh_alloc.o)
 .text          0x0000000100420410        0x0 /usr/lib/gcc/x86_64-pc-cygwin/11/libstdc++.a(eh_call.o)
 .text          0x0000000100420410        0x0 /usr/lib/gcc/x86_64-pc-cygwin/11/libstdc++.a(eh_catch.o)
 .text          0x0000000100420410        0x0 /usr/lib/gcc/x86_64-pc-cygwin/11/libstdc++.a(eh_exception.o)
 .text          0x0000000100420410        0x0 /usr/lib/gcc/x86_64-pc-cygwin/11/libstdc++.a(eh_globals.o)
 .text          0x0000000100420410        0x0 /usr/lib/gcc/x86_64-pc-cygwin/11/libstdc++.a(eh_term_handler.o)
 .text          0x0000000100420410        0x0 /usr/lib/gcc/x86_64-pc-cygwin/11/libstdc++.a(eh_type.o)
 .text          0x0000000100420410        0x0 /usr/lib/gcc/x86_64-pc-cygwin/11/libstdc++.a(new_handler.o)
 .text          0x0000000100420410       0x40 /usr/lib/gcc/x86_64-pc-cygwin/11/libgcc.a(_chkstk_ms.o)
                0x0000000100420410                ___chkstk_ms
 .text          0x0000000100420450      0x6e0 /usr/lib/gcc/x86_64-pc-cygwin/11/libgcc_eh.a(unwind-seh.o)
                0x00000001004204b0                _Unwind_GetGR
                0x00000001004204d0                _Unwind_SetGR
                0x00000001004204f0                _Unwind_GetCFA
                0x0000000100420500                _Unwind_GetIP
                0x0000000100420510                _Unwind_GetIPInfo
                0x0000000100420520                _Unwind_SetIP
                0x0000000100420530                _Unwind_GetLanguageSpecificData
                0x0000000100420540                _Unwind_GetRegionStart
                0x0000000100420550                _Unwind_FindEnclosingFunction
                0x0000000100420580                _Unwind_GetDataRelBase
                0x0000000100420590                _Unwind_GetTextRelBase
                0x00000001004205a0                _GCC_specific_handler
                0x00000001004207d0                _Unwind_RaiseException
                0x0000000100420830                _Unwind_Resume
                0x00000001004208e0                _Unwind_Resume_or_Rethrow
                0x0000000100420900                _Unwind_ForcedUnwind
                0x0000000100420930                _Unwind_DeleteException
                0x0000000100420950                _Unwind_Backtrace
 .text          0x0000000100420b30      0x2b0 /usr/lib/gcc/x86_64-pc-cygwin/11/libgcc_eh.a(emutls.o)
                0x0000000100420bb0                __emutls_get_address
                0x0000000100420db0                __emutls_register_common
 .text          0x0000000100420de0       0x10 /usr/lib/gcc/x86_64-pc-cygwin/11/../../../../lib/libcygwin.a(t-cygwin1_dll_d000017.o)
                0x0000000100420de0                __cxa_atexit
 .text          0x0000000100420df0       0x10 /usr/lib/gcc/x86_64-pc-cygwin/11/../../../../lib/libcygwin.a(t-cygwin1_dll_d000037.o)
                0x0000000100420df0                __getreent
 .text          0x0000000100420e00       0x10 /usr/lib/gcc/x86_64-pc-cygwin/11/../../../../lib/libcygwin.a(t-cygwin1_dll_d000094.o)
                0x0000000100420e00                __wrap__ZdaPv
 .text          0x0000000100420e10       0x10 /usr/lib/gcc/x86_64-pc-cygwin/11/../../../../lib/libcygwin.a(t-cygwin1_dll_d000096.o)
                0x0000000100420e10                __wrap__ZdlPv
 .text          0x0000000100420e20       0x10 /usr/lib/gcc/x86_64-pc-cygwin/11/../../../../lib/libcygwin.a(t-cygwin1_dll_d000098.o)
                0x0000000100420e20                __wrap__Znam
 .text          0x0000000100420e30       0x10 /usr/lib/gcc/x86_64-pc-cygwin/11/../../../../lib/libcygwin.a(t-cygwin1_dll_d000100.o)
                0x0000000100420e30                __wrap__Znwm
 .text          0x0000000100420e40       0x10 /usr/lib/gcc/x86_64-pc-cygwin/11/../../../../lib/libcygwin.a(t-cygwin1_dll_d000129.o)
                0x0000000100420e40                abort
 .text          0x0000000100420e50       0x10 /usr/lib/gcc/x86_64-pc-cygwin/11/../../../../lib/libcygwin.a(t-cygwin1_dll_d000260.o)
                0x0000000100420e50                calloc
 .text          0x0000000100420e60       0x10 /usr/lib/gcc/x86_64-pc-cygwin/11/../../../../lib/libcygwin.a(t-cygwin1_dll_d000577.o)
                0x0000000100420e60                fputc
 .text          0x0000000100420e70       0x10 /usr/lib/gcc/x86_64-pc-cygwin/11/../../../../lib/libcygwin.a(t-cygwin1_dll_d000579.o)
                0x0000000100420e70                fputs
 .text          0x0000000100420e80       0x10 /usr/lib/gcc/x86_64-pc-cygwin/11/../../../../lib/libcygwin.a(t-cygwin1_dll_d000587.o)
                0x0000000100420e80                free
 .text          0x0000000100420e90       0x10 /usr/lib/gcc/x86_64-pc-cygwin/11/../../../../lib/libcygwin.a(t-cygwin1_dll_d000628.o)
                0x0000000100420e90                fwrite
 .text          0x0000000100420ea0       0x10 /usr/lib/gcc/x86_64-pc-cygwin/11/../../../../lib/libcygwin.a(t-cygwin1_dll_d000917.o)
                0x0000000100420ea0                malloc
 .text          0x0000000100420eb0       0x10 /usr/lib/gcc/x86_64-pc-cygwin/11/../../../../lib/libcygwin.a(t-cygwin1_dll_d000934.o)
                0x0000000100420eb0                memcpy
 .text          0x0000000100420ec0       0x10 /usr/lib/gcc/x86_64-pc-cygwin/11/../../../../lib/libcygwin.a(t-cygwin1_dll_d000939.o)
                0x0000000100420ec0                memset
 .text          0x0000000100420ed0       0x10 /usr/lib/gcc/x86_64-pc-cygwin/11/../../../../lib/libcygwin.a(t-cygwin1_dll_d001022.o)
                0x0000000100420ed0                pipe
 .text          0x0000000100420ee0       0x10 /usr/lib/gcc/x86_64-pc-cygwin/11/../../../../lib/libcygwin.a(t-cygwin1_dll_d001120.o)
                0x0000000100420ee0                pthread_getspecific
 .text          0x0000000100420ef0       0x10 /usr/lib/gcc/x86_64-pc-cygwin/11/../../../../lib/libcygwin.a(t-cygwin1_dll_d001122.o)
                0x0000000100420ef0                pthread_key_create
 .text          0x0000000100420f00       0x10 /usr/lib/gcc/x86_64-pc-cygwin/11/../../../../lib/libcygwin.a(t-cygwin1_dll_d001129.o)
                0x0000000100420f00                pthread_mutex_lock
 .text          0x0000000100420f10       0x10 /usr/lib/gcc/x86_64-pc-cygwin/11/../../../../lib/libcygwin.a(t-cygwin1_dll_d001133.o)
                0x0000000100420f10                pthread_mutex_unlock
 .text          0x0000000100420f20       0x10 /usr/lib/gcc/x86_64-pc-cygwin/11/../../../../lib/libcygwin.a(t-cygwin1_dll_d001144.o)
                0x0000000100420f20                pthread_once
 .text          0x0000000100420f30       0x10 /usr/lib/gcc/x86_64-pc-cygwin/11/../../../../lib/libcygwin.a(t-cygwin1_dll_d001168.o)
                0x0000000100420f30                pthread_setspecific
 .text          0x0000000100420f40       0x10 /usr/lib/gcc/x86_64-pc-cygwin/11/../../../../lib/libcygwin.a(t-cygwin1_dll_d001208.o)
                0x0000000100420f40                read
 .text          0x0000000100420f50       0x10 /usr/lib/gcc/x86_64-pc-cygwin/11/../../../../lib/libcygwin.a(t-cygwin1_dll_d001214.o)
                0x0000000100420f50                realloc
 .text          0x0000000100420f60       0x10 /usr/lib/gcc/x86_64-pc-cygwin/11/../../../../lib/libcygwin.a(t-cygwin1_dll_d001409.o)
                0x0000000100420f60                sprintf
 .text          0x0000000100420f70       0x10 /usr/lib/gcc/x86_64-pc-cygwin/11/../../../../lib/libcygwin.a(t-cygwin1_dll_d001430.o)
                0x0000000100420f70                strcmp
 .text          0x0000000100420f80       0x10 /usr/lib/gcc/x86_64-pc-cygwin/11/../../../../lib/libcygwin.a(t-cygwin1_dll_d001433.o)
                0x0000000100420f80                strcpy
 .text          0x0000000100420f90       0x10 /usr/lib/gcc/x86_64-pc-cygwin/11/../../../../lib/libcygwin.a(t-cygwin1_dll_d001445.o)
                0x0000000100420f90                strlen
 .text          0x0000000100420fa0       0x10 /usr/lib/gcc/x86_64-pc-cygwin/11/../../../../lib/libcygwin.a(t-cygwin1_dll_d001450.o)
                0x0000000100420fa0                strncmp
 .text          0x0000000100420fb0       0x10 /usr/lib/gcc/x86_64-pc-cygwin/11/../../../../lib/libcygwin.a(t-cygwin1_dll_d001612.o)
                0x0000000100420fb0                vsprintf
 .text          0x0000000100420fc0       0x10 /usr/lib/gcc/x86_64-pc-cygwin/11/../../../../lib/libcygwin.a(t-cygwin1_dll_d001694.o)
                0x0000000100420fc0                write
 .text          0x0000000100420fd0       0x50 /usr/lib/gcc/x86_64-pc-cygwin/11/../../../../lib/libcygwin.a(atexit.o)
                0x0000000100420fd0                atexit
 .text          0x0000000100421020       0x20 /usr/lib/gcc/x86_64-pc-cygwin/11/../../../../lib/libcygwin.a(cygwin_crt0.o)
                0x0000000100421020                cygwin_crt0
 .text          0x0000000100421040        0x0 /usr/lib/gcc/x86_64-pc-cygwin/11/../../../../lib/libcygwin.a(libcmain.o)
 .text          0x0000000100421040       0x10 /usr/lib/gcc/x86_64-pc-cygwin/11/../../../../lib/libcygwin.a(premain0.o)
                0x0000000100421040                cygwin_premain0
 .text          0x0000000100421050       0x10 /usr/lib/gcc/x86_64-pc-cygwin/11/../../../../lib/libcygwin.a(premain1.o)
                0x0000000100421050                cygwin_premain1
 .text          0x0000000100421060       0x10 /usr/lib/gcc/x86_64-pc-cygwin/11/../../../../lib/libcygwin.a(premain2.o)
                0x0000000100421060                cygwin_premain2
 .text          0x0000000100421070       0x10 /usr/lib/gcc/x86_64-pc-cygwin/11/../../../../lib/libcygwin.a(premain3.o)
                0x0000000100421070                cygwin_premain3
 .text          0x0000000100421080       0x10 /usr/lib/gcc/x86_64-pc-cygwin/11/../../../../lib/libcygwin.a(t-cygwin1_dll_d000048.o)
                0x0000000100421080                __main
 .text          0x0000000100421090       0x10 /usr/lib/gcc/x86_64-pc-cygwin/11/../../../../lib/libcygwin.a(t-cygwin1_dll_d000383.o)
                0x0000000100421090                cygwin_internal
 .text          0x00000001004210a0       0x10 /usr/lib/gcc/x86_64-pc-cygwin/11/../../../../lib/libcygwin.a(t-cygwin1_dll_d001428.o)
                0x00000001004210a0                strchr
 .text          0x00000001004210b0       0x10 /usr/lib/gcc/x86_64-pc-cygwin/11/../../../../lib/libcygwin.a(t-cygwin1_dll_d001455.o)
                0x00000001004210b0                strpbrk
 .text          0x00000001004210c0       0x10 /usr/lib/gcc/x86_64-pc-cygwin/11/../../../../lib/libcygwin.a(t-cygwin1_dll_d001461.o)
                0x00000001004210c0                strspn
 .text          0x00000001004210d0      0x3b0 /usr/lib/gcc/x86_64-pc-cygwin/11/../../../../lib/libcygwin.a(_cygwin_crt0_common.o)
                0x00000001004210d0                _cygwin_crt0_common
 .text          0x0000000100421480       0xe0 /usr/lib/gcc/x86_64-pc-cygwin/11/../../../../lib/libcygwin.a(dll_entry.o)
                0x00000001004214a0                _cygwin_dll_entry
 .text          0x0000000100421560       0x10 /usr/lib/gcc/x86_64-pc-cygwin/11/../../../../lib/libcygwin.a(dll_main.o)
                0x0000000100421560                DllMain
 .text          0x0000000100421570       0x10 /usr/lib/gcc/x86_64-pc-cygwin/11/../../../../lib/libcygwin.a(pseudo-reloc-dummy.o)
                0x0000000100421570                _pei386_runtime_relocator
 .text          0x0000000100421580        0x0 /usr/lib/gcc/x86_64-pc-cygwin/11/../../../../lib/libcygwin.a(cygwin1_dll_d000117.o)
 .text          0x0000000100421580       0x10 /usr/lib/gcc/x86_64-pc-cygwin/11/../../../../lib/libcygwin.a(t-cygwin1_dll_d000381.o)
                0x0000000100421580                cygwin_detach_dll
 .text          0x0000000100421590       0x10 /usr/lib/gcc/x86_64-pc-cygwin/11/../../../../lib/libcygwin.a(t-cygwin1_dll_d001029.o)
                0x0000000100421590                posix_memalign
 .text          0x00000001004215a0       0x30 /usr/lib/gcc/x86_64-pc-cygwin/11/../../../../lib/libcygwin.a(cygwin_attach_dll.o)
                0x00000001004215a0                cygwin_attach_dll
 .text          0x00000001004215d0       0x10 /usr/lib/gcc/x86_64-pc-cygwin/11/../../../../lib/libcygwin.a(t-cygwin1_dll_d000411.o)
                0x00000001004215d0                dll_dllcrt0
 .text          0x00000001004215e0        0x8 /usr/lib/w32api/libkernel32.a(libkernel32s01234.o)
                0x00000001004215e0                RtlVirtualUnwind
 .text          0x00000001004215e8        0x8 /usr/lib/w32api/libkernel32.a(libkernel32s01233.o)
                0x00000001004215e8                RtlUnwindEx
 .text          0x00000001004215f0        0x8 /usr/lib/w32api/libkernel32.a(libkernel32s01227.o)
                0x00000001004215f0                RtlLookupFunctionEntry
 .text          0x00000001004215f8        0x8 /usr/lib/w32api/libkernel32.a(libkernel32s01220.o)
                0x00000001004215f8                RtlCaptureContext
 .text          0x0000000100421600        0x8 /usr/lib/w32api/libkernel32.a(libkernel32s01150.o)
                0x0000000100421600                RaiseException
 .text          0x0000000100421608        0x8 /usr/lib/w32api/libkernel32.a(libkernel32s00740.o)
                0x0000000100421608                GetStartupInfoA
 .text          0x0000000100421610        0x8 /usr/lib/w32api/libkernel32.a(libkernel32s00651.o)
                0x0000000100421610                GetModuleHandleW
 .text          0x0000000100421618        0x8 /usr/lib/w32api/libkernel32.a(libkernel32s00648.o)
                0x0000000100421618                GetModuleHandleA
 .text          0x0000000100421620        0x8 /usr/lib/w32api/libkernel32.a(libkernel32s00484.o)
                0x0000000100421620                GetCommandLineA
 *fill*         0x0000000100421628        0x8 
 .text          0x0000000100421630        0x0 /usr/lib/w32api/libkernel32.a(libkernel32h.o)
 .text          0x0000000100421630        0x0 /usr/lib/w32api/libkernel32.a(libkernel32t.o)
 .text          0x0000000100421630        0x0 /usr/lib/gcc/x86_64-pc-cygwin/11/libgcc.a(_ctors.o)
 .text          0x0000000100421630        0x0 /usr/lib/gcc/x86_64-pc-cygwin/11/crtend.o
 *(SORT_BY_NAME(.text$*))
 .text$_ZGTtNKSt13bad_exceptionD1Ev
                0x0000000100421630       0x10 /usr/lib/gcc/x86_64-pc-cygwin/11/libstdc++.a(eh_exception.o)
                0x0000000100421630                transaction clone for std::bad_exception::~bad_exception() const
 .text$_ZGTtNKSt9exceptionD1Ev
                0x0000000100421640       0x10 /usr/lib/gcc/x86_64-pc-cygwin/11/libstdc++.a(eh_exception.o)
                0x0000000100421640                transaction clone for std::exception::~exception() const
 .text$_ZL16get_adjusted_ptrPKSt9type_infoS1_PPv
                0x0000000100421650       0x70 /usr/lib/gcc/x86_64-pc-cygwin/11/libstdc++.a(eh_personality.o)
 .text$_ZL17parse_lsda_headerP15_Unwind_ContextPKhP16lsda_header_info
                0x00000001004216c0       0xf0 /usr/lib/gcc/x86_64-pc-cygwin/11/libstdc++.a(eh_personality.o)
 .text$_ZL20check_exception_specP16lsda_header_infoPKSt9type_infoPvl
                0x00000001004217b0      0x110 /usr/lib/gcc/x86_64-pc-cygwin/11/libstdc++.a(eh_personality.o)
 .text$_ZL21base_of_encoded_valuehP15_Unwind_Context
                0x00000001004218c0       0x70 /usr/lib/gcc/x86_64-pc-cygwin/11/libstdc++.a(eh_personality.o)
 .text$_ZL23__gxx_exception_cleanup19_Unwind_Reason_CodeP17_Unwind_Exception
                0x0000000100421930       0x50 /usr/lib/gcc/x86_64-pc-cygwin/11/libstdc++.a(eh_throw.o)
 .text$_ZL28read_encoded_value_with_basehmPKhPm
                0x0000000100421980      0x160 /usr/lib/gcc/x86_64-pc-cygwin/11/libstdc++.a(eh_personality.o)
 .text$_ZN10__cxxabiv111__terminateEPFvvE
                0x0000000100421ae0       0x20 /usr/lib/gcc/x86_64-pc-cygwin/11/libstdc++.a(eh_terminate.o)
                0x0000000100421ae0                __cxxabiv1::__terminate(void (*)())
 .text$_ZN10__cxxabiv112__unexpectedEPFvvE
                0x0000000100421b00       0x10 /usr/lib/gcc/x86_64-pc-cygwin/11/libstdc++.a(eh_terminate.o)
                0x0000000100421b00                __cxxabiv1::__unexpected(void (*)())
 .text$_ZN10__cxxabiv115__forced_unwindD0Ev
                0x0000000100421b10       0x10 /usr/lib/gcc/x86_64-pc-cygwin/11/libstdc++.a(eh_exception.o)
                0x0000000100421b10                __cxxabiv1::__forced_unwind::~__forced_unwind()
 .text$_ZN10__cxxabiv115__forced_unwindD2Ev
                0x0000000100421b20       0x10 /usr/lib/gcc/x86_64-pc-cygwin/11/libstdc++.a(eh_exception.o)
                0x0000000100421b20                __cxxabiv1::__forced_unwind::~__forced_unwind()
                0x0000000100421b20                __cxxabiv1::__forced_unwind::~__forced_unwind()
 .text$_ZN10__cxxabiv117__class_type_infoD0Ev
                0x0000000100421b30       0x30 /usr/lib/gcc/x86_64-pc-cygwin/11/libstdc++.a(class_type_info.o)
                0x0000000100421b30                __cxxabiv1::__class_type_info::~__class_type_info()
 .text$_ZN10__cxxabiv117__class_type_infoD2Ev
                0x0000000100421b60       0x10 /usr/lib/gcc/x86_64-pc-cygwin/11/libstdc++.a(class_type_info.o)
                0x0000000100421b60                __cxxabiv1::__class_type_info::~__class_type_info()
                0x0000000100421b60                __cxxabiv1::__class_type_info::~__class_type_info()
 .text$_ZN10__cxxabiv119__foreign_exceptionD0Ev
                0x0000000100421b70       0x10 /usr/lib/gcc/x86_64-pc-cygwin/11/libstdc++.a(eh_exception.o)
                0x0000000100421b70                __cxxabiv1::__foreign_exception::~__foreign_exception()
 .text$_ZN10__cxxabiv119__foreign_exceptionD2Ev
                0x0000000100421b80       0x10 /usr/lib/gcc/x86_64-pc-cygwin/11/libstdc++.a(eh_exception.o)
                0x0000000100421b80                __cxxabiv1::__foreign_exception::~__foreign_exception()
                0x0000000100421b80                __cxxabiv1::__foreign_exception::~__foreign_exception()
 .text$_ZN10__cxxabiv120__si_class_type_infoD0Ev
                0x0000000100421b90       0x30 /usr/lib/gcc/x86_64-pc-cygwin/11/libstdc++.a(si_class_type_info.o)
                0x0000000100421b90                __cxxabiv1::__si_class_type_info::~__si_class_type_info()
 .text$_ZN10__cxxabiv120__si_class_type_infoD2Ev
                0x0000000100421bc0       0x10 /usr/lib/gcc/x86_64-pc-cygwin/11/libstdc++.a(si_class_type_info.o)
                0x0000000100421bc0                __cxxabiv1::__si_class_type_info::~__si_class_type_info()
                0x0000000100421bc0                __cxxabiv1::__si_class_type_info::~__si_class_type_info()
 .text$_ZN10__cxxabiv1L21__gxx_personality_impEiimP17_Unwind_ExceptionP15_Unwind_Context
                0x0000000100421bd0      0x6d0 /usr/lib/gcc/x86_64-pc-cygwin/11/libstdc++.a(eh_personality.o)
 .text$_ZN12_GLOBAL__N_14pool4freeEPv.constprop.0
                0x00000001004222a0      0x120 /usr/lib/gcc/x86_64-pc-cygwin/11/libstdc++.a(eh_alloc.o)
 .text$_ZN12_GLOBAL__N_14pool8allocateEm.constprop.0
                0x00000001004223c0       0xc0 /usr/lib/gcc/x86_64-pc-cygwin/11/libstdc++.a(eh_alloc.o)
 .text$_ZN13Can_VirtualHw11ForceBusOffEv
                0x0000000100422480       0x30 CMakeFiles/Basic_workflow.dir/cygdrive/c/ETAS/RTA-CAR_12.2.0/RTA-CAR/workspace/Basic_Workflow/src/mcal/VirtualCan.cpp.o
                0x0000000100422480                Can_VirtualHw::ForceBusOff()
 .text$_ZN13Can_VirtualHw11ForceWakeupEv
                0x00000001004224b0       0x30 CMakeFiles/Basic_workflow.dir/cygdrive/c/ETAS/RTA-CAR_12.2.0/RTA-CAR/workspace/Basic_Workflow/src/mcal/VirtualCan.cpp.o
                0x00000001004224b0                Can_VirtualHw::ForceWakeup()
 .text$_ZN13Can_VirtualHw11SetBaudrateEPK22Can_Hwp_BaudrateConfig
                0x00000001004224e0       0x40 CMakeFiles/Basic_workflow.dir/cygdrive/c/ETAS/RTA-CAR_12.2.0/RTA-CAR/workspace/Basic_Workflow/src/mcal/VirtualCan.cpp.o
                0x00000001004224e0                Can_VirtualHw::SetBaudrate(Can_Hwp_BaudrateConfig const*)
 .text$_ZN13Can_VirtualHw12CausedWakeupEv
                0x0000000100422520       0x30 CMakeFiles/Basic_workflow.dir/cygdrive/c/ETAS/RTA-CAR_12.2.0/RTA-CAR/workspace/Basic_Workflow/src/mcal/VirtualCan.cpp.o
                0x0000000100422520                Can_VirtualHw::CausedWakeup()
 .text$_ZN13Can_VirtualHw15ReadCurrentTimeEP17Can_TimeStampTypeh
                0x0000000100422550       0x50 CMakeFiles/Basic_workflow.dir/cygdrive/c/ETAS/RTA-CAR_12.2.0/RTA-CAR/workspace/Basic_Workflow/src/mcal/VirtualCan.cpp.o
                0x0000000100422550                Can_VirtualHw::ReadCurrentTime(Can_TimeStampType*, unsigned char)
 .text$_ZN13Can_VirtualHw17InjectCurrentTimeE17Can_TimeStampType
                0x00000001004225a0       0x40 CMakeFiles/Basic_workflow.dir/cygdrive/c/ETAS/RTA-CAR_12.2.0/RTA-CAR/workspace/Basic_Workflow/src/mcal/VirtualCan.cpp.o
                0x00000001004225a0                Can_VirtualHw::InjectCurrentTime(Can_TimeStampType)
 .text$_ZN13Can_VirtualHw18GetEgressTimeStampEttP17Can_TimeStampType
                0x00000001004225e0       0x60 CMakeFiles/Basic_workflow.dir/cygdrive/c/ETAS/RTA-CAR_12.2.0/RTA-CAR/workspace/Basic_Workflow/src/mcal/VirtualCan.cpp.o
                0x00000001004225e0                Can_VirtualHw::GetEgressTimeStamp(unsigned short, unsigned short, Can_TimeStampType*)
 .text$_ZN13Can_VirtualHw19GetIngressTimeStampEtP17Can_TimeStampType
                0x0000000100422640       0x50 CMakeFiles/Basic_workflow.dir/cygdrive/c/ETAS/RTA-CAR_12.2.0/RTA-CAR/workspace/Basic_Workflow/src/mcal/VirtualCan.cpp.o
                0x0000000100422640                Can_VirtualHw::GetIngressTimeStamp(unsigned short, Can_TimeStampType*)
 .text$_ZN13Can_VirtualHw21EnableEgressTimeStampEt
                0x0000000100422690       0x40 CMakeFiles/Basic_workflow.dir/cygdrive/c/ETAS/RTA-CAR_12.2.0/RTA-CAR/workspace/Basic_Workflow/src/mcal/VirtualCan.cpp.o
                0x0000000100422690                Can_VirtualHw::EnableEgressTimeStamp(unsigned short)
 .text$_ZN13Can_VirtualHw21InjectEgressTimeStampEtt17Can_TimeStampType
                0x00000001004226d0       0x60 CMakeFiles/Basic_workflow.dir/cygdrive/c/ETAS/RTA-CAR_12.2.0/RTA-CAR/workspace/Basic_Workflow/src/mcal/VirtualCan.cpp.o
                0x00000001004226d0                Can_VirtualHw::InjectEgressTimeStamp(unsigned short, unsigned short, Can_TimeStampType)
 .text$_ZN13Can_VirtualHw22InjectIngressTimeStampEt17Can_TimeStampType
                0x0000000100422730       0x50 CMakeFiles/Basic_workflow.dir/cygdrive/c/ETAS/RTA-CAR_12.2.0/RTA-CAR/workspace/Basic_Workflow/src/mcal/VirtualCan.cpp.o
                0x0000000100422730                Can_VirtualHw::InjectIngressTimeStamp(unsigned short, Can_TimeStampType)
 .text$_ZN13Can_VirtualHw24EnableTransmitProcessingEb
                0x0000000100422780       0x40 CMakeFiles/Basic_workflow.dir/cygdrive/c/ETAS/RTA-CAR_12.2.0/RTA-CAR/workspace/Basic_Workflow/src/mcal/VirtualCan.cpp.o
                0x0000000100422780                Can_VirtualHw::EnableTransmitProcessing(bool)
 .text$_ZN13Can_VirtualHw27GetControllerRxErrorCounterEPh
                0x00000001004227c0       0x40 CMakeFiles/Basic_workflow.dir/cygdrive/c/ETAS/RTA-CAR_12.2.0/RTA-CAR/workspace/Basic_Workflow/src/mcal/VirtualCan.cpp.o
                0x00000001004227c0                Can_VirtualHw::GetControllerRxErrorCounter(unsigned char*)
 .text$_ZN13Can_VirtualHw27GetControllerTxErrorCounterEPh
                0x0000000100422800       0x40 CMakeFiles/Basic_workflow.dir/cygdrive/c/ETAS/RTA-CAR_12.2.0/RTA-CAR/workspace/Basic_Workflow/src/mcal/VirtualCan.cpp.o
                0x0000000100422800                Can_VirtualHw::GetControllerTxErrorCounter(unsigned char*)
 .text$_ZN13Can_VirtualHw27InjectEnableEgressTimeStampEth
                0x0000000100422840       0x50 CMakeFiles/Basic_workflow.dir/cygdrive/c/ETAS/RTA-CAR_12.2.0/RTA-CAR/workspace/Basic_Workflow/src/mcal/VirtualCan.cpp.o
                0x0000000100422840                Can_VirtualHw::InjectEnableEgressTimeStamp(unsigned short, unsigned char)
 .text$_ZN13Can_VirtualHw28InjectControllerRxErrorCountEh
                0x0000000100422890       0x40 CMakeFiles/Basic_workflow.dir/cygdrive/c/ETAS/RTA-CAR_12.2.0/RTA-CAR/workspace/Basic_Workflow/src/mcal/VirtualCan.cpp.o
                0x0000000100422890                Can_VirtualHw::InjectControllerRxErrorCount(unsigned char)
 .text$_ZN13Can_VirtualHw28InjectControllerTxErrorCountEh
                0x00000001004228d0       0x40 CMakeFiles/Basic_workflow.dir/cygdrive/c/ETAS/RTA-CAR_12.2.0/RTA-CAR/workspace/Basic_Workflow/src/mcal/VirtualCan.cpp.o
                0x00000001004228d0                Can_VirtualHw::InjectControllerTxErrorCount(unsigned char)
 .text$_ZN13Can_VirtualHw4StopEv
                0x0000000100422910       0x30 CMakeFiles/Basic_workflow.dir/cygdrive/c/ETAS/RTA-CAR_12.2.0/RTA-CAR/workspace/Basic_Workflow/src/mcal/VirtualCan.cpp.o
                0x0000000100422910                Can_VirtualHw::Stop()
 .text$_ZN13Can_VirtualHw5SleepEv
                0x0000000100422940       0x30 CMakeFiles/Basic_workflow.dir/cygdrive/c/ETAS/RTA-CAR_12.2.0/RTA-CAR/workspace/Basic_Workflow/src/mcal/VirtualCan.cpp.o
                0x0000000100422940                Can_VirtualHw::Sleep()
 .text$_ZN13Can_VirtualHw5StartEv
                0x0000000100422970       0x30 CMakeFiles/Basic_workflow.dir/cygdrive/c/ETAS/RTA-CAR_12.2.0/RTA-CAR/workspace/Basic_Workflow/src/mcal/VirtualCan.cpp.o
                0x0000000100422970                Can_VirtualHw::Start()
 .text$_ZN13Can_VirtualHw5StateEv
                0x00000001004229a0       0x30 CMakeFiles/Basic_workflow.dir/cygdrive/c/ETAS/RTA-CAR_12.2.0/RTA-CAR/workspace/Basic_Workflow/src/mcal/VirtualCan.cpp.o
                0x00000001004229a0                Can_VirtualHw::State()
 .text$_ZN13Can_VirtualHw5WriteEtP13Can_Hwp_Frame
                0x00000001004229d0       0x50 CMakeFiles/Basic_workflow.dir/cygdrive/c/ETAS/RTA-CAR_12.2.0/RTA-CAR/workspace/Basic_Workflow/src/mcal/VirtualCan.cpp.o
                0x00000001004229d0                Can_VirtualHw::Write(unsigned short, Can_Hwp_Frame*)
 .text$_ZN13Can_VirtualHw6DeInitEv
                0x0000000100422a20       0x30 CMakeFiles/Basic_workflow.dir/cygdrive/c/ETAS/RTA-CAR_12.2.0/RTA-CAR/workspace/Basic_Workflow/src/mcal/VirtualCan.cpp.o
                0x0000000100422a20                Can_VirtualHw::DeInit()
 .text$_ZN13Can_VirtualHw9ConfigureEPK21Can_Hwp_ChannelConfig
                0x0000000100422a50       0x40 CMakeFiles/Basic_workflow.dir/cygdrive/c/ETAS/RTA-CAR_12.2.0/RTA-CAR/workspace/Basic_Workflow/src/mcal/VirtualCan.cpp.o
                0x0000000100422a50                Can_VirtualHw::Configure(Can_Hwp_ChannelConfig const*)
 .text$_ZN13Can_VirtualHwC1EPFvj13Can_Hwp_EventtP13Can_Hwp_FrameEjj
                0x0000000100422a90       0xc0 CMakeFiles/Basic_workflow.dir/cygdrive/c/ETAS/RTA-CAR_12.2.0/RTA-CAR/workspace/Basic_Workflow/src/mcal/VirtualCan.cpp.o
                0x0000000100422a90                Can_VirtualHw::Can_VirtualHw(void (*)(unsigned int, Can_Hwp_Event, unsigned short, Can_Hwp_Frame*), unsigned int, unsigned int)
 .text$_ZN13Can_VirtualHwD0Ev
                0x0000000100422b50       0x30 CMakeFiles/Basic_workflow.dir/cygdrive/c/ETAS/RTA-CAR_12.2.0/RTA-CAR/workspace/Basic_Workflow/src/mcal/VirtualCan.cpp.o
                0x0000000100422b50                Can_VirtualHw::~Can_VirtualHw()
 .text$_ZN13Can_VirtualHwD1Ev
                0x0000000100422b80       0x30 CMakeFiles/Basic_workflow.dir/cygdrive/c/ETAS/RTA-CAR_12.2.0/RTA-CAR/workspace/Basic_Workflow/src/mcal/VirtualCan.cpp.o
                0x0000000100422b80                Can_VirtualHw::~Can_VirtualHw()
 .text$_ZN13VirtualDevice10UnpackDataI18Can_ErrorStateTypeEEvRK10vrtaActionRT_
                0x0000000100422bb0       0x40 CMakeFiles/Basic_workflow.dir/cygdrive/c/ETAS/RTA-CAR_12.2.0/RTA-CAR/workspace/Basic_Workflow/src/mcal/Can_Device.cpp.o
                0x0000000100422bb0                void VirtualDevice::UnpackData<Can_ErrorStateType>(vrtaAction const&, Can_ErrorStateType&)
 .text$_ZN13VirtualDevice10UnpackDataIN19CanControllerDevice12RxActionTypeEEEvRK10vrtaActionRT_
                0x0000000100422bf0       0x40 CMakeFiles/Basic_workflow.dir/cygdrive/c/ETAS/RTA-CAR_12.2.0/RTA-CAR/workspace/Basic_Workflow/src/mcal/Can_Device.cpp.o
                0x0000000100422bf0                void VirtualDevice::UnpackData<CanControllerDevice::RxActionType>(vrtaAction const&, CanControllerDevice::RxActionType&)
 .text$_ZN13VirtualDevice10UnpackDataIN19CanControllerDevice15WriteActionTypeEEEvRK10vrtaActionRT_
                0x0000000100422c30       0x40 CMakeFiles/Basic_workflow.dir/cygdrive/c/ETAS/RTA-CAR_12.2.0/RTA-CAR/workspace/Basic_Workflow/src/mcal/Can_Device.cpp.o
                0x0000000100422c30                void VirtualDevice::UnpackData<CanControllerDevice::WriteActionType>(vrtaAction const&, CanControllerDevice::WriteActionType&)
 .text$_ZN13VirtualDevice10UnpackDataIN19CanControllerDevice27InjectCurrentTimeActionTypeEEEvRK10vrtaActionRT_
                0x0000000100422c70       0x40 CMakeFiles/Basic_workflow.dir/cygdrive/c/ETAS/RTA-CAR_12.2.0/RTA-CAR/workspace/Basic_Workflow/src/mcal/Can_Device.cpp.o
                0x0000000100422c70                void VirtualDevice::UnpackData<CanControllerDevice::InjectCurrentTimeActionType>(vrtaAction const&, CanControllerDevice::InjectCurrentTimeActionType&)
 .text$_ZN13VirtualDevice10UnpackDataIN19CanControllerDevice31InjectEgressTimeStampActionTypeEEEvRK10vrtaActionRT_
                0x0000000100422cb0       0x40 CMakeFiles/Basic_workflow.dir/cygdrive/c/ETAS/RTA-CAR_12.2.0/RTA-CAR/workspace/Basic_Workflow/src/mcal/Can_Device.cpp.o
                0x0000000100422cb0                void VirtualDevice::UnpackData<CanControllerDevice::InjectEgressTimeStampActionType>(vrtaAction const&, CanControllerDevice::InjectEgressTimeStampActionType&)
 .text$_ZN13VirtualDevice10UnpackDataIN19CanControllerDevice32InjectIngressTimeStampActionTypeEEEvRK10vrtaActionRT_
                0x0000000100422cf0       0x40 CMakeFiles/Basic_workflow.dir/cygdrive/c/ETAS/RTA-CAR_12.2.0/RTA-CAR/workspace/Basic_Workflow/src/mcal/Can_Device.cpp.o
                0x0000000100422cf0                void VirtualDevice::UnpackData<CanControllerDevice::InjectIngressTimeStampActionType>(vrtaAction const&, CanControllerDevice::InjectIngressTimeStampActionType&)
 .text$_ZN13VirtualDevice10UnpackDataIN19CanControllerDevice37InjectEnableEgressTimeStampActionTypeEEEvRK10vrtaActionRT_
                0x0000000100422d30       0x40 CMakeFiles/Basic_workflow.dir/cygdrive/c/ETAS/RTA-CAR_12.2.0/RTA-CAR/workspace/Basic_Workflow/src/mcal/Can_Device.cpp.o
                0x0000000100422d30                void VirtualDevice::UnpackData<CanControllerDevice::InjectEnableEgressTimeStampActionType>(vrtaAction const&, CanControllerDevice::InjectEnableEgressTimeStampActionType&)
 .text$_ZN13VirtualDevice10UnpackDataIhEEvRK10vrtaActionRT_
                0x0000000100422d70       0x40 CMakeFiles/Basic_workflow.dir/cygdrive/c/ETAS/RTA-CAR_12.2.0/RTA-CAR/workspace/Basic_Workflow/src/mcal/Can_Device.cpp.o
                0x0000000100422d70                void VirtualDevice::UnpackData<unsigned char>(vrtaAction const&, unsigned char&)
 .text$_ZN13VirtualDevice10UnpackDataIjEEvRK10vrtaActionRT_
                0x0000000100422db0       0x40 CMakeFiles/Basic_workflow.dir/cygdrive/c/ETAS/RTA-CAR_12.2.0/RTA-CAR/workspace/Basic_Workflow/src/mcal/Can_Device.cpp.o
                0x0000000100422db0                void VirtualDevice::UnpackData<unsigned int>(vrtaAction const&, unsigned int&)
 .text$_ZN13VirtualDevice16UnsignedValueForERK10vrtaAction
                0x0000000100422df0       0x20 CMakeFiles/Basic_workflow.dir/cygdrive/c/ETAS/RTA-CAR_12.2.0/RTA-CAR/workspace/Basic_Workflow/src/mcal/Mcu_Device.cpp.o
                0x0000000100422df0                VirtualDevice::UnsignedValueFor(vrtaAction const&)
 .text$_ZN13VirtualDevice6NoDataER10vrtaAction
                0x0000000100422e10       0x30 CMakeFiles/Basic_workflow.dir/cygdrive/c/ETAS/RTA-CAR_12.2.0/RTA-CAR/workspace/Basic_Workflow/src/mcal/Mcu_Device.cpp.o
                0x0000000100422e10                VirtualDevice::NoData(vrtaAction&)
 .text$_ZN13VirtualDevice8PackDataIN19CanControllerDevice11RxEventTypeEEEvR9vrtaEventRT_i
                0x0000000100422e40       0x80 CMakeFiles/Basic_workflow.dir/cygdrive/c/ETAS/RTA-CAR_12.2.0/RTA-CAR/workspace/Basic_Workflow/src/mcal/Can_Device.cpp.o
                0x0000000100422e40                void VirtualDevice::PackData<CanControllerDevice::RxEventType>(vrtaEvent&, CanControllerDevice::RxEventType&, int)
 .text$_ZN13VirtualDevice8PackDataIN19CanControllerDevice11TxEventTypeEEEvR9vrtaEventRT_i
                0x0000000100422ec0       0x80 CMakeFiles/Basic_workflow.dir/cygdrive/c/ETAS/RTA-CAR_12.2.0/RTA-CAR/workspace/Basic_Workflow/src/mcal/Can_Device.cpp.o
                0x0000000100422ec0                void VirtualDevice::PackData<CanControllerDevice::TxEventType>(vrtaEvent&, CanControllerDevice::TxEventType&, int)
 .text$_ZN13VirtualDevice8PackDataIN19CanControllerDevice14WriteEventTypeEEEvR9vrtaEventRT_i
                0x0000000100422f40       0x80 CMakeFiles/Basic_workflow.dir/cygdrive/c/ETAS/RTA-CAR_12.2.0/RTA-CAR/workspace/Basic_Workflow/src/mcal/Can_Device.cpp.o
                0x0000000100422f40                void VirtualDevice::PackData<CanControllerDevice::WriteEventType>(vrtaEvent&, CanControllerDevice::WriteEventType&, int)
 .text$_ZN13VirtualDevice8PackDataIN19CanControllerDevice15CurrentTimeTypeEEEvR9vrtaEventRT_i
                0x0000000100422fc0       0x80 CMakeFiles/Basic_workflow.dir/cygdrive/c/ETAS/RTA-CAR_12.2.0/RTA-CAR/workspace/Basic_Workflow/src/mcal/Can_Device.cpp.o
                0x0000000100422fc0                void VirtualDevice::PackData<CanControllerDevice::CurrentTimeType>(vrtaEvent&, CanControllerDevice::CurrentTimeType&, int)
 .text$_ZN13VirtualDevice8PackDataIN19CanControllerDevice15StatusEventTypeEEEvR9vrtaEventRT_i
                0x0000000100423040       0x80 CMakeFiles/Basic_workflow.dir/cygdrive/c/ETAS/RTA-CAR_12.2.0/RTA-CAR/workspace/Basic_Workflow/src/mcal/Can_Device.cpp.o
                0x0000000100423040                void VirtualDevice::PackData<CanControllerDevice::StatusEventType>(vrtaEvent&, CanControllerDevice::StatusEventType&, int)
 .text$_ZN13VirtualDevice8PackDataIN19CanControllerDevice19EgressTimeStampTypeEEEvR9vrtaEventRT_i
                0x00000001004230c0       0x80 CMakeFiles/Basic_workflow.dir/cygdrive/c/ETAS/RTA-CAR_12.2.0/RTA-CAR/workspace/Basic_Workflow/src/mcal/Can_Device.cpp.o
                0x00000001004230c0                void VirtualDevice::PackData<CanControllerDevice::EgressTimeStampType>(vrtaEvent&, CanControllerDevice::EgressTimeStampType&, int)
 .text$_ZN13VirtualDevice8PackDataIN19CanControllerDevice20IngressTimeStampTypeEEEvR9vrtaEventRT_i
                0x0000000100423140       0x80 CMakeFiles/Basic_workflow.dir/cygdrive/c/ETAS/RTA-CAR_12.2.0/RTA-CAR/workspace/Basic_Workflow/src/mcal/Can_Device.cpp.o
                0x0000000100423140                void VirtualDevice::PackData<CanControllerDevice::IngressTimeStampType>(vrtaEvent&, CanControllerDevice::IngressTimeStampType&, int)
 .text$_ZN13VirtualDevice8PackDataIN19CanControllerDevice25EnableEgressTimeStampTypeEEEvR9vrtaEventRT_i
                0x00000001004231c0       0x80 CMakeFiles/Basic_workflow.dir/cygdrive/c/ETAS/RTA-CAR_12.2.0/RTA-CAR/workspace/Basic_Workflow/src/mcal/Can_Device.cpp.o
                0x00000001004231c0                void VirtualDevice::PackData<CanControllerDevice::EnableEgressTimeStampType>(vrtaEvent&, CanControllerDevice::EnableEgressTimeStampType&, int)
 .text$_ZN13VirtualDevice8PackDataIjEEvR9vrtaEventRT_i
                0x0000000100423240       0x80 CMakeFiles/Basic_workflow.dir/cygdrive/c/ETAS/RTA-CAR_12.2.0/RTA-CAR/workspace/Basic_Workflow/src/mcal/Can_Device.cpp.o
                0x0000000100423240                void VirtualDevice::PackData<unsigned int>(vrtaEvent&, unsigned int&, int)
 .text$_ZN13VirtualDevice8SetValueIhEEvR9vrtaEventT_
                0x00000001004232c0       0x70 CMakeFiles/Basic_workflow.dir/cygdrive/c/ETAS/RTA-CAR_12.2.0/RTA-CAR/workspace/Basic_Workflow/src/mcal/Can_Device.cpp.o
                0x00000001004232c0                void VirtualDevice::SetValue<unsigned char>(vrtaEvent&, unsigned char)
 .text$_ZN13VirtualDevice8SetValueIjEEvR9vrtaEventT_
                0x0000000100423330       0x70 CMakeFiles/Basic_workflow.dir/cygdrive/c/ETAS/RTA-CAR_12.2.0/RTA-CAR/workspace/Basic_Workflow/src/mcal/Mcu_Device.cpp.o
                0x0000000100423330                void VirtualDevice::SetValue<unsigned int>(vrtaEvent&, unsigned int)
 .text$_ZN13VirtualDevice8SetValueItEEvR9vrtaEventT_
                0x00000001004233a0       0x70 CMakeFiles/Basic_workflow.dir/cygdrive/c/ETAS/RTA-CAR_12.2.0/RTA-CAR/workspace/Basic_Workflow/src/mcal/Can_Device.cpp.o
                0x00000001004233a0                void VirtualDevice::SetValue<unsigned short>(vrtaEvent&, unsigned short)
 .text$_ZN13VirtualDevice8StartingEv
                0x0000000100423410       0x10 CMakeFiles/Basic_workflow.dir/cygdrive/c/ETAS/RTA-CAR_12.2.0/RTA-CAR/workspace/Basic_Workflow/src/mcal/Can_Device.cpp.o
                0x0000000100423410                VirtualDevice::Starting()
 .text$_ZN13VirtualDevice8StoppingEv
                0x0000000100423420       0x10 CMakeFiles/Basic_workflow.dir/cygdrive/c/ETAS/RTA-CAR_12.2.0/RTA-CAR/workspace/Basic_Workflow/src/mcal/Can_Device.cpp.o
                0x0000000100423420                VirtualDevice::Stopping()
 .text$_ZN13vrtaUpCounterC1EPcR13vrtaBaseClock
                0x0000000100423430       0x50 CMakeFiles/Basic_workflow.dir/cygdrive/c/ETAS/RTA-CAR_12.2.0/RTA-CAR/workspace/Basic_Workflow/src/vrta/VRTA_SystemClock.cpp.o
                0x0000000100423430                vrtaUpCounter::vrtaUpCounter(char*, vrtaBaseClock&)
 .text$_ZN14Can_HwProviderD2Ev
                0x0000000100423480       0x30 CMakeFiles/Basic_workflow.dir/cygdrive/c/ETAS/RTA-CAR_12.2.0/RTA-CAR/workspace/Basic_Workflow/src/mcal/VirtualCan.cpp.o
                0x0000000100423480                Can_HwProvider::~Can_HwProvider()
 .text$_ZN14vrtaComparable5ValueEv
                0x00000001004234b0       0x20 CMakeFiles/Basic_workflow.dir/cygdrive/c/ETAS/RTA-CAR_12.2.0/RTA-CAR/workspace/Basic_Workflow/src/vrta/VRTA_SystemClock.cpp.o
                0x00000001004234b0                vrtaComparable::Value()
 .text$_ZN15MCAL_HwProviderD2Ev
                0x00000001004234d0       0x20 CMakeFiles/Basic_workflow.dir/cygdrive/c/ETAS/RTA-CAR_12.2.0/RTA-CAR/workspace/Basic_Workflow/src/mcal/VirtualCan.cpp.o
                0x00000001004234d0                MCAL_HwProvider::~MCAL_HwProvider()
 .text$_ZN18Can_HwobjStateType5resetEv
                0x00000001004234f0       0x30 CMakeFiles/Basic_workflow.dir/cygdrive/c/ETAS/RTA-CAR_12.2.0/RTA-CAR/workspace/Basic_Workflow/src/mcal/Can_Implementation.cpp.o
                0x00000001004234f0                Can_HwobjStateType::reset()
 .text$_ZN18Can_HwobjStateTypeC1Ev
                0x0000000100423520       0x90 CMakeFiles/Basic_workflow.dir/cygdrive/c/ETAS/RTA-CAR_12.2.0/RTA-CAR/workspace/Basic_Workflow/src/mcal/Can_Implementation.cpp.o
                0x0000000100423520                Can_HwobjStateType::Can_HwobjStateType()
 .text$_ZN18Can_Virtual_Driver10InitialiseEv
                0x00000001004235b0      0x110 CMakeFiles/Basic_workflow.dir/cygdrive/c/ETAS/RTA-CAR_12.2.0/RTA-CAR/workspace/Basic_Workflow/src/mcal/VirtualCan.cpp.o
                0x00000001004235b0                Can_Virtual_Driver::Initialise()
 .text$_ZN18Can_Virtual_Driver10SetupEventEPi
                0x00000001004236c0       0x60 CMakeFiles/Basic_workflow.dir/cygdrive/c/ETAS/RTA-CAR_12.2.0/RTA-CAR/workspace/Basic_Workflow/src/mcal/VirtualCan.cpp.o
                0x00000001004236c0                Can_Virtual_Driver::SetupEvent(int*)
 .text$_ZN18Can_Virtual_Driver11CurrentTimeEhP17Can_TimeStampTypeh
                0x0000000100423720       0xa0 CMakeFiles/Basic_workflow.dir/cygdrive/c/ETAS/RTA-CAR_12.2.0/RTA-CAR/workspace/Basic_Workflow/src/mcal/VirtualCan.cpp.o
                0x0000000100423720                Can_Virtual_Driver::CurrentTime(unsigned char, Can_TimeStampType*, unsigned char)
 .text$_ZN18Can_Virtual_Driver11ForceBusOffEj
                0x00000001004237c0       0x90 CMakeFiles/Basic_workflow.dir/cygdrive/c/ETAS/RTA-CAR_12.2.0/RTA-CAR/workspace/Basic_Workflow/src/mcal/VirtualCan.cpp.o
                0x00000001004237c0                Can_Virtual_Driver::ForceBusOff(unsigned int)
 .text$_ZN18Can_Virtual_Driver11ForceWakeupEj
                0x0000000100423850       0x90 CMakeFiles/Basic_workflow.dir/cygdrive/c/ETAS/RTA-CAR_12.2.0/RTA-CAR/workspace/Basic_Workflow/src/mcal/VirtualCan.cpp.o
                0x0000000100423850                Can_Virtual_Driver::ForceWakeup(unsigned int)
 .text$_ZN18Can_Virtual_Driver11HandleErrorEP22Can_Virtual_Controller
                0x00000001004238e0      0x1f0 CMakeFiles/Basic_workflow.dir/cygdrive/c/ETAS/RTA-CAR_12.2.0/RTA-CAR/workspace/Basic_Workflow/src/mcal/VirtualCan.cpp.o
                0x00000001004238e0                Can_Virtual_Driver::HandleError(Can_Virtual_Controller*)
 .text$_ZN18Can_Virtual_Driver12DeInitialiseEv
                0x0000000100423ad0       0xb0 CMakeFiles/Basic_workflow.dir/cygdrive/c/ETAS/RTA-CAR_12.2.0/RTA-CAR/workspace/Basic_Workflow/src/mcal/VirtualCan.cpp.o
                0x0000000100423ad0                Can_Virtual_Driver::DeInitialise()
 .text$_ZN18Can_Virtual_Driver12HandleBusOffEP22Can_Virtual_Controller
                0x0000000100423b80       0x50 CMakeFiles/Basic_workflow.dir/cygdrive/c/ETAS/RTA-CAR_12.2.0/RTA-CAR/workspace/Basic_Workflow/src/mcal/VirtualCan.cpp.o
                0x0000000100423b80                Can_Virtual_Driver::HandleBusOff(Can_Virtual_Controller*)
 .text$_ZN18Can_Virtual_Driver12HandleWakeupEP22Can_Virtual_Controller
                0x0000000100423bd0       0x60 CMakeFiles/Basic_workflow.dir/cygdrive/c/ETAS/RTA-CAR_12.2.0/RTA-CAR/workspace/Basic_Workflow/src/mcal/VirtualCan.cpp.o
                0x0000000100423bd0                Can_Virtual_Driver::HandleWakeup(Can_Virtual_Controller*)
 .text$_ZN18Can_Virtual_Driver12ReceiveFrameEP22Can_Virtual_ControllerS1_P13Can_Hwp_Frame
                0x0000000100423c30      0x290 CMakeFiles/Basic_workflow.dir/cygdrive/c/ETAS/RTA-CAR_12.2.0/RTA-CAR/workspace/Basic_Workflow/src/mcal/VirtualCan.cpp.o
                0x0000000100423c30                Can_Virtual_Driver::ReceiveFrame(Can_Virtual_Controller*, Can_Virtual_Controller*, Can_Hwp_Frame*)
 .text$_ZN18Can_Virtual_Driver12WaitForEventEPi
                0x0000000100423ec0      0x1f0 CMakeFiles/Basic_workflow.dir/cygdrive/c/ETAS/RTA-CAR_12.2.0/RTA-CAR/workspace/Basic_Workflow/src/mcal/VirtualCan.cpp.o
                0x0000000100423ec0                Can_Virtual_Driver::WaitForEvent(int*)
 .text$_ZN18Can_Virtual_Driver12WorkerThreadEv
                0x00000001004240b0      0x1b0 CMakeFiles/Basic_workflow.dir/cygdrive/c/ETAS/RTA-CAR_12.2.0/RTA-CAR/workspace/Basic_Workflow/src/mcal/VirtualCan.cpp.o
                0x00000001004240b0                Can_Virtual_Driver::WorkerThread()
 .text$_ZN18Can_Virtual_Driver13AddControllerEjPKcPFvj13Can_Hwp_EventtP13Can_Hwp_FrameEj
                0x0000000100424260       0xb0 CMakeFiles/Basic_workflow.dir/cygdrive/c/ETAS/RTA-CAR_12.2.0/RTA-CAR/workspace/Basic_Workflow/src/mcal/VirtualCan.cpp.o
                0x0000000100424260                Can_Virtual_Driver::AddController(unsigned int, char const*, void (*)(unsigned int, Can_Hwp_Event, unsigned short, Can_Hwp_Frame*), unsigned int)
 .text$_ZN18Can_Virtual_Driver14StopControllerEj
                0x0000000100424310       0x90 CMakeFiles/Basic_workflow.dir/cygdrive/c/ETAS/RTA-CAR_12.2.0/RTA-CAR/workspace/Basic_Workflow/src/mcal/VirtualCan.cpp.o
                0x0000000100424310                Can_Virtual_Driver::StopController(unsigned int)
 .text$_ZN18Can_Virtual_Driver14TransmitFramesEP22Can_Virtual_Controllerj
                0x00000001004243a0      0x240 CMakeFiles/Basic_workflow.dir/cygdrive/c/ETAS/RTA-CAR_12.2.0/RTA-CAR/workspace/Basic_Workflow/src/mcal/VirtualCan.cpp.o
                0x00000001004243a0                Can_Virtual_Driver::TransmitFrames(Can_Virtual_Controller*, unsigned int)
 .text$_ZN18Can_Virtual_Driver15SleepControllerEj